{
  "checks": [
    {
      "name": "complete-pole-product-1-1-1-1-0",
      "passed": true
    },
    {
      "name": "complete-pole-product-1-1-1-1-1",
      "passed": true
    },
    {
      "name": "complete-pole-product-1-1-1-1-2/3",
      "passed": true
    },
    {
      "name": "complete-pole-product-1-1-1-2-0",
      "passed": true
    },
    {
      "name": "complete-pole-product-1-1-1-2-1",
      "passed": true
    },
    {
      "name": "complete-pole-product-1-1-1-2-2/3",
      "passed": true
    },
    {
      "name": "complete-pole-product-1-1-1-3-0",
      "passed": true
    },
    {
      "name": "complete-pole-product-1-1-1-3-1",
      "passed": true
    },
    {
      "name": "complete-pole-product-1-1-1-3-2/3",
      "passed": true
    },
    {
      "name": "complete-pole-product-1-1-2-1-0",
      "passed": true
    },
    {
      "name": "complete-pole-product-1-1-2-1-1",
      "passed": true
    },
    {
      "name": "complete-pole-product-1-1-2-1-2/3",
      "passed": true
    },
    {
      "name": "complete-pole-product-1-1-2-2-0",
      "passed": true
    },
    {
      "name": "complete-pole-product-1-1-2-2-1",
      "passed": true
    },
    {
      "name": "complete-pole-product-1-1-2-2-2/3",
      "passed": true
    },
    {
      "name": "complete-pole-product-1-1-2-3-0",
      "passed": true
    },
    {
      "name": "complete-pole-product-1-1-2-3-1",
      "passed": true
    },
    {
      "name": "complete-pole-product-1-1-2-3-2/3",
      "passed": true
    },
    {
      "name": "complete-pole-product-1-1-3-1-0",
      "passed": true
    },
    {
      "name": "complete-pole-product-1-1-3-1-1",
      "passed": true
    },
    {
      "name": "complete-pole-product-1-1-3-1-2/3",
      "passed": true
    },
    {
      "name": "complete-pole-product-1-1-3-2-0",
      "passed": true
    },
    {
      "name": "complete-pole-product-1-1-3-2-1",
      "passed": true
    },
    {
      "name": "complete-pole-product-1-1-3-2-2/3",
      "passed": true
    },
    {
      "name": "complete-pole-product-1-1-3-3-0",
      "passed": true
    },
    {
      "name": "complete-pole-product-1-1-3-3-1",
      "passed": true
    },
    {
      "name": "complete-pole-product-1-1-3-3-2/3",
      "passed": true
    },
    {
      "name": "complete-pole-product-1-3/2-1-1-0",
      "passed": true
    },
    {
      "name": "complete-pole-product-1-3/2-1-1-1",
      "passed": true
    },
    {
      "name": "complete-pole-product-1-3/2-1-1-2/3",
      "passed": true
    },
    {
      "name": "complete-pole-product-1-3/2-1-2-0",
      "passed": true
    },
    {
      "name": "complete-pole-product-1-3/2-1-2-1",
      "passed": true
    },
    {
      "name": "complete-pole-product-1-3/2-1-2-2/3",
      "passed": true
    },
    {
      "name": "complete-pole-product-1-3/2-1-3-0",
      "passed": true
    },
    {
      "name": "complete-pole-product-1-3/2-1-3-1",
      "passed": true
    },
    {
      "name": "complete-pole-product-1-3/2-1-3-2/3",
      "passed": true
    },
    {
      "name": "complete-pole-product-1-3/2-2-1-0",
      "passed": true
    },
    {
      "name": "complete-pole-product-1-3/2-2-1-1",
      "passed": true
    },
    {
      "name": "complete-pole-product-1-3/2-2-1-2/3",
      "passed": true
    },
    {
      "name": "complete-pole-product-1-3/2-2-2-0",
      "passed": true
    },
    {
      "name": "complete-pole-product-1-3/2-2-2-1",
      "passed": true
    },
    {
      "name": "complete-pole-product-1-3/2-2-2-2/3",
      "passed": true
    },
    {
      "name": "complete-pole-product-1-3/2-2-3-0",
      "passed": true
    },
    {
      "name": "complete-pole-product-1-3/2-2-3-1",
      "passed": true
    },
    {
      "name": "complete-pole-product-1-3/2-2-3-2/3",
      "passed": true
    },
    {
      "name": "complete-pole-product-1-3/2-3-1-0",
      "passed": true
    },
    {
      "name": "complete-pole-product-1-3/2-3-1-1",
      "passed": true
    },
    {
      "name": "complete-pole-product-1-3/2-3-1-2/3",
      "passed": true
    },
    {
      "name": "complete-pole-product-1-3/2-3-2-0",
      "passed": true
    },
    {
      "name": "complete-pole-product-1-3/2-3-2-1",
      "passed": true
    },
    {
      "name": "complete-pole-product-1-3/2-3-2-2/3",
      "passed": true
    },
    {
      "name": "complete-pole-product-1-3/2-3-3-0",
      "passed": true
    },
    {
      "name": "complete-pole-product-1-3/2-3-3-1",
      "passed": true
    },
    {
      "name": "complete-pole-product-1-3/2-3-3-2/3",
      "passed": true
    },
    {
      "name": "complete-pole-product-1-3-1-1-0",
      "passed": true
    },
    {
      "name": "complete-pole-product-1-3-1-1-1",
      "passed": true
    },
    {
      "name": "complete-pole-product-1-3-1-1-2/3",
      "passed": true
    },
    {
      "name": "complete-pole-product-1-3-1-2-0",
      "passed": true
    },
    {
      "name": "complete-pole-product-1-3-1-2-1",
      "passed": true
    },
    {
      "name": "complete-pole-product-1-3-1-2-2/3",
      "passed": true
    },
    {
      "name": "complete-pole-product-1-3-1-3-0",
      "passed": true
    },
    {
      "name": "complete-pole-product-1-3-1-3-1",
      "passed": true
    },
    {
      "name": "complete-pole-product-1-3-1-3-2/3",
      "passed": true
    },
    {
      "name": "complete-pole-product-1-3-2-1-0",
      "passed": true
    },
    {
      "name": "complete-pole-product-1-3-2-1-1",
      "passed": true
    },
    {
      "name": "complete-pole-product-1-3-2-1-2/3",
      "passed": true
    },
    {
      "name": "complete-pole-product-1-3-2-2-0",
      "passed": true
    },
    {
      "name": "complete-pole-product-1-3-2-2-1",
      "passed": true
    },
    {
      "name": "complete-pole-product-1-3-2-2-2/3",
      "passed": true
    },
    {
      "name": "complete-pole-product-1-3-2-3-0",
      "passed": true
    },
    {
      "name": "complete-pole-product-1-3-2-3-1",
      "passed": true
    },
    {
      "name": "complete-pole-product-1-3-2-3-2/3",
      "passed": true
    },
    {
      "name": "complete-pole-product-1-3-3-1-0",
      "passed": true
    },
    {
      "name": "complete-pole-product-1-3-3-1-1",
      "passed": true
    },
    {
      "name": "complete-pole-product-1-3-3-1-2/3",
      "passed": true
    },
    {
      "name": "complete-pole-product-1-3-3-2-0",
      "passed": true
    },
    {
      "name": "complete-pole-product-1-3-3-2-1",
      "passed": true
    },
    {
      "name": "complete-pole-product-1-3-3-2-2/3",
      "passed": true
    },
    {
      "name": "complete-pole-product-1-3-3-3-0",
      "passed": true
    },
    {
      "name": "complete-pole-product-1-3-3-3-1",
      "passed": true
    },
    {
      "name": "complete-pole-product-1-3-3-3-2/3",
      "passed": true
    },
    {
      "name": "complete-pole-product-3/2-1-1-1-0",
      "passed": true
    },
    {
      "name": "complete-pole-product-3/2-1-1-1-1",
      "passed": true
    },
    {
      "name": "complete-pole-product-3/2-1-1-1-2/3",
      "passed": true
    },
    {
      "name": "complete-pole-product-3/2-1-1-2-0",
      "passed": true
    },
    {
      "name": "complete-pole-product-3/2-1-1-2-1",
      "passed": true
    },
    {
      "name": "complete-pole-product-3/2-1-1-2-2/3",
      "passed": true
    },
    {
      "name": "complete-pole-product-3/2-1-1-3-0",
      "passed": true
    },
    {
      "name": "complete-pole-product-3/2-1-1-3-1",
      "passed": true
    },
    {
      "name": "complete-pole-product-3/2-1-1-3-2/3",
      "passed": true
    },
    {
      "name": "complete-pole-product-3/2-1-2-1-0",
      "passed": true
    },
    {
      "name": "complete-pole-product-3/2-1-2-1-1",
      "passed": true
    },
    {
      "name": "complete-pole-product-3/2-1-2-1-2/3",
      "passed": true
    },
    {
      "name": "complete-pole-product-3/2-1-2-2-0",
      "passed": true
    },
    {
      "name": "complete-pole-product-3/2-1-2-2-1",
      "passed": true
    },
    {
      "name": "complete-pole-product-3/2-1-2-2-2/3",
      "passed": true
    },
    {
      "name": "complete-pole-product-3/2-1-2-3-0",
      "passed": true
    },
    {
      "name": "complete-pole-product-3/2-1-2-3-1",
      "passed": true
    },
    {
      "name": "complete-pole-product-3/2-1-2-3-2/3",
      "passed": true
    },
    {
      "name": "complete-pole-product-3/2-1-3-1-0",
      "passed": true
    },
    {
      "name": "complete-pole-product-3/2-1-3-1-1",
      "passed": true
    },
    {
      "name": "complete-pole-product-3/2-1-3-1-2/3",
      "passed": true
    },
    {
      "name": "complete-pole-product-3/2-1-3-2-0",
      "passed": true
    },
    {
      "name": "complete-pole-product-3/2-1-3-2-1",
      "passed": true
    },
    {
      "name": "complete-pole-product-3/2-1-3-2-2/3",
      "passed": true
    },
    {
      "name": "complete-pole-product-3/2-1-3-3-0",
      "passed": true
    },
    {
      "name": "complete-pole-product-3/2-1-3-3-1",
      "passed": true
    },
    {
      "name": "complete-pole-product-3/2-1-3-3-2/3",
      "passed": true
    },
    {
      "name": "complete-pole-product-3/2-3/2-1-1-0",
      "passed": true
    },
    {
      "name": "complete-pole-product-3/2-3/2-1-1-1",
      "passed": true
    },
    {
      "name": "complete-pole-product-3/2-3/2-1-1-2/3",
      "passed": true
    },
    {
      "name": "complete-pole-product-3/2-3/2-1-2-0",
      "passed": true
    },
    {
      "name": "complete-pole-product-3/2-3/2-1-2-1",
      "passed": true
    },
    {
      "name": "complete-pole-product-3/2-3/2-1-2-2/3",
      "passed": true
    },
    {
      "name": "complete-pole-product-3/2-3/2-1-3-0",
      "passed": true
    },
    {
      "name": "complete-pole-product-3/2-3/2-1-3-1",
      "passed": true
    },
    {
      "name": "complete-pole-product-3/2-3/2-1-3-2/3",
      "passed": true
    },
    {
      "name": "complete-pole-product-3/2-3/2-2-1-0",
      "passed": true
    },
    {
      "name": "complete-pole-product-3/2-3/2-2-1-1",
      "passed": true
    },
    {
      "name": "complete-pole-product-3/2-3/2-2-1-2/3",
      "passed": true
    },
    {
      "name": "complete-pole-product-3/2-3/2-2-2-0",
      "passed": true
    },
    {
      "name": "complete-pole-product-3/2-3/2-2-2-1",
      "passed": true
    },
    {
      "name": "complete-pole-product-3/2-3/2-2-2-2/3",
      "passed": true
    },
    {
      "name": "complete-pole-product-3/2-3/2-2-3-0",
      "passed": true
    },
    {
      "name": "complete-pole-product-3/2-3/2-2-3-1",
      "passed": true
    },
    {
      "name": "complete-pole-product-3/2-3/2-2-3-2/3",
      "passed": true
    },
    {
      "name": "complete-pole-product-3/2-3/2-3-1-0",
      "passed": true
    },
    {
      "name": "complete-pole-product-3/2-3/2-3-1-1",
      "passed": true
    },
    {
      "name": "complete-pole-product-3/2-3/2-3-1-2/3",
      "passed": true
    },
    {
      "name": "complete-pole-product-3/2-3/2-3-2-0",
      "passed": true
    },
    {
      "name": "complete-pole-product-3/2-3/2-3-2-1",
      "passed": true
    },
    {
      "name": "complete-pole-product-3/2-3/2-3-2-2/3",
      "passed": true
    },
    {
      "name": "complete-pole-product-3/2-3/2-3-3-0",
      "passed": true
    },
    {
      "name": "complete-pole-product-3/2-3/2-3-3-1",
      "passed": true
    },
    {
      "name": "complete-pole-product-3/2-3/2-3-3-2/3",
      "passed": true
    },
    {
      "name": "complete-pole-product-3/2-3-1-1-0",
      "passed": true
    },
    {
      "name": "complete-pole-product-3/2-3-1-1-1",
      "passed": true
    },
    {
      "name": "complete-pole-product-3/2-3-1-1-2/3",
      "passed": true
    },
    {
      "name": "complete-pole-product-3/2-3-1-2-0",
      "passed": true
    },
    {
      "name": "complete-pole-product-3/2-3-1-2-1",
      "passed": true
    },
    {
      "name": "complete-pole-product-3/2-3-1-2-2/3",
      "passed": true
    },
    {
      "name": "complete-pole-product-3/2-3-1-3-0",
      "passed": true
    },
    {
      "name": "complete-pole-product-3/2-3-1-3-1",
      "passed": true
    },
    {
      "name": "complete-pole-product-3/2-3-1-3-2/3",
      "passed": true
    },
    {
      "name": "complete-pole-product-3/2-3-2-1-0",
      "passed": true
    },
    {
      "name": "complete-pole-product-3/2-3-2-1-1",
      "passed": true
    },
    {
      "name": "complete-pole-product-3/2-3-2-1-2/3",
      "passed": true
    },
    {
      "name": "complete-pole-product-3/2-3-2-2-0",
      "passed": true
    },
    {
      "name": "complete-pole-product-3/2-3-2-2-1",
      "passed": true
    },
    {
      "name": "complete-pole-product-3/2-3-2-2-2/3",
      "passed": true
    },
    {
      "name": "complete-pole-product-3/2-3-2-3-0",
      "passed": true
    },
    {
      "name": "complete-pole-product-3/2-3-2-3-1",
      "passed": true
    },
    {
      "name": "complete-pole-product-3/2-3-2-3-2/3",
      "passed": true
    },
    {
      "name": "complete-pole-product-3/2-3-3-1-0",
      "passed": true
    },
    {
      "name": "complete-pole-product-3/2-3-3-1-1",
      "passed": true
    },
    {
      "name": "complete-pole-product-3/2-3-3-1-2/3",
      "passed": true
    },
    {
      "name": "complete-pole-product-3/2-3-3-2-0",
      "passed": true
    },
    {
      "name": "complete-pole-product-3/2-3-3-2-1",
      "passed": true
    },
    {
      "name": "complete-pole-product-3/2-3-3-2-2/3",
      "passed": true
    },
    {
      "name": "complete-pole-product-3/2-3-3-3-0",
      "passed": true
    },
    {
      "name": "complete-pole-product-3/2-3-3-3-1",
      "passed": true
    },
    {
      "name": "complete-pole-product-3/2-3-3-3-2/3",
      "passed": true
    },
    {
      "name": "complete-pole-product-3-1-1-1-0",
      "passed": true
    },
    {
      "name": "complete-pole-product-3-1-1-1-1",
      "passed": true
    },
    {
      "name": "complete-pole-product-3-1-1-1-2/3",
      "passed": true
    },
    {
      "name": "complete-pole-product-3-1-1-2-0",
      "passed": true
    },
    {
      "name": "complete-pole-product-3-1-1-2-1",
      "passed": true
    },
    {
      "name": "complete-pole-product-3-1-1-2-2/3",
      "passed": true
    },
    {
      "name": "complete-pole-product-3-1-1-3-0",
      "passed": true
    },
    {
      "name": "complete-pole-product-3-1-1-3-1",
      "passed": true
    },
    {
      "name": "complete-pole-product-3-1-1-3-2/3",
      "passed": true
    },
    {
      "name": "complete-pole-product-3-1-2-1-0",
      "passed": true
    },
    {
      "name": "complete-pole-product-3-1-2-1-1",
      "passed": true
    },
    {
      "name": "complete-pole-product-3-1-2-1-2/3",
      "passed": true
    },
    {
      "name": "complete-pole-product-3-1-2-2-0",
      "passed": true
    },
    {
      "name": "complete-pole-product-3-1-2-2-1",
      "passed": true
    },
    {
      "name": "complete-pole-product-3-1-2-2-2/3",
      "passed": true
    },
    {
      "name": "complete-pole-product-3-1-2-3-0",
      "passed": true
    },
    {
      "name": "complete-pole-product-3-1-2-3-1",
      "passed": true
    },
    {
      "name": "complete-pole-product-3-1-2-3-2/3",
      "passed": true
    },
    {
      "name": "complete-pole-product-3-1-3-1-0",
      "passed": true
    },
    {
      "name": "complete-pole-product-3-1-3-1-1",
      "passed": true
    },
    {
      "name": "complete-pole-product-3-1-3-1-2/3",
      "passed": true
    },
    {
      "name": "complete-pole-product-3-1-3-2-0",
      "passed": true
    },
    {
      "name": "complete-pole-product-3-1-3-2-1",
      "passed": true
    },
    {
      "name": "complete-pole-product-3-1-3-2-2/3",
      "passed": true
    },
    {
      "name": "complete-pole-product-3-1-3-3-0",
      "passed": true
    },
    {
      "name": "complete-pole-product-3-1-3-3-1",
      "passed": true
    },
    {
      "name": "complete-pole-product-3-1-3-3-2/3",
      "passed": true
    },
    {
      "name": "complete-pole-product-3-3/2-1-1-0",
      "passed": true
    },
    {
      "name": "complete-pole-product-3-3/2-1-1-1",
      "passed": true
    },
    {
      "name": "complete-pole-product-3-3/2-1-1-2/3",
      "passed": true
    },
    {
      "name": "complete-pole-product-3-3/2-1-2-0",
      "passed": true
    },
    {
      "name": "complete-pole-product-3-3/2-1-2-1",
      "passed": true
    },
    {
      "name": "complete-pole-product-3-3/2-1-2-2/3",
      "passed": true
    },
    {
      "name": "complete-pole-product-3-3/2-1-3-0",
      "passed": true
    },
    {
      "name": "complete-pole-product-3-3/2-1-3-1",
      "passed": true
    },
    {
      "name": "complete-pole-product-3-3/2-1-3-2/3",
      "passed": true
    },
    {
      "name": "complete-pole-product-3-3/2-2-1-0",
      "passed": true
    },
    {
      "name": "complete-pole-product-3-3/2-2-1-1",
      "passed": true
    },
    {
      "name": "complete-pole-product-3-3/2-2-1-2/3",
      "passed": true
    },
    {
      "name": "complete-pole-product-3-3/2-2-2-0",
      "passed": true
    },
    {
      "name": "complete-pole-product-3-3/2-2-2-1",
      "passed": true
    },
    {
      "name": "complete-pole-product-3-3/2-2-2-2/3",
      "passed": true
    },
    {
      "name": "complete-pole-product-3-3/2-2-3-0",
      "passed": true
    },
    {
      "name": "complete-pole-product-3-3/2-2-3-1",
      "passed": true
    },
    {
      "name": "complete-pole-product-3-3/2-2-3-2/3",
      "passed": true
    },
    {
      "name": "complete-pole-product-3-3/2-3-1-0",
      "passed": true
    },
    {
      "name": "complete-pole-product-3-3/2-3-1-1",
      "passed": true
    },
    {
      "name": "complete-pole-product-3-3/2-3-1-2/3",
      "passed": true
    },
    {
      "name": "complete-pole-product-3-3/2-3-2-0",
      "passed": true
    },
    {
      "name": "complete-pole-product-3-3/2-3-2-1",
      "passed": true
    },
    {
      "name": "complete-pole-product-3-3/2-3-2-2/3",
      "passed": true
    },
    {
      "name": "complete-pole-product-3-3/2-3-3-0",
      "passed": true
    },
    {
      "name": "complete-pole-product-3-3/2-3-3-1",
      "passed": true
    },
    {
      "name": "complete-pole-product-3-3/2-3-3-2/3",
      "passed": true
    },
    {
      "name": "complete-pole-product-3-3-1-1-0",
      "passed": true
    },
    {
      "name": "complete-pole-product-3-3-1-1-1",
      "passed": true
    },
    {
      "name": "complete-pole-product-3-3-1-1-2/3",
      "passed": true
    },
    {
      "name": "complete-pole-product-3-3-1-2-0",
      "passed": true
    },
    {
      "name": "complete-pole-product-3-3-1-2-1",
      "passed": true
    },
    {
      "name": "complete-pole-product-3-3-1-2-2/3",
      "passed": true
    },
    {
      "name": "complete-pole-product-3-3-1-3-0",
      "passed": true
    },
    {
      "name": "complete-pole-product-3-3-1-3-1",
      "passed": true
    },
    {
      "name": "complete-pole-product-3-3-1-3-2/3",
      "passed": true
    },
    {
      "name": "complete-pole-product-3-3-2-1-0",
      "passed": true
    },
    {
      "name": "complete-pole-product-3-3-2-1-1",
      "passed": true
    },
    {
      "name": "complete-pole-product-3-3-2-1-2/3",
      "passed": true
    },
    {
      "name": "complete-pole-product-3-3-2-2-0",
      "passed": true
    },
    {
      "name": "complete-pole-product-3-3-2-2-1",
      "passed": true
    },
    {
      "name": "complete-pole-product-3-3-2-2-2/3",
      "passed": true
    },
    {
      "name": "complete-pole-product-3-3-2-3-0",
      "passed": true
    },
    {
      "name": "complete-pole-product-3-3-2-3-1",
      "passed": true
    },
    {
      "name": "complete-pole-product-3-3-2-3-2/3",
      "passed": true
    },
    {
      "name": "complete-pole-product-3-3-3-1-0",
      "passed": true
    },
    {
      "name": "complete-pole-product-3-3-3-1-1",
      "passed": true
    },
    {
      "name": "complete-pole-product-3-3-3-1-2/3",
      "passed": true
    },
    {
      "name": "complete-pole-product-3-3-3-2-0",
      "passed": true
    },
    {
      "name": "complete-pole-product-3-3-3-2-1",
      "passed": true
    },
    {
      "name": "complete-pole-product-3-3-3-2-2/3",
      "passed": true
    },
    {
      "name": "complete-pole-product-3-3-3-3-0",
      "passed": true
    },
    {
      "name": "complete-pole-product-3-3-3-3-1",
      "passed": true
    },
    {
      "name": "complete-pole-product-3-3-3-3-2/3",
      "passed": true
    },
    {
      "name": "rational-exponential-0",
      "passed": true
    },
    {
      "name": "rational-exponential-1",
      "passed": true
    },
    {
      "name": "rational-exponential-3/2",
      "passed": true
    },
    {
      "name": "rational-exponential-3",
      "passed": true
    },
    {
      "name": "rational-exponential-7/2",
      "passed": true
    },
    {
      "name": "rational-exponential-49/50",
      "passed": true
    },
    {
      "name": "rational-exponential-303/50",
      "passed": true
    },
    {
      "name": "rational-exponential-27",
      "passed": true
    },
    {
      "name": "heat-energy-prefactor",
      "passed": true
    },
    {
      "name": "complete-feedback-decay",
      "passed": true
    },
    {
      "name": "whole-band-projection",
      "passed": true
    },
    {
      "name": "whole-band-inverse",
      "passed": true
    },
    {
      "name": "whole-band-remainder",
      "passed": true
    },
    {
      "name": "original-Mathieu-coefficient-2",
      "passed": true
    },
    {
      "name": "original-Mathieu-coefficient-4",
      "passed": true
    },
    {
      "name": "original-Mathieu-coefficient-6",
      "passed": true
    },
    {
      "name": "original-Mathieu-coefficient-8",
      "passed": true
    },
    {
      "name": "all-original-cases",
      "passed": true
    },
    {
      "name": "all-marked-responses",
      "passed": true
    },
    {
      "name": "source-degree-0",
      "passed": true
    },
    {
      "name": "whole-marked-family-0",
      "passed": true
    },
    {
      "name": "source-multiplicity-0-0-0",
      "passed": true
    },
    {
      "name": "entire-integral-0-0-0",
      "passed": true
    },
    {
      "name": "entire-time-zero-0-0-0",
      "passed": true
    },
    {
      "name": "entire-first-derivative-0-0-0",
      "passed": true
    },
    {
      "name": "entire-second-derivative-0-0-0",
      "passed": true
    },
    {
      "name": "source-degree-1",
      "passed": true
    },
    {
      "name": "whole-marked-family-1",
      "passed": true
    },
    {
      "name": "source-multiplicity-1-0-0",
      "passed": true
    },
    {
      "name": "entire-integral-1-0-0",
      "passed": true
    },
    {
      "name": "entire-time-zero-1-0-0",
      "passed": true
    },
    {
      "name": "entire-first-derivative-1-0-0",
      "passed": true
    },
    {
      "name": "entire-second-derivative-1-0-0",
      "passed": true
    },
    {
      "name": "source-degree-2",
      "passed": true
    },
    {
      "name": "whole-marked-family-2",
      "passed": true
    },
    {
      "name": "source-multiplicity-2-0-0",
      "passed": true
    },
    {
      "name": "entire-integral-2-0-0",
      "passed": true
    },
    {
      "name": "entire-time-zero-2-0-0",
      "passed": true
    },
    {
      "name": "entire-first-derivative-2-0-0",
      "passed": true
    },
    {
      "name": "entire-second-derivative-2-0-0",
      "passed": true
    },
    {
      "name": "source-multiplicity-2-0-1",
      "passed": true
    },
    {
      "name": "entire-integral-2-0-1",
      "passed": true
    },
    {
      "name": "entire-time-zero-2-0-1",
      "passed": true
    },
    {
      "name": "entire-first-derivative-2-0-1",
      "passed": true
    },
    {
      "name": "entire-second-derivative-2-0-1",
      "passed": true
    },
    {
      "name": "source-multiplicity-2-1-1",
      "passed": true
    },
    {
      "name": "entire-integral-2-1-1",
      "passed": true
    },
    {
      "name": "entire-time-zero-2-1-1",
      "passed": true
    },
    {
      "name": "entire-first-derivative-2-1-1",
      "passed": true
    },
    {
      "name": "entire-second-derivative-2-1-1",
      "passed": true
    },
    {
      "name": "source-degree-3",
      "passed": true
    },
    {
      "name": "whole-marked-family-3",
      "passed": true
    },
    {
      "name": "source-multiplicity-3-0-0",
      "passed": true
    },
    {
      "name": "entire-integral-3-0-0",
      "passed": true
    },
    {
      "name": "entire-time-zero-3-0-0",
      "passed": true
    },
    {
      "name": "entire-first-derivative-3-0-0",
      "passed": true
    },
    {
      "name": "entire-second-derivative-3-0-0",
      "passed": true
    },
    {
      "name": "source-multiplicity-3-0-1",
      "passed": true
    },
    {
      "name": "entire-integral-3-0-1",
      "passed": true
    },
    {
      "name": "entire-time-zero-3-0-1",
      "passed": true
    },
    {
      "name": "entire-first-derivative-3-0-1",
      "passed": true
    },
    {
      "name": "entire-second-derivative-3-0-1",
      "passed": true
    },
    {
      "name": "source-multiplicity-3-1-1",
      "passed": true
    },
    {
      "name": "entire-integral-3-1-1",
      "passed": true
    },
    {
      "name": "entire-time-zero-3-1-1",
      "passed": true
    },
    {
      "name": "entire-first-derivative-3-1-1",
      "passed": true
    },
    {
      "name": "entire-second-derivative-3-1-1",
      "passed": true
    },
    {
      "name": "source-degree-4",
      "passed": true
    },
    {
      "name": "whole-marked-family-4",
      "passed": true
    },
    {
      "name": "source-multiplicity-4-0-0",
      "passed": true
    },
    {
      "name": "entire-integral-4-0-0",
      "passed": true
    },
    {
      "name": "entire-time-zero-4-0-0",
      "passed": true
    },
    {
      "name": "entire-first-derivative-4-0-0",
      "passed": true
    },
    {
      "name": "entire-second-derivative-4-0-0",
      "passed": true
    },
    {
      "name": "source-degree-5",
      "passed": true
    },
    {
      "name": "whole-marked-family-5",
      "passed": true
    },
    {
      "name": "source-multiplicity-5-0-0",
      "passed": true
    },
    {
      "name": "entire-integral-5-0-0",
      "passed": true
    },
    {
      "name": "entire-time-zero-5-0-0",
      "passed": true
    },
    {
      "name": "entire-first-derivative-5-0-0",
      "passed": true
    },
    {
      "name": "entire-second-derivative-5-0-0",
      "passed": true
    },
    {
      "name": "source-multiplicity-5-0-1",
      "passed": true
    },
    {
      "name": "entire-integral-5-0-1",
      "passed": true
    },
    {
      "name": "entire-time-zero-5-0-1",
      "passed": true
    },
    {
      "name": "entire-first-derivative-5-0-1",
      "passed": true
    },
    {
      "name": "entire-second-derivative-5-0-1",
      "passed": true
    },
    {
      "name": "source-multiplicity-5-1-1",
      "passed": true
    },
    {
      "name": "entire-integral-5-1-1",
      "passed": true
    },
    {
      "name": "entire-time-zero-5-1-1",
      "passed": true
    },
    {
      "name": "entire-first-derivative-5-1-1",
      "passed": true
    },
    {
      "name": "entire-second-derivative-5-1-1",
      "passed": true
    },
    {
      "name": "source-degree-6",
      "passed": true
    },
    {
      "name": "whole-marked-family-6",
      "passed": true
    },
    {
      "name": "source-multiplicity-6-0-0",
      "passed": true
    },
    {
      "name": "entire-integral-6-0-0",
      "passed": true
    },
    {
      "name": "entire-time-zero-6-0-0",
      "passed": true
    },
    {
      "name": "entire-first-derivative-6-0-0",
      "passed": true
    },
    {
      "name": "entire-second-derivative-6-0-0",
      "passed": true
    },
    {
      "name": "source-multiplicity-6-0-1",
      "passed": true
    },
    {
      "name": "entire-integral-6-0-1",
      "passed": true
    },
    {
      "name": "entire-time-zero-6-0-1",
      "passed": true
    },
    {
      "name": "entire-first-derivative-6-0-1",
      "passed": true
    },
    {
      "name": "entire-second-derivative-6-0-1",
      "passed": true
    },
    {
      "name": "source-multiplicity-6-1-1",
      "passed": true
    },
    {
      "name": "entire-integral-6-1-1",
      "passed": true
    },
    {
      "name": "entire-time-zero-6-1-1",
      "passed": true
    },
    {
      "name": "entire-first-derivative-6-1-1",
      "passed": true
    },
    {
      "name": "entire-second-derivative-6-1-1",
      "passed": true
    },
    {
      "name": "source-degree-7",
      "passed": true
    },
    {
      "name": "whole-marked-family-7",
      "passed": true
    },
    {
      "name": "source-multiplicity-7-0-0",
      "passed": true
    },
    {
      "name": "entire-integral-7-0-0",
      "passed": true
    },
    {
      "name": "entire-time-zero-7-0-0",
      "passed": true
    },
    {
      "name": "entire-first-derivative-7-0-0",
      "passed": true
    },
    {
      "name": "entire-second-derivative-7-0-0",
      "passed": true
    },
    {
      "name": "source-multiplicity-7-0-1",
      "passed": true
    },
    {
      "name": "entire-integral-7-0-1",
      "passed": true
    },
    {
      "name": "entire-time-zero-7-0-1",
      "passed": true
    },
    {
      "name": "entire-first-derivative-7-0-1",
      "passed": true
    },
    {
      "name": "entire-second-derivative-7-0-1",
      "passed": true
    },
    {
      "name": "source-multiplicity-7-0-2",
      "passed": true
    },
    {
      "name": "entire-integral-7-0-2",
      "passed": true
    },
    {
      "name": "entire-time-zero-7-0-2",
      "passed": true
    },
    {
      "name": "entire-first-derivative-7-0-2",
      "passed": true
    },
    {
      "name": "entire-second-derivative-7-0-2",
      "passed": true
    },
    {
      "name": "source-multiplicity-7-1-1",
      "passed": true
    },
    {
      "name": "entire-integral-7-1-1",
      "passed": true
    },
    {
      "name": "entire-time-zero-7-1-1",
      "passed": true
    },
    {
      "name": "entire-first-derivative-7-1-1",
      "passed": true
    },
    {
      "name": "entire-second-derivative-7-1-1",
      "passed": true
    },
    {
      "name": "source-multiplicity-7-1-2",
      "passed": true
    },
    {
      "name": "entire-integral-7-1-2",
      "passed": true
    },
    {
      "name": "entire-time-zero-7-1-2",
      "passed": true
    },
    {
      "name": "entire-first-derivative-7-1-2",
      "passed": true
    },
    {
      "name": "entire-second-derivative-7-1-2",
      "passed": true
    },
    {
      "name": "source-multiplicity-7-2-2",
      "passed": true
    },
    {
      "name": "entire-integral-7-2-2",
      "passed": true
    },
    {
      "name": "entire-time-zero-7-2-2",
      "passed": true
    },
    {
      "name": "entire-first-derivative-7-2-2",
      "passed": true
    },
    {
      "name": "entire-second-derivative-7-2-2",
      "passed": true
    },
    {
      "name": "source-degree-8",
      "passed": true
    },
    {
      "name": "whole-marked-family-8",
      "passed": true
    },
    {
      "name": "source-multiplicity-8-0-0",
      "passed": true
    },
    {
      "name": "entire-integral-8-0-0",
      "passed": true
    },
    {
      "name": "entire-time-zero-8-0-0",
      "passed": true
    },
    {
      "name": "entire-first-derivative-8-0-0",
      "passed": true
    },
    {
      "name": "entire-second-derivative-8-0-0",
      "passed": true
    },
    {
      "name": "source-multiplicity-8-0-1",
      "passed": true
    },
    {
      "name": "entire-integral-8-0-1",
      "passed": true
    },
    {
      "name": "entire-time-zero-8-0-1",
      "passed": true
    },
    {
      "name": "entire-first-derivative-8-0-1",
      "passed": true
    },
    {
      "name": "entire-second-derivative-8-0-1",
      "passed": true
    },
    {
      "name": "source-multiplicity-8-0-2",
      "passed": true
    },
    {
      "name": "entire-integral-8-0-2",
      "passed": true
    },
    {
      "name": "entire-time-zero-8-0-2",
      "passed": true
    },
    {
      "name": "entire-first-derivative-8-0-2",
      "passed": true
    },
    {
      "name": "entire-second-derivative-8-0-2",
      "passed": true
    },
    {
      "name": "source-multiplicity-8-1-1",
      "passed": true
    },
    {
      "name": "entire-integral-8-1-1",
      "passed": true
    },
    {
      "name": "entire-time-zero-8-1-1",
      "passed": true
    },
    {
      "name": "entire-first-derivative-8-1-1",
      "passed": true
    },
    {
      "name": "entire-second-derivative-8-1-1",
      "passed": true
    },
    {
      "name": "source-multiplicity-8-1-2",
      "passed": true
    },
    {
      "name": "entire-integral-8-1-2",
      "passed": true
    },
    {
      "name": "entire-time-zero-8-1-2",
      "passed": true
    },
    {
      "name": "entire-first-derivative-8-1-2",
      "passed": true
    },
    {
      "name": "entire-second-derivative-8-1-2",
      "passed": true
    },
    {
      "name": "source-multiplicity-8-2-2",
      "passed": true
    },
    {
      "name": "entire-integral-8-2-2",
      "passed": true
    },
    {
      "name": "entire-time-zero-8-2-2",
      "passed": true
    },
    {
      "name": "entire-first-derivative-8-2-2",
      "passed": true
    },
    {
      "name": "entire-second-derivative-8-2-2",
      "passed": true
    },
    {
      "name": "source-degree-9",
      "passed": true
    },
    {
      "name": "whole-marked-family-9",
      "passed": true
    },
    {
      "name": "source-multiplicity-9-0-0",
      "passed": true
    },
    {
      "name": "entire-integral-9-0-0",
      "passed": true
    },
    {
      "name": "entire-time-zero-9-0-0",
      "passed": true
    },
    {
      "name": "entire-first-derivative-9-0-0",
      "passed": true
    },
    {
      "name": "entire-second-derivative-9-0-0",
      "passed": true
    },
    {
      "name": "source-multiplicity-9-0-1",
      "passed": true
    },
    {
      "name": "entire-integral-9-0-1",
      "passed": true
    },
    {
      "name": "entire-time-zero-9-0-1",
      "passed": true
    },
    {
      "name": "entire-first-derivative-9-0-1",
      "passed": true
    },
    {
      "name": "entire-second-derivative-9-0-1",
      "passed": true
    },
    {
      "name": "source-multiplicity-9-0-2",
      "passed": true
    },
    {
      "name": "entire-integral-9-0-2",
      "passed": true
    },
    {
      "name": "entire-time-zero-9-0-2",
      "passed": true
    },
    {
      "name": "entire-first-derivative-9-0-2",
      "passed": true
    },
    {
      "name": "entire-second-derivative-9-0-2",
      "passed": true
    },
    {
      "name": "source-multiplicity-9-1-1",
      "passed": true
    },
    {
      "name": "entire-integral-9-1-1",
      "passed": true
    },
    {
      "name": "entire-time-zero-9-1-1",
      "passed": true
    },
    {
      "name": "entire-first-derivative-9-1-1",
      "passed": true
    },
    {
      "name": "entire-second-derivative-9-1-1",
      "passed": true
    },
    {
      "name": "source-multiplicity-9-1-2",
      "passed": true
    },
    {
      "name": "entire-integral-9-1-2",
      "passed": true
    },
    {
      "name": "entire-time-zero-9-1-2",
      "passed": true
    },
    {
      "name": "entire-first-derivative-9-1-2",
      "passed": true
    },
    {
      "name": "entire-second-derivative-9-1-2",
      "passed": true
    },
    {
      "name": "source-multiplicity-9-2-2",
      "passed": true
    },
    {
      "name": "entire-integral-9-2-2",
      "passed": true
    },
    {
      "name": "entire-time-zero-9-2-2",
      "passed": true
    },
    {
      "name": "entire-first-derivative-9-2-2",
      "passed": true
    },
    {
      "name": "entire-second-derivative-9-2-2",
      "passed": true
    },
    {
      "name": "source-degree-10",
      "passed": true
    },
    {
      "name": "whole-marked-family-10",
      "passed": true
    },
    {
      "name": "source-multiplicity-10-0-0",
      "passed": true
    },
    {
      "name": "entire-integral-10-0-0",
      "passed": true
    },
    {
      "name": "entire-time-zero-10-0-0",
      "passed": true
    },
    {
      "name": "entire-first-derivative-10-0-0",
      "passed": true
    },
    {
      "name": "entire-second-derivative-10-0-0",
      "passed": true
    },
    {
      "name": "source-multiplicity-10-0-1",
      "passed": true
    },
    {
      "name": "entire-integral-10-0-1",
      "passed": true
    },
    {
      "name": "entire-time-zero-10-0-1",
      "passed": true
    },
    {
      "name": "entire-first-derivative-10-0-1",
      "passed": true
    },
    {
      "name": "entire-second-derivative-10-0-1",
      "passed": true
    },
    {
      "name": "source-multiplicity-10-0-2",
      "passed": true
    },
    {
      "name": "entire-integral-10-0-2",
      "passed": true
    },
    {
      "name": "entire-time-zero-10-0-2",
      "passed": true
    },
    {
      "name": "entire-first-derivative-10-0-2",
      "passed": true
    },
    {
      "name": "entire-second-derivative-10-0-2",
      "passed": true
    },
    {
      "name": "source-multiplicity-10-1-1",
      "passed": true
    },
    {
      "name": "entire-integral-10-1-1",
      "passed": true
    },
    {
      "name": "entire-time-zero-10-1-1",
      "passed": true
    },
    {
      "name": "entire-first-derivative-10-1-1",
      "passed": true
    },
    {
      "name": "entire-second-derivative-10-1-1",
      "passed": true
    },
    {
      "name": "source-multiplicity-10-1-2",
      "passed": true
    },
    {
      "name": "entire-integral-10-1-2",
      "passed": true
    },
    {
      "name": "entire-time-zero-10-1-2",
      "passed": true
    },
    {
      "name": "entire-first-derivative-10-1-2",
      "passed": true
    },
    {
      "name": "entire-second-derivative-10-1-2",
      "passed": true
    },
    {
      "name": "source-multiplicity-10-2-2",
      "passed": true
    },
    {
      "name": "entire-integral-10-2-2",
      "passed": true
    },
    {
      "name": "entire-time-zero-10-2-2",
      "passed": true
    },
    {
      "name": "entire-first-derivative-10-2-2",
      "passed": true
    },
    {
      "name": "entire-second-derivative-10-2-2",
      "passed": true
    },
    {
      "name": "source-degree-11",
      "passed": true
    },
    {
      "name": "whole-marked-family-11",
      "passed": true
    },
    {
      "name": "source-multiplicity-11-0-0",
      "passed": true
    },
    {
      "name": "entire-integral-11-0-0",
      "passed": true
    },
    {
      "name": "entire-time-zero-11-0-0",
      "passed": true
    },
    {
      "name": "entire-first-derivative-11-0-0",
      "passed": true
    },
    {
      "name": "entire-second-derivative-11-0-0",
      "passed": true
    },
    {
      "name": "source-multiplicity-11-0-1",
      "passed": true
    },
    {
      "name": "entire-integral-11-0-1",
      "passed": true
    },
    {
      "name": "entire-time-zero-11-0-1",
      "passed": true
    },
    {
      "name": "entire-first-derivative-11-0-1",
      "passed": true
    },
    {
      "name": "entire-second-derivative-11-0-1",
      "passed": true
    },
    {
      "name": "source-multiplicity-11-0-2",
      "passed": true
    },
    {
      "name": "entire-integral-11-0-2",
      "passed": true
    },
    {
      "name": "entire-time-zero-11-0-2",
      "passed": true
    },
    {
      "name": "entire-first-derivative-11-0-2",
      "passed": true
    },
    {
      "name": "entire-second-derivative-11-0-2",
      "passed": true
    },
    {
      "name": "source-multiplicity-11-1-1",
      "passed": true
    },
    {
      "name": "entire-integral-11-1-1",
      "passed": true
    },
    {
      "name": "entire-time-zero-11-1-1",
      "passed": true
    },
    {
      "name": "entire-first-derivative-11-1-1",
      "passed": true
    },
    {
      "name": "entire-second-derivative-11-1-1",
      "passed": true
    },
    {
      "name": "source-multiplicity-11-1-2",
      "passed": true
    },
    {
      "name": "entire-integral-11-1-2",
      "passed": true
    },
    {
      "name": "entire-time-zero-11-1-2",
      "passed": true
    },
    {
      "name": "entire-first-derivative-11-1-2",
      "passed": true
    },
    {
      "name": "entire-second-derivative-11-1-2",
      "passed": true
    },
    {
      "name": "source-multiplicity-11-2-2",
      "passed": true
    },
    {
      "name": "entire-integral-11-2-2",
      "passed": true
    },
    {
      "name": "entire-time-zero-11-2-2",
      "passed": true
    },
    {
      "name": "entire-first-derivative-11-2-2",
      "passed": true
    },
    {
      "name": "entire-second-derivative-11-2-2",
      "passed": true
    },
    {
      "name": "source-degree-12",
      "passed": true
    },
    {
      "name": "whole-marked-family-12",
      "passed": true
    },
    {
      "name": "source-multiplicity-12-0-0",
      "passed": true
    },
    {
      "name": "entire-integral-12-0-0",
      "passed": true
    },
    {
      "name": "entire-time-zero-12-0-0",
      "passed": true
    },
    {
      "name": "entire-first-derivative-12-0-0",
      "passed": true
    },
    {
      "name": "entire-second-derivative-12-0-0",
      "passed": true
    },
    {
      "name": "source-multiplicity-12-0-1",
      "passed": true
    },
    {
      "name": "entire-integral-12-0-1",
      "passed": true
    },
    {
      "name": "entire-time-zero-12-0-1",
      "passed": true
    },
    {
      "name": "entire-first-derivative-12-0-1",
      "passed": true
    },
    {
      "name": "entire-second-derivative-12-0-1",
      "passed": true
    },
    {
      "name": "source-multiplicity-12-0-2",
      "passed": true
    },
    {
      "name": "entire-integral-12-0-2",
      "passed": true
    },
    {
      "name": "entire-time-zero-12-0-2",
      "passed": true
    },
    {
      "name": "entire-first-derivative-12-0-2",
      "passed": true
    },
    {
      "name": "entire-second-derivative-12-0-2",
      "passed": true
    },
    {
      "name": "source-multiplicity-12-1-1",
      "passed": true
    },
    {
      "name": "entire-integral-12-1-1",
      "passed": true
    },
    {
      "name": "entire-time-zero-12-1-1",
      "passed": true
    },
    {
      "name": "entire-first-derivative-12-1-1",
      "passed": true
    },
    {
      "name": "entire-second-derivative-12-1-1",
      "passed": true
    },
    {
      "name": "source-multiplicity-12-1-2",
      "passed": true
    },
    {
      "name": "entire-integral-12-1-2",
      "passed": true
    },
    {
      "name": "entire-time-zero-12-1-2",
      "passed": true
    },
    {
      "name": "entire-first-derivative-12-1-2",
      "passed": true
    },
    {
      "name": "entire-second-derivative-12-1-2",
      "passed": true
    },
    {
      "name": "source-multiplicity-12-2-2",
      "passed": true
    },
    {
      "name": "entire-integral-12-2-2",
      "passed": true
    },
    {
      "name": "entire-time-zero-12-2-2",
      "passed": true
    },
    {
      "name": "entire-first-derivative-12-2-2",
      "passed": true
    },
    {
      "name": "entire-second-derivative-12-2-2",
      "passed": true
    },
    {
      "name": "source-degree-13",
      "passed": true
    },
    {
      "name": "whole-marked-family-13",
      "passed": true
    },
    {
      "name": "source-multiplicity-13-0-0",
      "passed": true
    },
    {
      "name": "entire-integral-13-0-0",
      "passed": true
    },
    {
      "name": "entire-time-zero-13-0-0",
      "passed": true
    },
    {
      "name": "entire-first-derivative-13-0-0",
      "passed": true
    },
    {
      "name": "entire-second-derivative-13-0-0",
      "passed": true
    },
    {
      "name": "source-multiplicity-13-0-1",
      "passed": true
    },
    {
      "name": "entire-integral-13-0-1",
      "passed": true
    },
    {
      "name": "entire-time-zero-13-0-1",
      "passed": true
    },
    {
      "name": "entire-first-derivative-13-0-1",
      "passed": true
    },
    {
      "name": "entire-second-derivative-13-0-1",
      "passed": true
    },
    {
      "name": "source-multiplicity-13-0-2",
      "passed": true
    },
    {
      "name": "entire-integral-13-0-2",
      "passed": true
    },
    {
      "name": "entire-time-zero-13-0-2",
      "passed": true
    },
    {
      "name": "entire-first-derivative-13-0-2",
      "passed": true
    },
    {
      "name": "entire-second-derivative-13-0-2",
      "passed": true
    },
    {
      "name": "source-multiplicity-13-1-1",
      "passed": true
    },
    {
      "name": "entire-integral-13-1-1",
      "passed": true
    },
    {
      "name": "entire-time-zero-13-1-1",
      "passed": true
    },
    {
      "name": "entire-first-derivative-13-1-1",
      "passed": true
    },
    {
      "name": "entire-second-derivative-13-1-1",
      "passed": true
    },
    {
      "name": "source-multiplicity-13-1-2",
      "passed": true
    },
    {
      "name": "entire-integral-13-1-2",
      "passed": true
    },
    {
      "name": "entire-time-zero-13-1-2",
      "passed": true
    },
    {
      "name": "entire-first-derivative-13-1-2",
      "passed": true
    },
    {
      "name": "entire-second-derivative-13-1-2",
      "passed": true
    },
    {
      "name": "source-multiplicity-13-2-2",
      "passed": true
    },
    {
      "name": "entire-integral-13-2-2",
      "passed": true
    },
    {
      "name": "entire-time-zero-13-2-2",
      "passed": true
    },
    {
      "name": "entire-first-derivative-13-2-2",
      "passed": true
    },
    {
      "name": "entire-second-derivative-13-2-2",
      "passed": true
    },
    {
      "name": "source-degree-14",
      "passed": true
    },
    {
      "name": "whole-marked-family-14",
      "passed": true
    },
    {
      "name": "source-multiplicity-14-0-0",
      "passed": true
    },
    {
      "name": "entire-integral-14-0-0",
      "passed": true
    },
    {
      "name": "entire-time-zero-14-0-0",
      "passed": true
    },
    {
      "name": "entire-first-derivative-14-0-0",
      "passed": true
    },
    {
      "name": "entire-second-derivative-14-0-0",
      "passed": true
    },
    {
      "name": "source-multiplicity-14-0-1",
      "passed": true
    },
    {
      "name": "entire-integral-14-0-1",
      "passed": true
    },
    {
      "name": "entire-time-zero-14-0-1",
      "passed": true
    },
    {
      "name": "entire-first-derivative-14-0-1",
      "passed": true
    },
    {
      "name": "entire-second-derivative-14-0-1",
      "passed": true
    },
    {
      "name": "source-multiplicity-14-0-2",
      "passed": true
    },
    {
      "name": "entire-integral-14-0-2",
      "passed": true
    },
    {
      "name": "entire-time-zero-14-0-2",
      "passed": true
    },
    {
      "name": "entire-first-derivative-14-0-2",
      "passed": true
    },
    {
      "name": "entire-second-derivative-14-0-2",
      "passed": true
    },
    {
      "name": "source-multiplicity-14-1-1",
      "passed": true
    },
    {
      "name": "entire-integral-14-1-1",
      "passed": true
    },
    {
      "name": "entire-time-zero-14-1-1",
      "passed": true
    },
    {
      "name": "entire-first-derivative-14-1-1",
      "passed": true
    },
    {
      "name": "entire-second-derivative-14-1-1",
      "passed": true
    },
    {
      "name": "source-multiplicity-14-1-2",
      "passed": true
    },
    {
      "name": "entire-integral-14-1-2",
      "passed": true
    },
    {
      "name": "entire-time-zero-14-1-2",
      "passed": true
    },
    {
      "name": "entire-first-derivative-14-1-2",
      "passed": true
    },
    {
      "name": "entire-second-derivative-14-1-2",
      "passed": true
    },
    {
      "name": "source-multiplicity-14-2-2",
      "passed": true
    },
    {
      "name": "entire-integral-14-2-2",
      "passed": true
    },
    {
      "name": "entire-time-zero-14-2-2",
      "passed": true
    },
    {
      "name": "entire-first-derivative-14-2-2",
      "passed": true
    },
    {
      "name": "entire-second-derivative-14-2-2",
      "passed": true
    },
    {
      "name": "source-degree-15",
      "passed": true
    },
    {
      "name": "whole-marked-family-15",
      "passed": true
    },
    {
      "name": "source-multiplicity-15-0-0",
      "passed": true
    },
    {
      "name": "entire-integral-15-0-0",
      "passed": true
    },
    {
      "name": "entire-time-zero-15-0-0",
      "passed": true
    },
    {
      "name": "entire-first-derivative-15-0-0",
      "passed": true
    },
    {
      "name": "entire-second-derivative-15-0-0",
      "passed": true
    },
    {
      "name": "source-multiplicity-15-0-1",
      "passed": true
    },
    {
      "name": "entire-integral-15-0-1",
      "passed": true
    },
    {
      "name": "entire-time-zero-15-0-1",
      "passed": true
    },
    {
      "name": "entire-first-derivative-15-0-1",
      "passed": true
    },
    {
      "name": "entire-second-derivative-15-0-1",
      "passed": true
    },
    {
      "name": "source-multiplicity-15-0-2",
      "passed": true
    },
    {
      "name": "entire-integral-15-0-2",
      "passed": true
    },
    {
      "name": "entire-time-zero-15-0-2",
      "passed": true
    },
    {
      "name": "entire-first-derivative-15-0-2",
      "passed": true
    },
    {
      "name": "entire-second-derivative-15-0-2",
      "passed": true
    },
    {
      "name": "source-multiplicity-15-1-1",
      "passed": true
    },
    {
      "name": "entire-integral-15-1-1",
      "passed": true
    },
    {
      "name": "entire-time-zero-15-1-1",
      "passed": true
    },
    {
      "name": "entire-first-derivative-15-1-1",
      "passed": true
    },
    {
      "name": "entire-second-derivative-15-1-1",
      "passed": true
    },
    {
      "name": "source-multiplicity-15-1-2",
      "passed": true
    },
    {
      "name": "entire-integral-15-1-2",
      "passed": true
    },
    {
      "name": "entire-time-zero-15-1-2",
      "passed": true
    },
    {
      "name": "entire-first-derivative-15-1-2",
      "passed": true
    },
    {
      "name": "entire-second-derivative-15-1-2",
      "passed": true
    },
    {
      "name": "source-multiplicity-15-2-2",
      "passed": true
    },
    {
      "name": "entire-integral-15-2-2",
      "passed": true
    },
    {
      "name": "entire-time-zero-15-2-2",
      "passed": true
    },
    {
      "name": "entire-first-derivative-15-2-2",
      "passed": true
    },
    {
      "name": "entire-second-derivative-15-2-2",
      "passed": true
    },
    {
      "name": "source-degree-16",
      "passed": true
    },
    {
      "name": "whole-marked-family-16",
      "passed": true
    },
    {
      "name": "source-multiplicity-16-0-1",
      "passed": true
    },
    {
      "name": "entire-integral-16-0-1",
      "passed": true
    },
    {
      "name": "entire-time-zero-16-0-1",
      "passed": true
    },
    {
      "name": "entire-first-derivative-16-0-1",
      "passed": true
    },
    {
      "name": "entire-second-derivative-16-0-1",
      "passed": true
    },
    {
      "name": "source-multiplicity-16-0-2",
      "passed": true
    },
    {
      "name": "entire-integral-16-0-2",
      "passed": true
    },
    {
      "name": "entire-time-zero-16-0-2",
      "passed": true
    },
    {
      "name": "entire-first-derivative-16-0-2",
      "passed": true
    },
    {
      "name": "entire-second-derivative-16-0-2",
      "passed": true
    },
    {
      "name": "source-multiplicity-16-0-3",
      "passed": true
    },
    {
      "name": "entire-integral-16-0-3",
      "passed": true
    },
    {
      "name": "entire-time-zero-16-0-3",
      "passed": true
    },
    {
      "name": "entire-first-derivative-16-0-3",
      "passed": true
    },
    {
      "name": "entire-second-derivative-16-0-3",
      "passed": true
    },
    {
      "name": "source-multiplicity-16-0-4",
      "passed": true
    },
    {
      "name": "entire-integral-16-0-4",
      "passed": true
    },
    {
      "name": "entire-time-zero-16-0-4",
      "passed": true
    },
    {
      "name": "entire-first-derivative-16-0-4",
      "passed": true
    },
    {
      "name": "entire-second-derivative-16-0-4",
      "passed": true
    },
    {
      "name": "source-multiplicity-16-0-5",
      "passed": true
    },
    {
      "name": "entire-integral-16-0-5",
      "passed": true
    },
    {
      "name": "entire-time-zero-16-0-5",
      "passed": true
    },
    {
      "name": "entire-first-derivative-16-0-5",
      "passed": true
    },
    {
      "name": "entire-second-derivative-16-0-5",
      "passed": true
    },
    {
      "name": "source-multiplicity-16-1-2",
      "passed": true
    },
    {
      "name": "entire-integral-16-1-2",
      "passed": true
    },
    {
      "name": "entire-time-zero-16-1-2",
      "passed": true
    },
    {
      "name": "entire-first-derivative-16-1-2",
      "passed": true
    },
    {
      "name": "entire-second-derivative-16-1-2",
      "passed": true
    },
    {
      "name": "source-multiplicity-16-1-3",
      "passed": true
    },
    {
      "name": "entire-integral-16-1-3",
      "passed": true
    },
    {
      "name": "entire-time-zero-16-1-3",
      "passed": true
    },
    {
      "name": "entire-first-derivative-16-1-3",
      "passed": true
    },
    {
      "name": "entire-second-derivative-16-1-3",
      "passed": true
    },
    {
      "name": "source-multiplicity-16-1-4",
      "passed": true
    },
    {
      "name": "entire-integral-16-1-4",
      "passed": true
    },
    {
      "name": "entire-time-zero-16-1-4",
      "passed": true
    },
    {
      "name": "entire-first-derivative-16-1-4",
      "passed": true
    },
    {
      "name": "entire-second-derivative-16-1-4",
      "passed": true
    },
    {
      "name": "source-multiplicity-16-1-5",
      "passed": true
    },
    {
      "name": "entire-integral-16-1-5",
      "passed": true
    },
    {
      "name": "entire-time-zero-16-1-5",
      "passed": true
    },
    {
      "name": "entire-first-derivative-16-1-5",
      "passed": true
    },
    {
      "name": "entire-second-derivative-16-1-5",
      "passed": true
    },
    {
      "name": "source-multiplicity-16-2-3",
      "passed": true
    },
    {
      "name": "entire-integral-16-2-3",
      "passed": true
    },
    {
      "name": "entire-time-zero-16-2-3",
      "passed": true
    },
    {
      "name": "entire-first-derivative-16-2-3",
      "passed": true
    },
    {
      "name": "entire-second-derivative-16-2-3",
      "passed": true
    },
    {
      "name": "source-multiplicity-16-2-4",
      "passed": true
    },
    {
      "name": "entire-integral-16-2-4",
      "passed": true
    },
    {
      "name": "entire-time-zero-16-2-4",
      "passed": true
    },
    {
      "name": "entire-first-derivative-16-2-4",
      "passed": true
    },
    {
      "name": "entire-second-derivative-16-2-4",
      "passed": true
    },
    {
      "name": "source-multiplicity-16-2-5",
      "passed": true
    },
    {
      "name": "entire-integral-16-2-5",
      "passed": true
    },
    {
      "name": "entire-time-zero-16-2-5",
      "passed": true
    },
    {
      "name": "entire-first-derivative-16-2-5",
      "passed": true
    },
    {
      "name": "entire-second-derivative-16-2-5",
      "passed": true
    },
    {
      "name": "source-multiplicity-16-3-4",
      "passed": true
    },
    {
      "name": "entire-integral-16-3-4",
      "passed": true
    },
    {
      "name": "entire-time-zero-16-3-4",
      "passed": true
    },
    {
      "name": "entire-first-derivative-16-3-4",
      "passed": true
    },
    {
      "name": "entire-second-derivative-16-3-4",
      "passed": true
    },
    {
      "name": "source-multiplicity-16-3-5",
      "passed": true
    },
    {
      "name": "entire-integral-16-3-5",
      "passed": true
    },
    {
      "name": "entire-time-zero-16-3-5",
      "passed": true
    },
    {
      "name": "entire-first-derivative-16-3-5",
      "passed": true
    },
    {
      "name": "entire-second-derivative-16-3-5",
      "passed": true
    },
    {
      "name": "source-multiplicity-16-4-5",
      "passed": true
    },
    {
      "name": "entire-integral-16-4-5",
      "passed": true
    },
    {
      "name": "entire-time-zero-16-4-5",
      "passed": true
    },
    {
      "name": "entire-first-derivative-16-4-5",
      "passed": true
    },
    {
      "name": "entire-second-derivative-16-4-5",
      "passed": true
    },
    {
      "name": "degree-counts",
      "passed": true
    },
    {
      "name": "full-polynomial-receipt-(0, 0, 0)",
      "passed": true
    },
    {
      "name": "full-polynomial-receipt-(1, 0, 0)",
      "passed": true
    },
    {
      "name": "full-polynomial-receipt-(2, 0, 0)",
      "passed": true
    },
    {
      "name": "full-polynomial-receipt-(2, 0, 1)",
      "passed": true
    },
    {
      "name": "full-polynomial-receipt-(2, 1, 1)",
      "passed": true
    },
    {
      "name": "full-polynomial-receipt-(3, 0, 0)",
      "passed": true
    },
    {
      "name": "full-polynomial-receipt-(3, 0, 1)",
      "passed": true
    },
    {
      "name": "full-polynomial-receipt-(3, 1, 1)",
      "passed": true
    },
    {
      "name": "full-polynomial-receipt-(4, 0, 0)",
      "passed": true
    },
    {
      "name": "full-polynomial-receipt-(5, 0, 0)",
      "passed": true
    },
    {
      "name": "full-polynomial-receipt-(5, 0, 1)",
      "passed": true
    },
    {
      "name": "full-polynomial-receipt-(5, 1, 1)",
      "passed": true
    },
    {
      "name": "full-polynomial-receipt-(6, 0, 0)",
      "passed": true
    },
    {
      "name": "full-polynomial-receipt-(6, 0, 1)",
      "passed": true
    },
    {
      "name": "full-polynomial-receipt-(6, 1, 1)",
      "passed": true
    },
    {
      "name": "full-polynomial-receipt-(7, 0, 0)",
      "passed": true
    },
    {
      "name": "full-polynomial-receipt-(7, 0, 1)",
      "passed": true
    },
    {
      "name": "full-polynomial-receipt-(7, 0, 2)",
      "passed": true
    },
    {
      "name": "full-polynomial-receipt-(7, 1, 1)",
      "passed": true
    },
    {
      "name": "full-polynomial-receipt-(7, 1, 2)",
      "passed": true
    },
    {
      "name": "full-polynomial-receipt-(7, 2, 2)",
      "passed": true
    },
    {
      "name": "full-polynomial-receipt-(8, 0, 0)",
      "passed": true
    },
    {
      "name": "full-polynomial-receipt-(8, 0, 1)",
      "passed": true
    },
    {
      "name": "full-polynomial-receipt-(8, 0, 2)",
      "passed": true
    },
    {
      "name": "full-polynomial-receipt-(8, 1, 1)",
      "passed": true
    },
    {
      "name": "full-polynomial-receipt-(8, 1, 2)",
      "passed": true
    },
    {
      "name": "full-polynomial-receipt-(8, 2, 2)",
      "passed": true
    },
    {
      "name": "full-polynomial-receipt-(9, 0, 0)",
      "passed": true
    },
    {
      "name": "full-polynomial-receipt-(9, 0, 1)",
      "passed": true
    },
    {
      "name": "full-polynomial-receipt-(9, 0, 2)",
      "passed": true
    },
    {
      "name": "full-polynomial-receipt-(9, 1, 1)",
      "passed": true
    },
    {
      "name": "full-polynomial-receipt-(9, 1, 2)",
      "passed": true
    },
    {
      "name": "full-polynomial-receipt-(9, 2, 2)",
      "passed": true
    },
    {
      "name": "full-polynomial-receipt-(10, 0, 0)",
      "passed": true
    },
    {
      "name": "full-polynomial-receipt-(10, 0, 1)",
      "passed": true
    },
    {
      "name": "full-polynomial-receipt-(10, 0, 2)",
      "passed": true
    },
    {
      "name": "full-polynomial-receipt-(10, 1, 1)",
      "passed": true
    },
    {
      "name": "full-polynomial-receipt-(10, 1, 2)",
      "passed": true
    },
    {
      "name": "full-polynomial-receipt-(10, 2, 2)",
      "passed": true
    },
    {
      "name": "full-polynomial-receipt-(11, 0, 0)",
      "passed": true
    },
    {
      "name": "full-polynomial-receipt-(11, 0, 1)",
      "passed": true
    },
    {
      "name": "full-polynomial-receipt-(11, 0, 2)",
      "passed": true
    },
    {
      "name": "full-polynomial-receipt-(11, 1, 1)",
      "passed": true
    },
    {
      "name": "full-polynomial-receipt-(11, 1, 2)",
      "passed": true
    },
    {
      "name": "full-polynomial-receipt-(11, 2, 2)",
      "passed": true
    },
    {
      "name": "full-polynomial-receipt-(12, 0, 0)",
      "passed": true
    },
    {
      "name": "full-polynomial-receipt-(12, 0, 1)",
      "passed": true
    },
    {
      "name": "full-polynomial-receipt-(12, 0, 2)",
      "passed": true
    },
    {
      "name": "full-polynomial-receipt-(12, 1, 1)",
      "passed": true
    },
    {
      "name": "full-polynomial-receipt-(12, 1, 2)",
      "passed": true
    },
    {
      "name": "full-polynomial-receipt-(12, 2, 2)",
      "passed": true
    },
    {
      "name": "full-polynomial-receipt-(13, 0, 0)",
      "passed": true
    },
    {
      "name": "full-polynomial-receipt-(13, 0, 1)",
      "passed": true
    },
    {
      "name": "full-polynomial-receipt-(13, 0, 2)",
      "passed": true
    },
    {
      "name": "full-polynomial-receipt-(13, 1, 1)",
      "passed": true
    },
    {
      "name": "full-polynomial-receipt-(13, 1, 2)",
      "passed": true
    },
    {
      "name": "full-polynomial-receipt-(13, 2, 2)",
      "passed": true
    },
    {
      "name": "full-polynomial-receipt-(14, 0, 0)",
      "passed": true
    },
    {
      "name": "full-polynomial-receipt-(14, 0, 1)",
      "passed": true
    },
    {
      "name": "full-polynomial-receipt-(14, 0, 2)",
      "passed": true
    },
    {
      "name": "full-polynomial-receipt-(14, 1, 1)",
      "passed": true
    },
    {
      "name": "full-polynomial-receipt-(14, 1, 2)",
      "passed": true
    },
    {
      "name": "full-polynomial-receipt-(14, 2, 2)",
      "passed": true
    },
    {
      "name": "full-polynomial-receipt-(15, 0, 0)",
      "passed": true
    },
    {
      "name": "full-polynomial-receipt-(15, 0, 1)",
      "passed": true
    },
    {
      "name": "full-polynomial-receipt-(15, 0, 2)",
      "passed": true
    },
    {
      "name": "full-polynomial-receipt-(15, 1, 1)",
      "passed": true
    },
    {
      "name": "full-polynomial-receipt-(15, 1, 2)",
      "passed": true
    },
    {
      "name": "full-polynomial-receipt-(15, 2, 2)",
      "passed": true
    },
    {
      "name": "full-polynomial-receipt-(16, 0, 1)",
      "passed": true
    },
    {
      "name": "full-polynomial-receipt-(16, 0, 2)",
      "passed": true
    },
    {
      "name": "full-polynomial-receipt-(16, 0, 3)",
      "passed": true
    },
    {
      "name": "full-polynomial-receipt-(16, 0, 4)",
      "passed": true
    },
    {
      "name": "full-polynomial-receipt-(16, 0, 5)",
      "passed": true
    },
    {
      "name": "full-polynomial-receipt-(16, 1, 2)",
      "passed": true
    },
    {
      "name": "full-polynomial-receipt-(16, 1, 3)",
      "passed": true
    },
    {
      "name": "full-polynomial-receipt-(16, 1, 4)",
      "passed": true
    },
    {
      "name": "full-polynomial-receipt-(16, 1, 5)",
      "passed": true
    },
    {
      "name": "full-polynomial-receipt-(16, 2, 3)",
      "passed": true
    },
    {
      "name": "full-polynomial-receipt-(16, 2, 4)",
      "passed": true
    },
    {
      "name": "full-polynomial-receipt-(16, 2, 5)",
      "passed": true
    },
    {
      "name": "full-polynomial-receipt-(16, 3, 4)",
      "passed": true
    },
    {
      "name": "full-polynomial-receipt-(16, 3, 5)",
      "passed": true
    },
    {
      "name": "full-polynomial-receipt-(16, 4, 5)",
      "passed": true
    },
    {
      "name": "complete-polynomial-coverage",
      "passed": true
    },
    {
      "name": "all-pole-column-records",
      "passed": true
    },
    {
      "name": "all-column-monomial-records",
      "passed": true
    },
    {
      "name": "original-240-face-order",
      "passed": true
    },
    {
      "name": "whole-original-static-return-0",
      "passed": true
    },
    {
      "name": "whole-heat-matrix-symmetry-0",
      "passed": true
    },
    {
      "name": "whole-original-static-return-2",
      "passed": true
    },
    {
      "name": "whole-heat-matrix-symmetry-2",
      "passed": true
    },
    {
      "name": "whole-original-static-return-4",
      "passed": true
    },
    {
      "name": "whole-heat-matrix-symmetry-4",
      "passed": true
    },
    {
      "name": "entire-original-nonzero-heat-counts",
      "passed": true
    },
    {
      "name": "all-original-transport-inverses",
      "passed": true
    },
    {
      "name": "opposite-zero-lower-orders",
      "passed": true
    },
    {
      "name": "full-opposite-geometry-return",
      "passed": true
    },
    {
      "name": "opposite-integral",
      "passed": true
    },
    {
      "name": "opposite-initial-value",
      "passed": true
    },
    {
      "name": "whole-360-cube-paths-(0, 1)",
      "passed": true
    },
    {
      "name": "whole-360-cube-paths-(0, 2)",
      "passed": true
    },
    {
      "name": "whole-360-cube-paths-(0, 3)",
      "passed": true
    },
    {
      "name": "whole-360-cube-paths-(0, 4)",
      "passed": true
    },
    {
      "name": "whole-360-cube-paths-(0, 5)",
      "passed": true
    },
    {
      "name": "whole-360-cube-paths-(1, 2)",
      "passed": true
    },
    {
      "name": "whole-360-cube-paths-(1, 3)",
      "passed": true
    },
    {
      "name": "whole-360-cube-paths-(1, 4)",
      "passed": true
    },
    {
      "name": "whole-360-cube-paths-(1, 5)",
      "passed": true
    },
    {
      "name": "whole-360-cube-paths-(2, 3)",
      "passed": true
    },
    {
      "name": "whole-360-cube-paths-(2, 4)",
      "passed": true
    },
    {
      "name": "whole-360-cube-paths-(2, 5)",
      "passed": true
    },
    {
      "name": "whole-360-cube-paths-(3, 4)",
      "passed": true
    },
    {
      "name": "whole-360-cube-paths-(3, 5)",
      "passed": true
    },
    {
      "name": "whole-360-cube-paths-(4, 5)",
      "passed": true
    },
    {
      "name": "all-5400-original-cube-paths",
      "passed": true
    },
    {
      "name": "entire-inverse-power-(0, 0)",
      "passed": true
    },
    {
      "name": "entire-inverse-power-(0, 2)",
      "passed": true
    },
    {
      "name": "entire-inverse-power-(0, 4)",
      "passed": true
    },
    {
      "name": "entire-inverse-power-(1, 0)",
      "passed": true
    },
    {
      "name": "entire-inverse-power-(1, 2)",
      "passed": true
    },
    {
      "name": "entire-inverse-power-(1, 4)",
      "passed": true
    },
    {
      "name": "entire-inverse-power-(2, 0)",
      "passed": true
    },
    {
      "name": "entire-inverse-power-(2, 2)",
      "passed": true
    },
    {
      "name": "entire-inverse-power-(2, 4)",
      "passed": true
    },
    {
      "name": "complete-original-kinetic-0",
      "passed": true
    },
    {
      "name": "complete-original-kinetic-2",
      "passed": true
    },
    {
      "name": "complete-original-kinetic-4",
      "passed": true
    },
    {
      "name": "complete-band-time-square",
      "passed": true
    },
    {
      "name": "complete-fourth-band-return",
      "passed": true
    },
    {
      "name": "complete-band-metric-adjoint",
      "passed": true
    },
    {
      "name": "all-1440-adjoint-defects",
      "passed": true
    },
    {
      "name": "original-first-adjoint-defect",
      "passed": true
    },
    {
      "name": "original-forcing-heat-defect",
      "passed": true
    },
    {
      "name": "state-complete-two-cross-products",
      "passed": true
    },
    {
      "name": "energy-complete-two-cross-products",
      "passed": true
    },
    {
      "name": "state-original-relative-bounds",
      "passed": true
    },
    {
      "name": "energy-original-relative-bounds",
      "passed": true
    },
    {
      "name": "same-fiber-quotient-state",
      "passed": true
    },
    {
      "name": "actual-minimum-representative-state",
      "passed": true
    },
    {
      "name": "same-fiber-quotient-energy",
      "passed": true
    },
    {
      "name": "actual-minimum-representative-energy",
      "passed": true
    },
    {
      "name": "actual-heat-inverse",
      "passed": true
    },
    {
      "name": "raw-state-orthogonal-projection",
      "passed": true
    },
    {
      "name": "actual-inverse-observation-left-inverse",
      "passed": true
    },
    {
      "name": "actual-state-section-residual",
      "passed": true
    },
    {
      "name": "actual-energy-section-orthogonality",
      "passed": true
    },
    {
      "name": "whole-state-energy-section-correction",
      "passed": true
    },
    {
      "name": "section-energy-signed-return",
      "passed": true
    },
    {
      "name": "complex-original-current-0",
      "passed": true
    },
    {
      "name": "complex-original-current-1",
      "passed": true
    },
    {
      "name": "complex-original-current-2",
      "passed": true
    },
    {
      "name": "all-current-cross-return",
      "passed": true
    },
    {
      "name": "actual-original-positive-heat-point",
      "passed": true
    },
    {
      "name": "continuous-positive-time-interval",
      "passed": true
    },
    {
      "name": "actual-original-native-metric-0",
      "passed": true
    },
    {
      "name": "actual-original-native-metric-1",
      "passed": true
    },
    {
      "name": "actual-original-native-metric-2",
      "passed": true
    },
    {
      "name": "actual-original-kinetic-interval",
      "passed": true
    },
    {
      "name": "actual-section-energy-fraction",
      "passed": true
    },
    {
      "name": "original-inverse-power-observation",
      "passed": true
    },
    {
      "name": "single-physical-heat-horizon",
      "passed": true
    }
  ],
  "counts": {
    "band_entries": 9660,
    "full_polynomial_column_terms": 2056737,
    "heat_entries": [
      240,
      2496,
      9660
    ],
    "independent_cube_insertions": 5400,
    "marked_heat_responses": 84,
    "named_checks": 879,
    "negative_controls": 21,
    "source_cases": 17,
    "transports": 11988
  },
  "negative_controls": [
    {
      "false_formula_accepted": false,
      "name": "erase-original-physical-time"
    },
    {
      "false_formula_accepted": false,
      "name": "erase-repeated-pole-factor"
    },
    {
      "false_formula_accepted": false,
      "name": "time-zero-is-integrated-value"
    },
    {
      "false_formula_accepted": false,
      "name": "erase-connected-ground-subtraction"
    },
    {
      "false_formula_accepted": false,
      "name": "erase-vacuum-shift-double-pole"
    },
    {
      "false_formula_accepted": false,
      "name": "erase-original-cube-heat"
    },
    {
      "false_formula_accepted": false,
      "name": "erase-three-original-paths"
    },
    {
      "false_formula_accepted": false,
      "name": "discard-band-Gram-correction"
    },
    {
      "false_formula_accepted": false,
      "name": "replace-band-raw-adjoint"
    },
    {
      "false_formula_accepted": false,
      "name": "erase-original-mixed-quotient-state"
    },
    {
      "false_formula_accepted": false,
      "name": "erase-original-mixed-quotient-energy"
    },
    {
      "false_formula_accepted": false,
      "name": "discard-original-section-energy"
    },
    {
      "false_formula_accepted": false,
      "name": "erase-complex-mixed-current"
    },
    {
      "false_formula_accepted": false,
      "name": "source-labels-imply-orthogonal"
    },
    {
      "false_formula_accepted": false,
      "name": "state-and-energy-Grams-identified"
    },
    {
      "false_formula_accepted": false,
      "name": "heat-forcing-unmodified"
    },
    {
      "false_formula_accepted": false,
      "name": "rank-factor-omitted"
    },
    {
      "false_formula_accepted": false,
      "name": "physical-time-omitted"
    },
    {
      "false_formula_accepted": false,
      "name": "time-grid-substitutes-continuous-proof"
    },
    {
      "false_formula_accepted": false,
      "name": "omit-original-volume-in-radius"
    },
    {
      "false_formula_accepted": false,
      "name": "fourth-time-coefficient-is-full-response"
    }
  ],
  "passed": true,
  "schema": "ym-heat-transfer-verification-v1",
  "scope": {
    "analytic_proofs_formalized": false,
    "continuum_gap_proved": false,
    "finite_raw_metric_fixtures": true,
    "full_polynomial_audit_receipt_checked": true,
    "full_time_coefficient_catalogue": true,
    "missing_sixth_catalogue_replayed": false,
    "old_uniform_gap_recertified": false,
    "polynomial_audit_executed_by_separate_program": true
  },
  "source_sha256": {
    "../20260916-cubic-linearized/geometry.py": "bd878efd339f05f320d051bee760bff0934ccfca10e9a2c1e6f26941a128cc1e",
    "../20260917-fifth-source/generated/response_L2.json": "5f7311dc369b4419de57f1ce1e94f87905f087bbbb8d67276caa625117b9e856",
    "../20260917-fifth-source/plaquette_response.py": "14d5abebdefc5fe1ec1bf5e380d7ccdc82d8339b36e747290218ad17d167bfa7",
    "../20260917-fifth-source/sphere_quotient.py": "ce617bdef9a1256857593562a860b84b6b03b8f19a09a3b82a9d9e08fa93a875",
    "../20260917-quartic-cube/clusters.py": "0d6bc961abb8181b5954446caf579924e1bb8a6845da56701aabadcb601fe170",
    "../20260917-quartic-cube/energy.py": "f1575cb1dfe91a9ea5c944072bfe2c0459d2b7cbbc087589d033fd12fe7cac4b",
    "../20260917-quartic-cube/source_engine.py": "fd1bdf38ce379b2cfc0f2e400c4aef24fee279df22ed42656331662074b313d5",
    "../20260917-quartic-cube/trace_algebra.py": "cfafffe6e2fd30e4a1e89f40c48b59784f379cf93982b0c4b83421f6a890f138",
    "HEAT_REMAINDER_AND_NATIVE_METRICS.md": "f1e0cd84db56b923cd170d24aa0021300946fd9a9d17880270e1afb8eb0d1182",
    "PHYSICAL_HEAT_COEFFICIENTS.md": "e56429083d562aea89958be9e7b35c79a5cf14f476b7a00a673c83e1e6e96fab",
    "README.md": "86407b79ae9285b712d917f2240e4a27ceded3fb125962483f22a2974e142b7f",
    "RECOVERY_STATUS.json": "40929c52b7f100634df5a5f3f36b86704804fd5e3d58276aa1f1fe73647dfd4f",
    "RH_HEAT_TRANSFER.md": "76773d040b00b4a11905e5979c8927a8efd6f467a158fd268a66288a1f6019ea",
    "SOURCE_INTAKE.json": "c98cdca67fe0e42ce312c0ee8db26486c13453aefef057ee24df4b92f8a6e069",
    "VERIFICATION.md": "140124a241984fe80f5eda9c8b1d1633401f905d92dfbfd1b67cc0ae4e7baa16",
    "assemble_heat.py": "c4909b80a2f63dcd69a87f8b4fdeef2c07b30056f4ac007ca67109d0188473bf",
    "audit_heat_polynomials.py": "0612954b00571f3d3c87af79ab253cfb10361066f06575f00cac9afa33370980",
    "certified_bounds.py": "cb181eab00c5701c315ccc9d4f8bdb3a48a5bc9e962366f0a15b7b743b3dd21c",
    "dynamic_source.py": "64071f60794990d79d8f7ab5a75b46df009c8267cf781e64daf781f93f7c666f",
    "exact_rational.py": "bd76616522d35c347f64469578b73b0508a9bf8cd7c5a6ee865709628d5c9db3",
    "extract_band.py": "d259f8009cc47ee9f7b715b5e05b359aaab99f4209d50df82019b96971e9c22a",
    "generated/adjacent.json": "dfd4f34a1873017564c077b9b15843d93d720c1bdf658089011b600b4da2a98f",
    "generated/adjacent_diag.json": "0aa6bc6eb4339d065fe1a81021c945a9366ce80ea17527fa3abedad0c7086096",
    "generated/cube_heat_orders.json": "7f8936eee136d3f80b32751144b84f6d1800b9a12f5b2c6b195c8ebe33cbb6d9",
    "generated/cube_opposite.json": "fd68fec6aaa8cd0e88ec95fde713befd74b1171e0f37dd868cb4d90ee770231c",
    "generated/first_band_L2.json": "4d09e2078eae6b1cc31d47962fbc66a9e09af486827451ee98a9614b1ecf13f4",
    "generated/full_polynomial_audit.json": "1e9d36bfd2f0771c9c2e84129aa0522ff219b19e907f8f6e2709020615e30702",
    "generated/heat_bounds.json": "00b3a021f02038b6044fbce4a31eacb1f3d32a7b14c7c15e4e59192c8528a441",
    "generated/heat_coefficients.json": "bf3813bfc52bd97eeb95e58f6485dce4d7b7f3504aac305946fc3ddba2b0c172",
    "generated/heat_matrix_L2.json": "9f6c000b750c1884121e036d3a15c9f7487d4fc2ed13c8c16693fd8e4f916bfa",
    "generated/heat_transports_L2.json": "5c5b4d92b888433cebdd18b4300731020c9e5708237230002fe0fde6d2934f31",
    "generated/independent_heat.json": "cf1cf0de069774968c8b022bbdc8a5f0013afa42c314886bb0c629eed486085d",
    "generated/native_inverse_metrics_L2.json": "fdb700519d0205864297026f43b8ab021c6c5871c5ec091cee350c46e70df73f",
    "generated/opposite_combined.json": "f67932aad24763a0d283c63389664f2ba1f07c6cc2c55a0e89836ced604f6de6",
    "generated/opposite_path.json": "919fa458fd3f4ef923cdb24bbde0ddbdd5b8d0177d3131b2ce206a20caee0abb",
    "independent_heat.py": "54a537ab818033828152033b62ff60c241cd5318f1609b25f5d4003452ff2d32",
    "produce_heat.py": "a33ed219153c0a523c8a804dfff5b333ad20008192577da2833b77c72d397e4c",
    "produce_selected.py": "f957b8fce374ca16aa49ea7c8d97f55c7df7b151d4f580e643e3c708d88a2f97",
    "replay.py": "aee958a0623d1621ccc219a1aec9b146502f4c8891082b5751b35ade915d0cc6",
    "state.json": "859d77a4fe644038e2499c4df2349d712c43df783ecec1052bdda69349d5a7e2",
    "verify.py": "24da546124e9792ad59afac2fcab65285dfb61f03977799093e91729dfd3920c"
  }
}
