opposite_path begin ((0, 0, 0, 0, 1), (0, 0, 0, 0, 2), (0, 0, 1, 0, 1)) (1, 2, 1)
correlation done 1.421368436000023 [{'energy': '3', 'power': 1, 'coefficient': '75173779/67612708800'}, {'energy': '3', 'power': 2, 'coefficient': '-4441/3611790'}, {'energy': '3', 'power': 3, 'coefficient': '1/441'}, {'energy': '9/2', 'power': 1, 'coefficient': '-121/108864'}, {'energy': '6', 'power': 1, 'coefficient': '1/11664'}, {'energy': '13/2', 'power': 1, 'coefficient': '-197/9988160'}, {'energy': '8', 'power': 1, 'coefficient': '1/163800'}, {'energy': '10', 'power': 1, 'coefficient': '1/6492304'}]
{
  "name": "opposite_path",
  "faces": [
    [
      0,
      0,
      0,
      0,
      1
    ],
    [
      0,
      0,
      0,
      0,
      2
    ],
    [
      0,
      0,
      1,
      0,
      1
    ]
  ],
  "source_exponents": [
    1,
    2,
    1
  ],
  "marked_indices": [
    0,
    2
  ],
  "resolvent": [
    {
      "energy": "3",
      "power": 1,
      "coefficient": "75173779/67612708800"
    },
    {
      "energy": "3",
      "power": 2,
      "coefficient": "-4441/3611790"
    },
    {
      "energy": "3",
      "power": 3,
      "coefficient": "1/441"
    },
    {
      "energy": "9/2",
      "power": 1,
      "coefficient": "-121/108864"
    },
    {
      "energy": "6",
      "power": 1,
      "coefficient": "1/11664"
    },
    {
      "energy": "13/2",
      "power": 1,
      "coefficient": "-197/9988160"
    },
    {
      "energy": "8",
      "power": 1,
      "coefficient": "1/163800"
    },
    {
      "energy": "10",
      "power": 1,
      "coefficient": "1/6492304"
    }
  ],
  "static": "4909/59136480",
  "covariance": "2863/39424320",
  "heat": [
    {
      "energy": "3",
      "degree": 0,
      "coefficient": "75173779/67612708800"
    },
    {
      "energy": "3",
      "degree": 1,
      "coefficient": "-4441/3611790"
    },
    {
      "energy": "3",
      "degree": 2,
      "coefficient": "1/882"
    },
    {
      "energy": "9/2",
      "degree": 0,
      "coefficient": "-121/108864"
    },
    {
      "energy": "6",
      "degree": 0,
      "coefficient": "1/11664"
    },
    {
      "energy": "13/2",
      "degree": 0,
      "coefficient": "-197/9988160"
    },
    {
      "energy": "8",
      "degree": 0,
      "coefficient": "1/163800"
    },
    {
      "energy": "10",
      "degree": 0,
      "coefficient": "1/6492304"
    }
  ],
  "elapsed": 1.4488752139999974
}
