0 PASS 0.013230080000084854
1 PASS 0.03900626499989812
2 PASS 0.04228095099983875
3 PASS 0.044710427999916647
4 PASS 0.08476605500004553
5 PASS 0.08713749699995788
6 PASS 0.08252355099989472
7 PASS 0.09194512099998065
8 PASS 0.09291365700005372
9 PASS 0.0925860710001416
10 PASS 0.08490698800005703
11 PASS 0.04198660699989887
12 PASS 0.08413193499995941
13 PASS 0.08460265799999434
14 PASS 0.08699320499999885
15 PASS 0.08486847999984093
16 PASS 0.09293650099994011
17 PASS 0.08472115800009306
18 PASS 0.0832031200000074
19 PASS 0.12730179400000452
20 PASS 0.1640955010000198
21 PASS 0.17406980800001293
22 PASS 0.15766200400003072
23 PASS 0.19266802700008157
24 PASS 0.1900190169999405
25 PASS 0.5751748770001086
26 PASS 0.19030205599983674
27 PASS 0.19488470099986444
28 PASS 0.1906438139999409
29 PASS 0.20346260399992389
30 PASS 0.1950721360001353
31 PASS 0.19651770400014357
32 PASS 0.20073586799981058
33 PASS 0.19739302800007863
34 PASS 0.19145090999995773
35 PASS 0.19149916700007452
36 PASS 0.17326239900012297
37 PASS 0.15140063700005157
38 PASS 0.19871969300015735
39 PASS 0.19308733999992
40 PASS 0.20721770299996933
41 PASS 0.17762684400008766
42 PASS 0.15562422900006823
43 PASS 0.19549674499990033
44 PASS 0.09497543099996619
45 PASS 0.08593323800005237
46 PASS 0.15041954299999816
47 PASS 0.15246956500004671
48 PASS 0.15327537500002109
49 PASS 0.15296940200005338
50 PASS 0.19840217300020413
51 PASS 0.19587041099998714
52 PASS 0.1909098549999726
53 PASS 0.19538827099995615
54 PASS 0.19564099499984877
55 PASS 0.19482053499996255
56 PASS 0.19567158299992116
57 PASS 0.17626300699998865
58 PASS 0.19336853599997994
59 PASS 0.19213410299994393
60 PASS 0.19659461900005226
61 PASS 0.19925923200003126
62 PASS 0.203216902000122
63 PASS 0.09571352400007527
64 PASS 0.09574943899997379
65 PASS 0.1933213249999426
66 PASS 0.15379469100003007
67 PASS 0.19809621199988214
68 PASS 0.19749837700010175
69 PASS 0.1989148820000537
70 PASS 0.19469588500010104
71 PASS 0.19288205000020753
72 PASS 0.19434295199994267
73 PASS 0.19201519900002495
74 PASS 0.1561964859999989
75 PASS 0.199033621000126
76 PASS 0.19440579700017224
77 PASS 0.15028009100001327
