ordinary-final-producer: PASS
optimized-complete-replay: PASS
fresh-copy-False: PASS
fresh-copy-True: PASS
reject-proof-False: PASS
reject-proof-True: PASS
reject-helper-False: PASS
reject-helper-True: PASS
reject-source-False: PASS
reject-source-True: PASS
reject-schema-False: PASS
reject-schema-True: PASS
reject-duplicate-False: PASS
reject-duplicate-True: PASS
reject-global-claim-False: PASS
reject-global-claim-True: PASS
reject-formal-claim-False: PASS
reject-formal-claim-True: PASS
reject-coefficient-False: PASS
reject-coefficient-True: PASS
restored-source-final-replay: PASS
COMPLETE REPLAY PASS 21
