PASS normal-initial-receipt
PASS normal-full-662-row-producer
PASS normal-124864-anchor-return
PASS normal-complete-polynomial-dual-audit
PASS normal-tensor-matrices
PASS normal-source-heat-native-return
PASS normal-regenerated-receipt
PASS optimized-initial-receipt
PASS optimized-full-662-row-producer
PASS optimized-124864-anchor-return
PASS optimized-complete-polynomial-dual-audit
PASS optimized-tensor-matrices
PASS optimized-source-heat-native-return
PASS optimized-regenerated-receipt
PASS normal-reject-proof-change
PASS normal-reject-coefficient-record-change
PASS normal-reject-duplicate-key
PASS normal-reject-false-receipt
PASS normal-reject-zero-dual
PASS normal-reject-partial-polynomial
PASS normal-reject-channel-weight
PASS normal-restored-final-receipt
PASS optimized-reject-proof-change
PASS optimized-reject-coefficient-record-change
PASS optimized-reject-duplicate-key
PASS optimized-reject-false-receipt
PASS optimized-reject-zero-dual
PASS optimized-reject-partial-polynomial
PASS optimized-reject-channel-weight
PASS optimized-restored-final-receipt
COMPLETE 30 executions
