[0, 0.03, 0.3925925925925926, 0.15459141681363903, 0]
[5, 0.04, 50.06518237135521, 33.37678824757014, 0]
[1, 0.04, 67.55644039009424, 45.03762692672949, 0]
[3, 0.05, 160.58074183651107, 107.05382789100737, 0]
[2, 0.05, 67.55644039009424, 45.03762692672949, 0]
[8, 0.04, 99.89845536968043, 66.59897024645363, 0]
[9, 0.03, 99.89845536968043, 66.59897024645363, 0]
[6, 0.06, 50.06518237135521, 33.37678824757014, 0]
[11, 0.02, 160.58074183651107, 107.05382789100737, 0]
[4, 0.07, 200.68565268510326, 133.79043512340218, 0]
[10, 0.04, 50.06518237135521, 33.37678824757014, 0]
[14, 0.01, 50.06518237135521, 33.35523985486865, 0]
[7, 0.07, 99.89845536968043, 66.59897024645363, 0]
[12, 0.03, 118.45014653174198, 78.96676435449464, 0]
[19, 0.02, 50.06518237135521, 33.35523985486865, 0]
[17, 0.03, 50.06518237135521, 33.35523985486865, 0]
[15, 0.04, 50.06518237135521, 33.35523985486865, 0]
[13, 0.05, 50.06518237135521, 33.35523985486865, 0]
[18, 0.03, 50.06518237135521, 33.37678824757014, 0]
[16, 0.03, 99.89845536968043, 66.59897024645363, 0]
[22, 0.02, 121.69728771479127, 81.13152514319418, 0]
[21, 0.05, 121.69728771479127, 81.13152514319418, 0]
[20, 0.06, 298.6475350741953, 199.09835671613018, 0]
[23, 0.05, 121.69728771479127, 81.13152514319418, 0]
[29, 0.04, 69.59769401222393, 46.39846267481595, 0]
[24, 0.1, 217.9992596323199, 145.33283975487993, 0]
[30, 0.07, 43.44245122820622, 28.961634152137474, 0]
[26, 0.12, 131.7141479123686, 87.80943194157905, 0]
[31, 0.06, 19.874298457326137, 13.249532304884092, 0]
[25, 0.13, 82.44281218660304, 54.96187479106869, 0]
[32, 0.06, 34.98886327761961, 23.3259088517464, 0]
[38, 0.03, 22.365881787775862, 14.910587858517243, 0]
[28, 0.12, 82.44281218660304, 54.96187479106869, 0]
[34, 0.06, 22.365881787775862, 14.910587858517243, 0]
[27, 0.19, 249.64862316785803, 166.4324154452387, 0]
[39, 0.02, 69.59769401222393, 46.39846267481595, 0]
[36, 0.07, 34.98886327761961, 23.3259088517464, 0]
[33, 0.1, 98.3461845741048, 65.56412304940321, 0]
[35, 0.09, 19.874298457326137, 13.249532304884092, 0]
[40, 0.04, 23.33987346593934, 15.559915643959561, 0]
[43, 0.04, 34.98886327761961, 23.3259088517464, 0]
[41, 0.06, 22.099829086823203, 14.733219391215469, 0]
[42, 0.05, 19.874298457326137, 13.249532304884092, 0]
[37, 0.13, 32.528138034135715, 21.685425356090477, 0]
[44, 0.06, 34.98886327761961, 23.3259088517464, 0]
[47, 0.06, 19.874298457326137, 13.249532304884092, 0]
[50, 0.04, 38.81264917403486, 25.875099449356576, 0]
[49, 0.09, 82.20796825526796, 54.805312170178645, 0]
[53, 0.04, 70.69435234345794, 47.12956822897196, 0]
[54, 0.03, 34.98886327761961, 23.3259088517464, 0]
[48, 0.11, 121.69728771479127, 81.13152514319418, 0]
[56, 0.05, 34.69071763974113, 23.127145093160756, 0]
[51, 0.12, 34.69071763974113, 23.127145093160756, 0]
[55, 0.09, 34.69071763974113, 23.127145093160756, 0]
[52, 0.12, 36.9162482692382, 24.610832179492135, 0]
[59, 0.03, 34.98886327761961, 23.3259088517464, 0]
[58, 0.06, 70.69435234345794, 47.12956822897196, 0]
[63, 0.04, 34.69071763974113, 23.127145093160756, 0]
[57, 0.1, 34.69071763974113, 23.127145093160756, 0]
[60, 0.08, 121.69728771479127, 81.13152514319418, 0]
[65, 0.03, 34.69071763974113, 23.127145093160756, 0]
[45, 0.28, 34.98886327761961, 23.3259088517464, 0]
[46, 0.28, 30.09231578931271, 20.061543859541807, 0]
[64, 0.07, 36.9162482692382, 24.610832179492135, 0]
[67, 0.03, 69.59769401222393, 46.39846267481595, 0]
[66, 0.07, 38.81264917403486, 25.875099449356576, 0]
[61, 0.13, 98.3461845741048, 65.56412304940321, 0]
[62, 0.16, 159.85126458685357, 106.56750972456905, 0]
[71, 0.07, 19.874298457326137, 13.249532304884092, 0]
[68, 0.09, 137.8844938529222, 91.92299590194813, 0]
[72, 0.08, 23.33987346593934, 15.559915643959561, 0]
[70, 0.1, 19.874298457326137, 13.249532304884092, 0]
[69, 0.11, 22.099829086823203, 14.733219391215469, 0]
[77, 0.03, 40.200237142700516, 26.80015809513368, 0]
[76, 0.03, 33.778093593168315, 22.51872906211221, 0]
[81, 0.02, 169.75652319779675, 113.17101546519784, 0]
[78, 0.07, 169.75652319779675, 113.17101546519784, 0]
[74, 0.11, 93.1320050045976, 62.0880033363984, 0]
[79, 0.07, 121.69728771479127, 81.13152514319418, 0]
[80, 0.07, 121.69728771479127, 81.13152514319418, 0]
[75, 0.1, 49.93296081007382, 33.288640540049215, 0]
[73, 0.15, 93.1320050045976, 62.0880033363984, 0]
[83, 0.06, 49.93296081007382, 33.288640540049215, 0]
[84, 0.04, 49.93296081007382, 33.288640540049215, 0]
[82, 0.09, 139.92599357607347, 93.28399571738231, 0]
[86, 0.03, 49.93296081007382, 33.288640540049215, 0]
[85, 0.05, 49.93296081007382, 33.288640540049215, 0]
[88, 0.05, 49.93296081007382, 33.288640540049215, 0]
[89, 0.06, 49.93296081007382, 33.288640540049215, 0]
[90, 0.05, 22.365881787775862, 14.910587858517243, 0]
[92, 0.05, 25.274746286464794, 16.849830857643195, 0]
[91, 0.05, 22.365881787775862, 14.910587858517243, 0]
[87, 0.1, 82.20796825526796, 54.805312170178645, 0]
[94, 0.04, 15.66645481464121, 10.444303209760808, 0]
[93, 0.07, 79.00098273512049, 43.397324700926625, 0]
[99, 0.02, 69.59769401222393, 46.39846267481595, 0]
[97, 0.03, 32.528138034135715, 21.685425356090477, 0]
[101, 0.03, 22.099829086823203, 14.733219391215469, 0]
[102, 0.03, 15.66645481464121, 10.444303209760808, 0]
[96, 0.05, 32.528138034135715, 21.685425356090477, 0]
[103, 0.03, 22.099829086823203, 14.733219391215469, 0]
[98, 0.06, 22.365881787775862, 14.910587858517243, 0]
[100, 0.08, 36.95802305719482, 24.638682038129883, 0]
[104, 0.05, 30.941781027310224, 20.627854018206815, 0]
[105, 0.05, 25.274746286464794, 16.849830857643195, 0]
[106, 0.05, 15.66645481464121, 10.444303209760808, 0]
[95, 0.12, 36.9162482692382, 24.610832179492135, 0]
[109, 0.03, 22.365881787775862, 14.910587858517243, 0]
[107, 0.06, 22.099829086823203, 14.733219391215469, 0]
[108, 0.04, 15.66645481464121, 10.444303209760808, 0]
[112, 0.03, 22.365881787775862, 14.910587858517243, 0]
[114, 0.03, 30.941781027310224, 20.627854018206815, 0]
[111, 0.05, 32.528138034135715, 21.685425356090477, 0]
[115, 0.06, 38.81264917403486, 25.875099449356576, 0]
[119, 0.03, 69.59769401222393, 46.39846267481595, 0]
[117, 0.05, 30.941781027310224, 20.627854018206815, 0]
[116, 0.08, 38.81264917403486, 25.875099449356576, 0]
[118, 0.06, 34.98886327761961, 23.3259088517464, 0]
[110, 0.12, 36.9162482692382, 24.610832179492135, 0]
[122, 0.02, 15.66645481464121, 10.444303209760808, 0]
[121, 0.03, 36.95802305719482, 24.638682038129883, 0]
[120, 0.03, 15.66645481464121, 10.444303209760808, 0]
[113, 0.11, 78.54230450355807, 52.361536335705374, 0]
[124, 0.02, 15.66645481464121, 10.444303209760808, 0]
[123, 0.03, 22.099829086823203, 14.733219391215469, 0]
[126, 0.02, 22.365881787775862, 14.910587858517243, 0]
[127, 0.03, 23.33987346593934, 15.559915643959561, 0]
[129, 0.05, 121.69728771479127, 81.13152514319418, 0]
[131, 0.05, 69.59769401222393, 46.39846267481595, 0]
[130, 0.05, 121.69728771479127, 81.13152514319418, 0]
[134, 0.01, 23.33987346593934, 15.559915643959561, 0]
[125, 0.09, 22.099829086823203, 14.733219391215469, 0]
[132, 0.06, 81.8147012475821, 54.54313416505473, 0]
[136, 0.01, 19.874298457326137, 13.249532304884092, 0]
[128, 0.09, 23.33987346593934, 15.559915643959561, 0]
[135, 0.03, 22.099829086823203, 14.733219391215469, 0]
[140, 0.01, 40.200237142700516, 26.80015809513368, 0]
[138, 0.03, 33.778093593168315, 22.51872906211221, 0]
[143, 0.01, 15.66645481464121, 10.444303209760808, 0]
[139, 0.05, 69.59769401222393, 46.39846267481595, 0]
[142, 0.03, 22.099829086823203, 14.733219391215469, 0]
[133, 0.11, 32.528138034135715, 21.685425356090477, 0]
[137, 0.08, 30.09231578931271, 20.061543859541807, 0]
[146, 0.04, 23.33987346593934, 15.559915643959561, 0]
[141, 0.08, 15.66645481464121, 10.444303209760808, 0]
[147, 0.05, 22.099829086823203, 14.733219391215469, 0]
[145, 0.06, 25.274746286464794, 16.849830857643195, 0]
[144, 0.07, 15.66645481464121, 10.444303209760808, 0]
[150, 0.03, 15.66645481464121, 10.444303209760808, 0]
[153, 0.02, 19.874298457326137, 13.249532304884092, 0]
[152, 0.03, 15.66645481464121, 10.444303209760808, 0]
[148, 0.06, 15.66645481464121, 10.444303209760808, 0]
[154, 0.03, 22.099829086823203, 14.733219391215469, 0]
[149, 0.06, 19.874298457326137, 13.249532304884092, 0]
[151, 0.04, 43.44245122820622, 28.961634152137474, 0]
[155, 0.02, 15.66645481464121, 10.444303209760808, 0]
[156, 0.11, 92.44219893921927, 61.628132626146176, 0]
[163, 0.29, 13.668575909245588, 8.586424489166783, 20]
[162, 0.65, 13.668575909245588, 8.586424489166783, 20]
[164, 0.29, 15.102159628526806, 9.487404060884863, 20]
[157, 0.81, 38.86012405883252, 23.705199863036643, 26]
[161, 0.81, 49.7882503025705, 30.484326184057373, 31]
[160, 0.86, 41.98719752042612, 25.9090968857258, 26]
[169, 0.03, 49.93296081007382, 33.288640540049215, 0]
[170, 0.05, 36.9162482692382, 24.610832179492135, 0]
[171, 0.03, 36.9162482692382, 24.610832179492135, 0]
[166, 0.34, 16.13288715334314, 10.139991860259075, 20]
[173, 0.04, 11.663304369987467, 7.7755362466583104, 0]
[167, 0.3, 12.812565822231672, 7.98670265627389, 20]
[172, 0.12, 36.8429175435931, 24.56194502906207, 0]
[174, 0.07, 11.663304369987467, 7.7755362466583104, 0]
[159, 1.17, 45.229445869447304, 27.90695524607197, 26]
[175, 0.06, 11.257536148380874, 7.505024098920583, 0]
[177, 0.04, 10.00087369006769, 6.667249126711793, 0]
[179, 0.03, 11.257536148380874, 7.505024098920583, 0]
[178, 0.04, 11.663304369987467, 7.7755362466583104, 0]
[180, 0.05, 12.607188770759347, 8.404792513839565, 0]
[181, 0.05, 10.00087369006769, 6.667249126711793, 0]
[182, 0.06, 11.663304369987467, 7.7755362466583104, 0]
[176, 0.12, 41.72156229982669, 27.814374866551127, 0]
[165, 0.61, 15.102159628526806, 9.487404060884863, 20]
[183, 0.15, 7.356491032672196, 4.904327355114797, 16]
[184, 0.19, 4.529242799208311, 2.8696580727898464, 16]
[185, 0.2, 4.686934407591308, 2.967783173056799, 16]
[168, 0.64, 12.812565822231672, 7.98670265627389, 20]
[189, 0.06, 4.529242799208311, 2.8696580727898464, 16]
[192, 0.08, 4.887176315986667, 3.082743285494931, 16]
[190, 0.13, 4.686934407591308, 2.967783173056799, 16]
[187, 0.38, 4.887176315986667, 3.082743285494931, 16]
[193, 0.08, 9.952667362409779, 6.635111574939852, 16]
[196, 0.1, 4.686934407591308, 2.967783173056799, 16]
[194, 0.18, 7.356491032672196, 4.904327355114797, 16]
[191, 0.35, 5.205019417488532, 3.298255873611021, 16]
[197, 0.09, 4.686934407591308, 2.967783173056799, 16]
[198, 0.16, 4.686934407591308, 2.967783173056799, 16]
[200, 0.08, 5.371304138683382, 3.40171926535621, 16]
[201, 0.08, 5.371304138683382, 3.40171926535621, 16]
[188, 0.65, 9.91354274575568, 6.024747232342777, 20]
[203, 0.06, 4.686934407591308, 2.967783173056799, 16]
[205, 0.04, 11.200944851655798, 7.467296567770532, 0]
[202, 0.2, 4.686934407591308, 2.967783173056799, 16]
[199, 0.33, 4.686934407591308, 2.967783173056799, 16]
[186, 0.9, 16.222509163041543, 10.132199643375786, 32]
[206, 0.09, 4.529242799208311, 2.8696580727898464, 16]
[195, 0.61, 4.686934407591308, 2.967783173056799, 16]
[210, 0.1, 4.529242799208311, 2.8696580727898464, 16]
[207, 0.19, 4.529242799208311, 2.8696580727898464, 16]
[212, 0.12, 5.205019417488532, 3.298255873611021, 16]
[208, 0.37, 5.6507609924783475, 3.767173994985565, 16]
[214, 0.08, 4.529242799208311, 2.8696580727898464, 16]
[213, 0.23, 4.887176315986667, 3.082743285494931, 16]
[216, 0.05, 95.84575769543456, 63.89717179695637, 0]
[211, 0.42, 4.686934407591308, 2.967783173056799, 16]
[218, 0.12, 7.431027442141813, 4.954018294761209, 16]
[217, 0.18, 4.686934407591308, 2.967783173056799, 16]
[209, 0.76, 4.529242799208311, 2.8696580727898464, 16]
[221, 0.16, 4.686934407591308, 2.967783173056799, 16]
[220, 0.17, 4.686934407591308, 2.967783173056799, 16]
[219, 0.23, 4.686934407591308, 2.967783173056799, 16]
[223, 0.11, 94.47913864700753, 62.98609243133835, 0]
[215, 0.51, 16.222509163041543, 10.132199643375786, 24]
[224, 0.16, 4.969721457145641, 3.1341310441799184, 16]
[225, 0.21, 9.870364057083922, 6.580242704722615, 16]
[226, 0.15, 5.205019417488532, 3.298255873611021, 16]
[230, 0.05, 11.200944851655798, 7.467296567770532, 0]
[222, 0.34, 7.617644061665002, 5.078429374443335, 16]
[227, 0.2, 4.969721457145641, 3.1341310441799184, 16]
[229, 0.19, 7.431027442141813, 4.954018294761209, 16]
[204, 1.31, 16.222509163041543, 10.132199643375786, 32]
[233, 0.16, 5.6507609924783475, 3.767173994985565, 16]
[236, 0.04, 36.9162482692382, 24.610832179492135, 0]
[231, 0.27, 4.529242799208311, 2.8696580727898464, 16]
[234, 0.19, 5.6507609924783475, 3.767173994985565, 16]
[232, 0.31, 7.431027442141813, 4.954018294761209, 16]
[237, 0.18, 8.04781703884131, 5.3652113592275406, 16]
[238, 0.16, 5.8373776120015375, 3.891585074667691, 16]
[239, 0.16, 7.617644061665002, 5.078429374443335, 16]
[235, 0.35, 7.356491032672196, 4.904327355114797, 16]
[241, 0.15, 7.617644061665002, 5.078429374443335, 16]
[244, 0.1, 9.389441352796787, 6.259627568531191, 0]
[242, 0.16, 9.982444267137494, 6.654962844758329, 16]
[243, 0.17, 9.982444267137494, 6.654962844758329, 16]
[240, 0.35, 7.617644061665002, 5.078429374443335, 16]
[228, 0.94, 24.562179475823484, 14.72174801664157, 26]
[246, 0.23, 4.686934407591308, 2.967783173056799, 16]
[249, 0.07, 5.205019417488532, 3.298255873611021, 16]
[252, 0.09, 4.529242799208311, 2.8696580727898464, 16]
[245, 0.36, 4.529242799208311, 2.8696580727898464, 16]
[248, 0.26, 4.686934407591308, 2.967783173056799, 16]
[247, 0.37, 4.529242799208311, 2.8696580727898464, 16]
[251, 0.19, 4.529242799208311, 2.8696580727898464, 16]
[250, 0.24, 7.356491032672196, 4.904327355114797, 16]
[258, 0.09, 5.371304138683382, 3.40171926535621, 16]
[254, 0.2, 4.686934407591308, 2.967783173056799, 16]
[257, 0.17, 4.529242799208311, 2.8696580727898464, 16]
[259, 0.1, 4.686934407591308, 2.967783173056799, 16]
[261, 0.07, 33.150411504798065, 22.100274336532046, 0]
[255, 0.34, 5.205019417488532, 3.298255873611021, 16]
[262, 0.1, 4.686934407591308, 2.967783173056799, 16]
[253, 0.45, 4.686934407591308, 2.967783173056799, 16]
[264, 0.1, 4.686934407591308, 2.967783173056799, 16]
[256, 0.5, 4.887176315986667, 3.082743285494931, 16]
[267, 0.06, 34.57161313524403, 23.047742090162686, 0]
[263, 0.29, 4.686934407591308, 2.967783173056799, 16]
[260, 0.4, 16.222509163041543, 10.132199643375786, 24]
[265, 0.34, 4.686934407591308, 2.967783173056799, 16]
[269, 0.19, 12.647868893814117, 7.684051302042623, 24]
[266, 0.44, 4.686934407591308, 2.967783173056799, 16]
[270, 0.28, 4.969721457145641, 3.1341310441799184, 16]
[273, 0.21, 12.812565822231672, 7.98670265627389, 20]
[268, 0.44, 4.969721457145641, 3.1341310441799184, 16]
[272, 0.28, 29.434313065763696, 19.622875377175795, 20]
[276, 0.09, 4.325173329183665, 2.7273329300680595, 16]
[279, 0.06, 4.529242799208311, 2.8696580727898464, 16]
[275, 0.18, 5.6507609924783475, 3.767173994985565, 16]
[277, 0.17, 11.144353554930722, 7.429569036620482, 0]
[278, 0.17, 4.529242799208311, 2.8696580727898464, 16]
[280, 0.13, 4.529242799208311, 2.8696580727898464, 16]
[271, 0.59, 5.205019417488532, 3.298255873611021, 16]
[284, 0.02, 36.9162482692382, 24.610832179492135, 0]
[281, 0.2, 4.529242799208311, 2.8696580727898464, 16]
[283, 0.17, 4.529242799208311, 2.8696580727898464, 16]
[288, 0.05, 41.69937798394478, 27.799585322629852, 0]
[286, 0.18, 16.222509163041543, 10.132199643375786, 24]
[287, 0.11, 159.85126458685357, 106.56750972456905, 0]
[289, 0.04, 34.57161313524403, 23.047742090162686, 0]
[292, 0.03, 32.13579089042102, 21.423860593614013, 0]
[290, 0.09, 35.470960704332256, 23.647307136221503, 0]
[158, 5.77, 143.34381581413024, 80.96162368519693, 47]
[294, 0.03, 9.389441352796787, 6.259627568531191, 0]
[291, 0.12, 108.86039480845523, 72.57359653897015, 0]
[293, 0.05, 34.57804365710852, 23.052029104739013, 0]
[295, 0.08, 4.325173329183665, 2.7273329300680595, 16]
[285, 0.42, 155.8193782991151, 103.87958553274339, 0]
[282, 0.55, 7.729724271718574, 5.15314951447905, 16]
[299, 0.06, 7.356491032672196, 4.904327355114797, 16]
[296, 0.18, 4.529242799208311, 2.8696580727898464, 16]
[298, 0.17, 4.529242799208311, 2.8696580727898464, 16]
[297, 0.2, 4.887176315986667, 3.082743285494931, 16]
[302, 0.07, 4.887176315986667, 3.082743285494931, 16]
[306, 0.04, 11.144353554930722, 7.429569036620482, 0]
[274, 0.95, 14.596881225131874, 9.185270766529028, 20]
[304, 0.14, 4.529242799208311, 2.8696580727898464, 16]
[303, 0.16, 4.529242799208311, 2.8696580727898464, 16]
[307, 0.09, 4.529242799208311, 2.8696580727898464, 16]
[305, 0.17, 7.356491032672196, 4.904327355114797, 16]
[311, 0.07, 5.8373776120015375, 3.891585074667691, 16]
[313, 0.05, 147.61977893045142, 98.41318595363428, 0]
[309, 0.17, 4.529242799208311, 2.8696580727898464, 16]
[312, 0.15, 7.543107652195385, 5.028738434796923, 16]
[310, 0.18, 7.543107652195385, 5.028738434796923, 16]
[315, 0.09, 37.26508920757287, 24.843392805048577, 0]
[314, 0.13, 18.462768404072886, 12.308512269381923, 20]
[300, 0.53, 7.431027442141813, 4.954018294761209, 16]
[301, 0.57, 4.529242799208311, 2.8696580727898464, 16]
[308, 0.46, 4.529242799208311, 2.8696580727898464, 16]
[319, 0.26, 21.87422848446058, 14.582818989640387, 20]
[317, 0.34, 31.007672460581233, 20.671781640387486, 20]
[318, 0.44, 26.03215504294103, 17.354770028627357, 20]
[323, 0.19, 21.117389926113727, 14.078259950742485, 20]
[326, 0.24, 8.246937322215931, 5.4979582148106205, 16]
[325, 0.32, 7.634529150662852, 5.089686100441901, 0]
[327, 0.03, 11.663304369987467, 7.7755362466583104, 0]
[316, 0.9, 90.85283278626667, 60.53222118477021, 25]
[324, 0.53, 13.668575909245588, 8.586424489166783, 20]
[330, 0.07, 11.663304369987467, 7.7755362466583104, 0]
[320, 0.87, 21.87422848446058, 14.582818989640387, 20]
[328, 0.12, 7.634529150662852, 5.089686100441901, 0]
[321, 0.85, 18.462768404072886, 12.308512269381923, 20]
[334, 0.08, 25.120352012659705, 16.746901341773135, 0]
[333, 0.08, 82.20796825526796, 54.805312170178645, 0]
[329, 0.2, 8.246937322215931, 5.4979582148106205, 16]
[336, 0.04, 10.00087369006769, 6.667249126711793, 0]
[337, 0.05, 10.00087369006769, 6.667249126711793, 0]
[335, 0.07, 25.120352012659705, 16.746901341773135, 0]
[339, 0.06, 11.663304369987467, 7.7755362466583104, 0]
[340, 0.07, 12.607188770759347, 8.404792513839565, 0]
[331, 0.31, 7.431027442141813, 4.954018294761209, 16]
[338, 0.16, 11.257536148380874, 7.505024098920583, 0]
[341, 0.11, 10.213820391402585, 6.809213594268391, 16]
[344, 0.11, 75.78410175242084, 50.5227345016139, 0]
[342, 0.19, 4.686934407591308, 2.967783173056799, 16]
[346, 0.1, 10.213820391402585, 6.809213594268391, 16]
[345, 0.13, 16.65087029382048, 11.100580195880319, 0]
[322, 1.2, 24.528850006501422, 16.352566671000947, 20]
[348, 0.1, 13.105017417816807, 8.736678278544538, 16]
[350, 0.09, 40.10113647036724, 26.734090980244826, 0]
[351, 0.02, 10.00087369006769, 6.667249126711793, 0]
[354, 0.02, 10.00087369006769, 6.667249126711793, 0]
[347, 0.15, 9.952667362409779, 6.635111574939852, 16]
[352, 0.09, 10.00087369006769, 6.667249126711793, 0]
[349, 0.2, 13.57553656220323, 9.050357708135486, 16]
[353, 0.11, 11.663304369987467, 7.7755362466583104, 0]
[355, 0.1, 8.090097607420457, 5.393398404946971, 16]
[332, 0.64, 9.952667362409779, 6.635111574939852, 16]
[343, 0.42, 5.371304138683382, 3.40171926535621, 16]
[360, 0.04, 11.144353554930722, 7.429569036620482, 0]
[358, 0.12, 5.205019417488532, 3.298255873611021, 16]
[357, 0.12, 14.539868854469178, 9.693245902979452, 0]
[359, 0.13, 5.205019417488532, 3.298255873611021, 16]
[364, 0.06, 13.680977909258011, 9.120651939505342, 0]
[363, 0.14, 5.725297401947966, 3.816864934631977, 16]
[361, 0.19, 5.8373776120015375, 3.891585074667691, 16]
[365, 0.17, 9.389441352796787, 6.259627568531191, 0]
[368, 0.08, 4.887176315986667, 3.082743285494931, 16]
[369, 0.06, 9.389441352796787, 6.259627568531191, 0]
[371, 0.02, 11.663304369987467, 7.7755362466583104, 0]
[372, 0.02, 99.89845536968043, 66.59897024645363, 0]
[367, 0.14, 5.205019417488532, 3.298255873611021, 16]
[374, 0.05, 66.92317215990383, 44.61544810660255, 0]
[373, 0.05, 82.20796825526796, 54.805312170178645, 0]
[376, 0.02, 30.941781027310224, 20.627854018206815, 0]
[375, 0.06, 30.941781027310224, 20.627854018206815, 0]
[362, 0.33, 9.982444267137494, 6.654962844758329, 16]
[356, 0.43, 4.969721457145641, 3.1341310441799184, 16]
[378, 0.03, 66.92317215990383, 44.61544810660255, 0]
[377, 0.05, 30.941781027310224, 20.627854018206815, 0]
[379, 0.04, 36.9162482692382, 24.610832179492135, 0]
[366, 0.31, 8.276714226943646, 5.5178094846290975, 16]
[381, 0.05, 30.941781027310224, 20.627854018206815, 0]
[384, 0.04, 49.93296081007382, 33.288640540049215, 0]
[382, 0.06, 118.45014653174198, 78.96676435449464, 0]
[380, 0.08, 30.941781027310224, 20.627854018206815, 0]
[383, 0.06, 82.20796825526796, 54.805312170178645, 0]
[385, 0.03, 49.93296081007382, 33.288640540049215, 0]
[386, 0.03, 82.20796825526796, 54.805312170178645, 0]
[370, 0.22, 9.795827647614304, 6.530551765076203, 16]
[388, 0.04, 26.800935342079324, 17.86729022805288, 0]
[389, 0.04, 10.00087369006769, 6.667249126711793, 0]
[390, 0.06, 9.446032649521863, 6.297355099681242, 0]
[393, 0.04, 10.00087369006769, 6.667249126711793, 0]
[391, 0.06, 36.95802305719482, 24.638682038129883, 0]
[394, 0.05, 10.00087369006769, 6.667249126711793, 0]
[396, 0.01, 7.634529150662852, 5.089686100441901, 0]
[398, 0.02, 7.634529150662852, 5.089686100441901, 0]
[397, 0.03, 25.120352012659705, 16.746901341773135, 0]
[395, 0.04, 10.674508687049515, 7.116339124699676, 0]
[387, 0.13, 31.18747584416547, 20.79165056277698, 0]
[401, 0.05, 10.00087369006769, 6.667249126711793, 0]
[402, 0.06, 7.634529150662852, 5.089686100441901, 0]
[400, 0.06, 10.674508687049515, 7.116339124699676, 0]
[399, 0.08, 10.00087369006769, 6.667249126711793, 0]
[392, 0.16, 7.634529150662852, 5.089686100441901, 0]
[404, 0.02, 7.634529150662852, 5.089686100441901, 0]
[409, 0.02, 7.634529150662852, 5.089686100441901, 0]
[403, 0.11, 9.389441352796787, 6.259627568531191, 0]
[406, 0.07, 29.72341959700419, 19.81561306466946, 0]
[405, 0.07, 65.2953379337999, 43.530225289199926, 0]
[410, 0.05, 38.707732455924294, 25.805154970616194, 0]
[414, 0.02, 7.634529150662852, 5.089686100441901, 0]
[413, 0.04, 9.389441352796787, 6.259627568531191, 0]
[407, 0.12, 33.90953148942861, 22.606354326285743, 0]
[415, 0.03, 36.95802305719482, 24.638682038129883, 0]
[412, 0.07, 68.4558574375923, 45.637238291728195, 0]
[418, 0.02, 25.274746286464794, 16.849830857643195, 0]
[416, 0.06, 7.634529150662852, 5.089686100441901, 0]
[408, 0.16, 29.58112573334282, 19.720750488895213, 0]
[411, 0.17, 41.72964664771859, 27.819764431812395, 0]
[417, 0.09, 7.634529150662852, 5.089686100441901, 0]
[420, 0.09, 5.205019417488532, 3.298255873611021, 16]
[419, 0.17, 4.887176315986667, 3.082743285494931, 16]
[421, 0.16, 4.686934407591308, 2.967783173056799, 16]
[425, 0.1, 2.1200587127590937, 1.3197001318700003, 16]
[424, 0.17, 1.9725154761422503, 1.2326180825805493, 16]
[428, 0.08, 5.87329893474482, 3.704950013213425, 16]
[426, 0.17, 2.1200587127590937, 1.3197001318700003, 16]
[427, 0.19, 2.2548727591075814, 1.3950981615173828, 16]
[422, 0.38, 2.1200587127590937, 1.3197001318700003, 16]
[423, 0.37, 2.1200587127590937, 1.3197001318700003, 16]
[430, 0.18, 4.399958193477214, 2.6434934525931024, 20]
[435, 0.02, 10.00087369006769, 6.667249126711793, 0]
[431, 0.19, 1.9725154761422503, 1.2326180825805493, 16]
[436, 0.08, 1.9725154761422503, 1.2326180825805493, 16]
[432, 0.18, 1.9725154761422503, 1.2326180825805493, 16]
[429, 0.32, 4.458497056137155, 2.6806113146524013, 20]
[438, 0.09, 2.1200587127590937, 1.3197001318700003, 16]
[437, 0.17, 1.9725154761422503, 1.2326180825805493, 16]
[439, 0.17, 4.529242799208311, 2.8696580727898464, 16]
[433, 0.35, 2.1200587127590937, 1.3197001318700003, 16]
[440, 0.2, 1.9725154761422503, 1.2326180825805493, 16]
[434, 0.38, 10.027203771879396, 6.684802514586265, 16]
[442, 0.18, 1.8823986607784018, 1.171355330379534, 16]
[443, 0.16, 4.449740338930427, 2.9664935592869512, 16]
[441, 0.25, 5.383966519895206, 3.232632243315661, 24]
[445, 0.2, 4.529242799208311, 2.8696580727898464, 16]
[444, 0.26, 1.9345312579219842, 1.2055972857402921, 16]
[449, 0.13, 4.887176315986667, 3.082743285494931, 16]
[451, 0.01, 25.274746286464794, 16.849830857643195, 0]
[453, 0.02, 10.674508687049515, 7.116339124699676, 0]
[447, 0.18, 7.543107652195385, 5.028738434796923, 16]
[450, 0.18, 4.686934407591308, 2.967783173056799, 16]
[454, 0.09, 2.1200587127590937, 1.3197001318700003, 16]
[446, 0.33, 1.9725154761422503, 1.2326180825805493, 16]
[452, 0.17, 4.887176315986667, 3.082743285494931, 16]
[457, 0.08, 8.2344336583645, 5.489622438909667, 16]
[455, 0.17, 4.887176315986667, 3.082743285494931, 16]
[459, 0.03, 34.69071763974113, 23.127145093160756, 0]
[448, 0.36, 7.543107652195385, 5.028738434796923, 16]
[456, 0.14, 8.122353448310928, 5.414902298873952, 16]
[458, 0.13, 1.9725154761422503, 1.2326180825805493, 16]
[460, 0.12, 30.941781027310224, 20.627854018206815, 0]
[465, 0.09, 4.887176315986667, 3.082743285494931, 16]
[467, 0.02, 9.446032649521863, 6.297355099681242, 0]
[462, 0.15, 4.686934407591308, 2.967783173056799, 16]
[463, 0.17, 4.686934407591308, 2.967783173056799, 16]
[464, 0.18, 4.529242799208311, 2.8696580727898464, 16]
[461, 0.29, 5.205019417488532, 3.298255873611021, 16]
[470, 0.12, 1.9725154761422503, 1.2326180825805493, 16]
[468, 0.15, 1.9725154761422503, 1.2326180825805493, 16]
[469, 0.14, 1.9725154761422503, 1.2326180825805493, 16]
[466, 0.21, 5.205019417488532, 3.298255873611021, 16]
[471, 0.18, 1.9725154761422503, 1.2326180825805493, 16]
[472, 0.17, 2.1200587127590937, 1.3197001318700003, 16]
[473, 0.15, 2.1200587127590937, 1.3197001318700003, 16]
[475, 0.17, 4.529242799208311, 2.8696580727898464, 16]
[474, 0.18, 1.9725154761422503, 1.2326180825805493, 16]
[476, 0.19, 1.9725154761422503, 1.2326180825805493, 16]
[479, 0.12, 2.0630443855984484, 1.2822437799917676, 16]
[483, 0.1, 1.9725154761422503, 1.2326180825805493, 16]
[478, 0.22, 2.0630443855984484, 1.2822437799917676, 16]
[480, 0.19, 4.529242799208311, 2.8696580727898464, 16]
[477, 0.27, 1.8897182443471676, 1.1760845735011327, 16]
[482, 0.16, 9.446032649521863, 6.297355099681242, 0]
[481, 0.19, 1.8823986607784018, 1.171355330379534, 16]
[484, 0.1, 1.9725154761422503, 1.2326180825805493, 16]
[487, 0.1, 15.66645481464121, 10.444303209760808, 0]
[485, 0.2, 4.529242799208311, 2.8696580727898464, 16]
[489, 0.2, 1.8823986607784018, 1.171355330379534, 16]
[492, 0.03, 38.79421677587589, 25.86281118391726, 0]
[486, 0.24, 1.9725154761422503, 1.2326180825805493, 16]
[491, 0.13, 1.8823986607784018, 1.171355330379534, 16]
[496, 0.04, 38.79421677587589, 25.86281118391726, 0]
[490, 0.21, 1.8823986607784018, 1.171355330379534, 16]
[497, 0.01, 34.98886327761961, 23.3259088517464, 0]
[499, 0.02, 11.257536148380874, 7.505024098920583, 0]
[494, 0.19, 10.056980676607111, 6.704653784404742, 16]
[488, 0.47, 18.083185662671973, 11.101940589425766, 27]
[498, 0.19, 5.8373776120015375, 3.891585074667691, 16]
[500, 0.2, 25.80799462283389, 17.205329748555926, 20]
[493, 0.36, 7.729724271718574, 5.15314951447905, 16]
[504, 0.08, 5.8373776120015375, 3.891585074667691, 16]
[503, 0.14, 5.8373776120015375, 3.891585074667691, 16]
[506, 0.08, 5.725297401947966, 3.816864934631977, 16]
[502, 0.27, 7.729724271718574, 5.15314951447905, 16]
[508, 0.07, 4.686934407591308, 2.967783173056799, 16]
[510, 0.03, 22.365881787775862, 14.910587858517243, 0]
[507, 0.18, 5.371304138683382, 3.40171926535621, 16]
[505, 0.25, 7.431027442141813, 4.954018294761209, 16]
[495, 0.65, 33.45415047208393, 22.30276698138929, 24]
[501, 0.46, 26.173435935103875, 17.44895729006925, 24]
[511, 0.11, 41.83854218184011, 27.892361454560078, 0]
[509, 0.18, 3.9450309522845006, 2.6300206348563337, 16]
[516, 0.04, 10.00087369006769, 6.667249126711793, 0]
[515, 0.08, 10.00087369006769, 6.667249126711793, 0]
[512, 0.19, 4.686934407591308, 2.967783173056799, 16]
[513, 0.18, 4.686934407591308, 2.967783173056799, 16]
[514, 0.16, 4.686934407591308, 2.967783173056799, 16]
[517, 0.2, 2.1200587127590937, 1.3197001318700003, 16]
[519, 0.17, 4.529242799208311, 2.8696580727898464, 16]
[518, 0.2, 1.9725154761422503, 1.2326180825805493, 16]
[520, 0.19, 1.9725154761422503, 1.2326180825805493, 16]
[521, 0.21, 1.9725154761422503, 1.2326180825805493, 16]
[522, 0.19, 1.9725154761422503, 1.2326180825805493, 16]
[528, 0.06, 9.446032649521863, 6.297355099681242, 0]
[525, 0.16, 7.729724271718574, 5.15314951447905, 16]
[523, 0.19, 8.164634016890075, 5.443089344593384, 16]
[524, 0.19, 6.3420869986474635, 4.228057999098309, 16]
[526, 0.14, 5.8373776120015375, 3.891585074667691, 16]
[527, 0.16, 4.686934407591308, 2.967783173056799, 16]
[534, 0.01, 99.89845536968043, 66.59897024645363, 0]
[535, 0.02, 70.69435234345794, 47.12956822897196, 0]
[536, 0.02, 82.20796825526796, 54.805312170178645, 0]
[533, 0.07, 99.89845536968043, 66.59897024645363, 0]
[530, 0.14, 4.686934407591308, 2.967783173056799, 16]
[531, 0.14, 3.9450309522845006, 2.6300206348563337, 16]
[537, 0.05, 30.941781027310224, 20.627854018206815, 0]
[540, 0.04, 36.9162482692382, 24.610832179492135, 0]
[539, 0.05, 66.92317215990383, 44.61544810660255, 0]
[542, 0.02, 34.69071763974113, 23.127145093160756, 0]
[538, 0.08, 30.941781027310224, 20.627854018206815, 0]
[541, 0.03, 30.941781027310224, 20.627854018206815, 0]
[543, 0.03, 30.941781027310224, 20.627854018206815, 0]
[544, 0.02, 82.20796825526796, 54.805312170178645, 0]
[548, 0.03, 30.941781027310224, 20.627854018206815, 0]
[546, 0.04, 34.69071763974113, 23.127145093160756, 0]
[547, 0.05, 36.9162482692382, 24.610832179492135, 0]
[529, 0.29, 4.686934407591308, 2.967783173056799, 16]
[549, 0.03, 40.73059752087497, 27.153731680583313, 0]
[545, 0.08, 30.941781027310224, 20.627854018206815, 0]
[532, 0.3, 4.686934407591308, 2.967783173056799, 16]
[552, 0.09, 32.528138034135715, 21.685425356090477, 0]
[554, 0.1, 5.87329893474482, 3.704950013213425, 16]
[557, 0.08, 7.356491032672196, 4.904327355114797, 16]
[553, 0.21, 5.205019417488532, 3.298255873611021, 16]
[550, 0.25, 14.596881225131874, 9.185270766529028, 20]
[558, 0.06, 4.686934407591308, 2.967783173056799, 16]
[560, 0.04, 49.93296081007382, 33.288640540049215, 0]
[561, 0.03, 49.93296081007382, 33.288640540049215, 0]
[562, 0.03, 31.625490606974843, 21.083660404649894, 0]
[551, 0.33, 26.63061872478362, 17.75374581652241, 20]
[563, 0.06, 11.663304369987467, 7.7755362466583104, 0]
[564, 0.03, 10.00087369006769, 6.667249126711793, 0]
[567, 0.03, 11.663304369987467, 7.7755362466583104, 0]
[565, 0.06, 12.607188770759347, 8.404792513839565, 0]
[566, 0.06, 11.663304369987467, 7.7755362466583104, 0]
[559, 0.19, 4.686934407591308, 2.967783173056799, 16]
[555, 0.37, 5.205019417488532, 3.298255873611021, 16]
[556, 0.33, 5.205019417488532, 3.298255873611021, 16]
[568, 0.11, 2.070678745654678, 1.2871776038893021, 16]
[574, 0.09, 1.9725154761422503, 1.2326180825805493, 16]
[569, 0.19, 2.070678745654678, 1.2871776038893021, 16]
[572, 0.16, 7.634529150662852, 5.089686100441901, 0]
[570, 0.2, 2.1200587127590937, 1.3197001318700003, 16]
[571, 0.2, 7.356491032672196, 4.904327355114797, 16]
[575, 0.06, 3.9450309522845006, 2.6300206348563337, 16]
[579, 0.08, 38.71049778842422, 25.806998525616144, 0]
[581, 0.03, 25.274746286464794, 16.849830857643195, 0]
[576, 0.16, 1.9725154761422503, 1.2326180825805493, 16]
[580, 0.13, 4.887176315986667, 3.082743285494931, 16]
[578, 0.24, 26.63061872478362, 17.75374581652241, 20]
[582, 0.11, 2.0630443855984484, 1.2822437799917676, 16]
[573, 0.4, 1.9725154761422503, 1.2326180825805493, 16]
[586, 0.04, 11.264942430206762, 7.509961620137841, 0]
[583, 0.17, 4.887176315986667, 3.082743285494931, 16]
[577, 0.34, 2.1200587127590937, 1.3197001318700003, 16]
[588, 0.07, 4.529242799208311, 2.8696580727898464, 16]
[584, 0.18, 2.1200587127590937, 1.3197001318700003, 16]
[585, 0.16, 4.529242799208311, 2.8696580727898464, 16]
[591, 0.06, 4.686934407591308, 2.967783173056799, 16]
[589, 0.18, 3.9450309522845006, 2.6300206348563337, 16]
[594, 0.09, 5.205019417488532, 3.298255873611021, 16]
[595, 0.04, 9.389441352796787, 6.259627568531191, 0]
[592, 0.19, 5.205019417488532, 3.298255873611021, 16]
[593, 0.2, 4.887176315986667, 3.082743285494931, 16]
[587, 0.37, 1.9725154761422503, 1.2326180825805493, 16]
[596, 0.1, 1.9725154761422503, 1.2326180825805493, 16]
[590, 0.35, 3.9450309522845006, 2.6300206348563337, 16]
[601, 0.09, 2.0630443855984484, 1.2822437799917676, 16]
[597, 0.19, 2.1200587127590937, 1.3197001318700003, 16]
[598, 0.15, 4.529242799208311, 2.8696580727898464, 16]
[599, 0.17, 1.9725154761422503, 1.2326180825805493, 16]
[602, 0.1, 12.607188770759347, 8.404792513839565, 0]
[603, 0.09, 2.0630443855984484, 1.2822437799917676, 16]
[608, 0.09, 1.8375856472035852, 1.1418426181403747, 16]
[605, 0.19, 4.887176315986667, 3.082743285494931, 16]
[604, 0.19, 2.0630443855984484, 1.2822437799917676, 16]
[609, 0.03, 9.389441352796787, 6.259627568531191, 0]
[606, 0.17, 2.0630443855984484, 1.2822437799917676, 16]
[600, 0.34, 4.887176315986667, 3.082743285494931, 16]
[612, 0.09, 4.529242799208311, 2.8696580727898464, 16]
[613, 0.09, 31.625490606974843, 21.083660404649894, 0]
[615, 0.05, 31.625490606974843, 21.083660404649894, 0]
[616, 0.05, 11.663304369987467, 7.7755362466583104, 0]
[610, 0.19, 1.9725154761422503, 1.2326180825805493, 16]
[611, 0.21, 1.9725154761422503, 1.2326180825805493, 16]
[614, 0.17, 101.08708715135798, 67.39139143423866, 0]
[617, 0.07, 5.205019417488532, 3.298255873611021, 16]
[607, 0.35, 4.529242799208311, 2.8696580727898464, 16]
[622, 0.04, 11.663304369987467, 7.7755362466583104, 0]
[620, 0.06, 49.93296081007382, 33.288640540049215, 0]
[621, 0.05, 11.663304369987467, 7.7755362466583104, 0]
[624, 0.02, 11.663304369987467, 7.7755362466583104, 0]
[619, 0.09, 49.93296081007382, 33.288640540049215, 0]
[625, 0.04, 9.389441352796787, 6.259627568531191, 0]
[618, 0.19, 2.0630443855984484, 1.2822437799917676, 16]
[628, 0.09, 4.529242799208311, 2.8696580727898464, 16]
[623, 0.14, 11.663304369987467, 7.7755362466583104, 0]
[631, 0.09, 4.529242799208311, 2.8696580727898464, 16]
[629, 0.16, 4.529242799208311, 2.8696580727898464, 16]
[633, 0.02, 11.144353554930722, 7.429569036620482, 0]
[627, 0.22, 2.1200587127590937, 1.3197001318700003, 16]
[630, 0.16, 1.9725154761422503, 1.2326180825805493, 16]
[635, 0.08, 4.529242799208311, 2.8696580727898464, 16]
[637, 0.06, 11.264942430206762, 7.509961620137841, 0]
[626, 0.33, 1.8375856472035852, 1.1418426181403747, 16]
[634, 0.15, 1.9725154761422503, 1.2326180825805493, 16]
[638, 0.08, 5.205019417488532, 3.298255873611021, 16]
[636, 0.16, 5.6507609924783475, 3.767173994985565, 16]
[640, 0.1, 4.529242799208311, 2.8696580727898464, 16]
[642, 0.06, 9.389441352796787, 6.259627568531191, 0]
[639, 0.14, 4.686934407591308, 2.967783173056799, 16]
[644, 0.04, 142.84690474986334, 95.23126983324222, 0]
[632, 0.38, 1.8449052307723512, 1.146571861261973, 16]
[647, 0.03, 12.607188770759347, 8.404792513839565, 0]
[645, 0.07, 40.10113647036724, 26.734090980244826, 0]
[646, 0.05, 40.10113647036724, 26.734090980244826, 0]
[649, 0.03, 25.120352012659705, 16.746901341773135, 0]
[643, 0.16, 1.9725154761422503, 1.2326180825805493, 16]
[650, 0.06, 7.634529150662852, 5.089686100441901, 0]
[652, 0.04, 10.00087369006769, 6.667249126711793, 0]
[648, 0.09, 25.120352012659705, 16.746901341773135, 0]
[651, 0.07, 10.00087369006769, 6.667249126711793, 0]
[653, 0.04, 9.446032649521863, 6.297355099681242, 0]
[654, 0.04, 7.634529150662852, 5.089686100441901, 0]
[655, 0.07, 4.686934407591308, 2.967783173056799, 16]
[659, 0.07, 10.674508687049515, 7.116339124699676, 0]
[660, 0.08, 5.2096687898366, 3.473112526557734, 16]
[657, 0.18, 3.9450309522845006, 2.6300206348563337, 16]
[641, 0.41, 3.9450309522845006, 2.6300206348563337, 16]
[658, 0.18, 3.9450309522845006, 2.6300206348563337, 16]
[656, 0.23, 4.686934407591308, 2.967783173056799, 16]
[661, 0.14, 2.2548727591075814, 1.3950981615173828, 16]
