162 20
159 26
165 20
164 20
160 26
163 20
184 16
166 20
183 16
185 16
188 20
187 16
167 20
186 32
161 31
189 16
191 16
192 16
193 16
190 16
195 16
196 16
197 16
194 16
199 16
201 16
200 16
202 16
198 16
203 16
206 16
209 16
208 16
210 16
211 16
207 16
212 16
204 32
157 26
214 16
168 20
213 16
219 16
217 16
215 24
218 16
225 16
220 16
224 16
227 16
222 16
221 16
226 16
229 16
231 16
234 16
235 16
239 16
233 16
238 16
232 16
237 16
240 16
241 16
243 16
242 16
246 16
247 16
248 16
245 16
250 16
252 16
249 16
251 16
255 16
258 16
259 16
253 16
254 16
256 16
257 16
263 16
260 24
262 16
264 16
268 16
265 16
266 16
270 16
271 16
269 24
276 16
275 16
278 16
279 16
280 16
281 16
282 16
283 16
273 20
295 16
228 26
296 16
298 16
299 16
300 16
297 16
274 20
301 16
302 16
304 16
286 24
305 16
303 16
307 16
308 16
310 16
309 16
312 16
311 16
272 20
320 20
314 20
158 47
317 20
322 20
319 20
323 20
331 16
329 16
321 20
332 16
341 16
342 16
326 16
324 20
343 16
348 16
347 16
346 16
349 16
356 16
355 16
358 16
359 16
361 16
363 16
362 16
367 16
366 16
368 16
370 16
420 16
419 16
421 16
422 16
425 16
423 16
424 16
427 16
426 16
428 16
429 20
432 16
431 16
433 16
430 20
436 16
434 16
437 16
438 16
439 16
440 16
441 24
444 16
318 20
443 16
442 16
445 16
447 16
449 16
448 16
450 16
455 16
454 16
452 16
456 16
457 16
458 16
463 16
461 16
462 16
446 16
464 16
468 16
465 16
466 16
469 16
471 16
472 16
474 16
473 16
476 16
475 16
477 16
478 16
480 16
479 16
484 16
481 16
483 16
485 16
486 16
489 16
490 16
470 16
491 16
493 16
498 16
494 16
500 20
502 16
503 16
504 16
505 16
488 27
506 16
507 16
508 16
512 16
509 16
513 16
514 16
517 16
519 16
518 16
520 16
521 16
522 16
523 16
524 16
526 16
525 16
527 16
529 16
531 16
530 16
532 16
550 20
553 16
495 24
554 16
316 25
555 16
556 16
557 16
558 16
559 16
570 16
569 16
571 16
568 16
575 16
573 16
576 16
574 16
577 16
580 16
582 16
583 16
584 16
587 16
585 16
588 16
589 16
590 16
591 16
592 16
593 16
594 16
596 16
597 16
598 16
599 16
600 16
601 16
603 16
604 16
605 16
606 16
607 16
608 16
610 16
611 16
612 16
618 16
617 16
626 16
627 16
628 16
629 16
630 16
631 16
632 16
635 16
578 20
634 16
636 16
638 16
639 16
640 16
643 16
641 16
655 16
658 16
657 16
656 16
661 16
660 16
551 20
501 24
COMPLETE 321 5726
