adjacent begin ((0, 0, 0, 0, 1), (0, 0, 0, 0, 2)) (1, 1)
correlation done 0.020696060000034322 [{'energy': '3', 'power': 1, 'coefficient': '-409/17199'}, {'energy': '3', 'power': 2, 'coefficient': '1/21'}, {'energy': '9/2', 'power': 1, 'coefficient': '1/36'}, {'energy': '13/2', 'power': 1, 'coefficient': '1/588'}]
{
  "name": "adjacent",
  "faces": [
    [
      0,
      0,
      0,
      0,
      1
    ],
    [
      0,
      0,
      0,
      0,
      2
    ]
  ],
  "source_exponents": [
    1,
    1
  ],
  "marked_indices": [
    0,
    1
  ],
  "resolvent": [
    {
      "energy": "3",
      "power": 1,
      "coefficient": "-409/17199"
    },
    {
      "energy": "3",
      "power": 2,
      "coefficient": "1/21"
    },
    {
      "energy": "9/2",
      "power": 1,
      "coefficient": "1/36"
    },
    {
      "energy": "13/2",
      "power": 1,
      "coefficient": "1/588"
    }
  ],
  "static": "4/1053",
  "covariance": "2/351",
  "heat": [
    {
      "energy": "3",
      "degree": 0,
      "coefficient": "-409/17199"
    },
    {
      "energy": "3",
      "degree": 1,
      "coefficient": "1/21"
    },
    {
      "energy": "9/2",
      "degree": 0,
      "coefficient": "1/36"
    },
    {
      "energy": "13/2",
      "degree": 0,
      "coefficient": "1/588"
    }
  ],
  "elapsed": 0.02230590800002119
}
