fresh-record-ordinary True
fresh-record-optimized True
proof-corruption-ordinary True
coefficient-corruption-ordinary True
receipt-corruption-ordinary True
duplicate-key-ordinary True
missing-original-dependency-ordinary True
schema-corruption-ordinary True
restored-record-ordinary True
proof-corruption-optimized True
coefficient-corruption-optimized True
receipt-corruption-optimized True
duplicate-key-optimized True
missing-original-dependency-optimized True
schema-corruption-optimized True
restored-record-optimized True
fresh-full-catalogue True
fresh-independent-ordinary True
fresh-independent-optimized True
final-restored-record True
COMPLETE 20
