[0, 0.006, 10, 1, 3]
[2, 0.052, 22, 2, 9]
[1, 0.054, 22, 2, 9]
[3, 0.096, 31, 2, 15]
[5, 0.084, 64, 3, 12]
[6, 0.084, 64, 3, 12]
[4, 0.199, 70, 3, 26]
[7, 0.155, 70, 3, 20]
[9, 0.123, 85, 3, 20]
[10, 0.071, 88, 3, 12]
[8, 0.156, 70, 3, 20]
[13, 0.062, 64, 3, 12]
[11, 0.091, 31, 2, 15]
[14, 0.08, 64, 3, 12]
[15, 0.081, 64, 3, 12]
[17, 0.066, 88, 3, 12]
[12, 0.198, 46, 3, 26]
[16, 0.115, 85, 3, 20]
[18, 0.08, 64, 3, 12]
[19, 0.074, 64, 3, 12]
[21, 0.182, 82, 3, 23]
[23, 0.133, 112, 3, 23]
[22, 0.175, 82, 3, 23]
[20, 0.378, 82, 3, 37]
[25, 0.361, 136, 4, 28]
[26, 0.448, 148, 4, 38]
[24, 0.581, 142, 4, 42]
[29, 0.086, 49, 3, 16]
[28, 0.234, 184, 4, 28]
[31, 0.098, 112, 4, 16]
[30, 0.235, 70, 4, 24]
[32, 0.269, 136, 4, 20]
[27, 0.794, 364, 4, 46]
[35, 0.136, 112, 4, 16]
[34, 0.227, 112, 4, 16]
[37, 0.083, 154, 4, 16]
[36, 0.136, 184, 4, 20]
[38, 0.077, 154, 4, 16]
[39, 0.101, 49, 3, 16]
[40, 0.118, 112, 4, 16]
[41, 0.126, 112, 4, 16]
[42, 0.124, 112, 4, 16]
[44, 0.19, 136, 4, 20]
[45, 0.152, 184, 4, 20]
[43, 0.284, 136, 4, 20]
[47, 0.08, 154, 4, 16]
[46, 0.176, 154, 4, 16]
[48, 0.169, 82, 3, 23]
[50, 0.163, 136, 4, 20]
[51, 0.288, 136, 4, 20]
[52, 0.283, 136, 4, 20]
[33, 1.427, 580, 4, 40]
[49, 0.547, 130, 4, 38]
[54, 0.105, 184, 4, 20]
[53, 0.23, 208, 4, 28]
[56, 0.124, 136, 4, 20]
[55, 0.159, 184, 4, 20]
[59, 0.146, 184, 4, 20]
[57, 0.263, 136, 4, 20]
[60, 0.202, 196, 3, 23]
[58, 0.277, 208, 4, 28]
[63, 0.135, 184, 4, 20]
[64, 0.141, 184, 4, 20]
[65, 0.074, 262, 4, 20]
[67, 0.078, 199, 3, 16]
[61, 0.428, 670, 4, 34]
[69, 0.063, 172, 4, 16]
[66, 0.289, 262, 4, 20]
[70, 0.044, 172, 4, 16]
[72, 0.054, 253, 4, 16]
[71, 0.067, 253, 4, 16]
[74, 0.457, 877, 4, 28]
[62, 1.165, 949, 4, 52]
[73, 0.709, 652, 4, 28]
[76, 0.092, 112, 4, 16]
[75, 0.275, 112, 4, 28]
[77, 0.277, 70, 4, 24]
[79, 0.332, 82, 3, 23]
[78, 0.383, 58, 3, 37]
[80, 0.32, 112, 3, 23]
[81, 0.271, 58, 3, 37]
[83, 0.278, 112, 4, 28]
[82, 0.52, 124, 4, 42]
[84, 0.403, 112, 4, 28]
[68, 2.109, 952, 4, 48]
[85, 0.362, 112, 4, 28]
[88, 0.171, 154, 4, 28]
[87, 0.282, 160, 4, 38]
[86, 0.413, 112, 4, 28]
[89, 0.127, 154, 4, 28]
[92, 0.155, 112, 4, 16]
[91, 0.186, 112, 4, 16]
[93, 0.164, 196, 4, 20]
[90, 0.209, 112, 4, 16]
[94, 0.071, 154, 4, 16]
[96, 0.079, 154, 4, 16]
[95, 0.12, 184, 4, 20]
[98, 0.095, 112, 4, 16]
[99, 0.073, 49, 3, 16]
[97, 0.221, 154, 4, 16]
[101, 0.112, 112, 4, 16]
[102, 0.123, 112, 4, 16]
[103, 0.075, 112, 4, 16]
[104, 0.097, 184, 4, 20]
[105, 0.07, 154, 4, 16]
[106, 0.07, 154, 4, 16]
[100, 0.291, 70, 4, 24]
[108, 0.081, 112, 4, 16]
[107, 0.084, 112, 4, 16]
[109, 0.078, 112, 4, 16]
[111, 0.049, 154, 4, 16]
[112, 0.053, 154, 4, 16]
[110, 0.095, 184, 4, 20]
[114, 0.138, 184, 4, 20]
[113, 0.306, 670, 4, 30]
[116, 0.348, 184, 4, 20]
[117, 0.242, 262, 4, 20]
[119, 0.05, 199, 3, 16]
[118, 0.156, 262, 4, 20]
[115, 0.43, 184, 4, 20]
[120, 0.097, 172, 4, 16]
[122, 0.057, 172, 4, 16]
[123, 0.066, 172, 4, 16]
[124, 0.045, 253, 4, 16]
[125, 0.07, 253, 4, 16]
[126, 0.191, 172, 4, 16]
[121, 0.294, 244, 4, 24]
[128, 0.166, 253, 4, 16]
[127, 0.269, 172, 4, 16]
[131, 0.062, 49, 3, 16]
[129, 0.113, 82, 3, 23]
[130, 0.117, 82, 3, 23]
[133, 0.087, 112, 4, 16]
[136, 0.077, 154, 4, 16]
[135, 0.155, 154, 4, 16]
[132, 0.21, 112, 4, 24]
[134, 0.203, 112, 4, 16]
[137, 0.051, 154, 4, 16]
[138, 0.121, 154, 4, 16]
[141, 0.086, 112, 4, 16]
[139, 0.113, 49, 3, 16]
[143, 0.111, 112, 4, 16]
[142, 0.121, 112, 4, 16]
[144, 0.187, 112, 4, 16]
[140, 0.304, 70, 4, 24]
[145, 0.118, 154, 4, 16]
[146, 0.143, 154, 4, 16]
[149, 0.044, 172, 4, 16]
[150, 0.054, 172, 4, 16]
[147, 0.15, 112, 4, 16]
[153, 0.044, 253, 4, 16]
[148, 0.215, 112, 4, 16]
[152, 0.069, 172, 4, 16]
[154, 0.072, 172, 4, 16]
[155, 0.073, 253, 4, 16]
[151, 0.241, 244, 4, 24]
[159, 0.355, 352, 5, 36]
[157, 0.471, 256, 5, 36]
[160, 0.635, 256, 5, 36]
[161, 0.757, 256, 5, 42]
[156, 1.297, 256, 5, 60]
[162, 0.267, 256, 5, 24]
[163, 0.184, 256, 5, 24]
[164, 0.192, 256, 5, 24]
[165, 0.13, 352, 5, 24]
[167, 0.108, 352, 5, 24]
[166, 0.185, 352, 5, 24]
[168, 0.168, 352, 5, 24]
[170, 0.123, 136, 4, 20]
[171, 0.131, 136, 4, 20]
[158, 1.785, 580, 5, 78]
[169, 0.256, 112, 4, 28]
[174, 0.264, 160, 5, 24]
[173, 0.328, 160, 5, 24]
[175, 0.417, 160, 5, 24]
[172, 0.731, 184, 5, 36]
[178, 0.277, 160, 5, 24]
[177, 0.442, 160, 5, 24]
[179, 0.182, 220, 5, 24]
[180, 0.194, 220, 5, 24]
[181, 0.297, 232, 5, 24]
[182, 0.257, 232, 5, 24]
[184, 0.108, 256, 5, 16]
[183, 0.246, 256, 5, 16]
[185, 0.096, 256, 5, 16]
[187, 0.112, 256, 5, 16]
[188, 0.191, 448, 5, 20]
[189, 0.121, 352, 5, 16]
[190, 0.069, 352, 5, 16]
[191, 0.079, 352, 5, 16]
[192, 0.16, 352, 5, 16]
[194, 0.097, 256, 5, 16]
[193, 0.231, 352, 5, 16]
[196, 0.103, 256, 5, 16]
[186, 0.814, 928, 5, 32]
[195, 0.289, 1024, 5, 16]
[197, 0.169, 256, 5, 16]
[198, 0.099, 256, 5, 16]
[200, 0.069, 352, 5, 16]
[199, 0.097, 256, 5, 16]
[201, 0.125, 352, 5, 16]
[202, 0.134, 352, 5, 16]
[203, 0.129, 352, 5, 16]
[176, 2.06, 952, 5, 48]
[206, 0.081, 256, 5, 16]
[207, 0.144, 256, 5, 16]
[205, 0.239, 160, 5, 24]
[208, 0.149, 256, 5, 16]
[211, 0.066, 352, 5, 16]
[209, 0.166, 256, 5, 16]
[210, 0.174, 256, 5, 16]
[204, 0.464, 1288, 5, 32]
[212, 0.126, 352, 5, 16]
[213, 0.07, 352, 5, 16]
[214, 0.063, 352, 5, 16]
[218, 0.095, 484, 5, 16]
[217, 0.141, 484, 5, 16]
[215, 0.237, 1336, 5, 28]
[221, 0.05, 496, 5, 16]
[219, 0.159, 352, 5, 16]
[222, 0.085, 496, 5, 16]
[220, 0.211, 1408, 5, 16]
[225, 0.088, 484, 5, 16]
[224, 0.143, 352, 5, 16]
[226, 0.053, 496, 5, 16]
[227, 0.081, 496, 5, 16]
[229, 0.138, 352, 5, 16]
[230, 0.316, 496, 5, 24]
[231, 0.069, 352, 5, 16]
[232, 0.103, 496, 5, 16]
[216, 1.228, 5314, 5, 48]
[228, 0.755, 4810, 5, 32]
[234, 0.174, 352, 5, 16]
[235, 0.176, 496, 5, 16]
[233, 0.252, 352, 5, 16]
[236, 0.128, 136, 4, 20]
[238, 0.09, 256, 5, 16]
[237, 0.112, 256, 5, 16]
[241, 0.1, 352, 5, 16]
[239, 0.147, 256, 5, 16]
[240, 0.135, 352, 5, 16]
[243, 0.072, 352, 5, 16]
[242, 0.16, 352, 5, 16]
[245, 0.133, 256, 5, 16]
[244, 0.203, 160, 5, 24]
[246, 0.122, 256, 5, 16]
[247, 0.12, 256, 5, 16]
[248, 0.135, 352, 5, 16]
[249, 0.167, 352, 5, 16]
[251, 0.166, 256, 5, 16]
[250, 0.215, 256, 5, 16]
[252, 0.118, 256, 5, 16]
[254, 0.069, 352, 5, 16]
[255, 0.12, 352, 5, 16]
[253, 0.185, 256, 5, 16]
[256, 0.142, 352, 5, 16]
[257, 0.071, 352, 5, 16]
[258, 0.079, 352, 5, 16]
[259, 0.136, 352, 5, 16]
[262, 0.056, 484, 5, 16]
[263, 0.056, 484, 5, 16]
[260, 0.273, 1336, 5, 28]
[264, 0.063, 352, 5, 16]
[265, 0.054, 352, 5, 16]
[266, 0.043, 496, 5, 16]
[268, 0.108, 352, 5, 16]
[269, 0.226, 1336, 5, 24]
[270, 0.059, 484, 5, 16]
[261, 0.769, 1888, 5, 36]
[271, 0.109, 496, 5, 16]
[273, 0.285, 1744, 5, 24]
[272, 0.541, 1288, 5, 24]
[274, 0.22, 1774, 5, 24]
[275, 0.053, 352, 5, 16]
[276, 0.059, 352, 5, 16]
[278, 0.057, 352, 5, 16]
[279, 0.078, 352, 5, 16]
[280, 0.051, 496, 5, 16]
[277, 0.278, 496, 5, 24]
[281, 0.061, 496, 5, 16]
[282, 0.058, 352, 5, 16]
[283, 0.046, 496, 5, 16]
[284, 0.109, 556, 4, 20]
[267, 1.763, 1900, 5, 40]
[286, 0.255, 1864, 5, 28]
[288, 0.987, 1960, 5, 36]
[223, 6.026, 5116, 5, 54]
[289, 0.772, 1960, 5, 36]
[290, 0.785, 1936, 5, 36]
[292, 0.534, 2662, 5, 36]
[293, 0.399, 2746, 5, 36]
[294, 0.166, 220, 5, 24]
[295, 0.144, 352, 5, 16]
[296, 0.11, 352, 5, 16]
[291, 2.246, 6724, 5, 48]
[297, 0.126, 484, 5, 16]
[298, 0.065, 484, 5, 16]
[299, 0.122, 484, 5, 16]
[300, 0.075, 352, 5, 16]
[287, 4.288, 4949, 4, 52]
[301, 0.162, 352, 5, 16]
[303, 0.054, 484, 5, 16]
[302, 0.151, 484, 5, 16]
[305, 0.045, 496, 5, 16]
[304, 0.055, 484, 5, 16]
[307, 0.052, 496, 5, 16]
[308, 0.055, 496, 5, 16]
[306, 0.202, 700, 5, 24]
[309, 0.112, 706, 5, 16]
[310, 0.116, 496, 5, 16]
[312, 0.076, 706, 5, 16]
[311, 0.101, 496, 5, 16]
[314, 0.493, 1312, 5, 24]
[285, 5.692, 5660, 5, 88]
[317, 0.471, 1804, 5, 24]
[315, 1.246, 820, 5, 36]
[316, 0.958, 2548, 5, 36]
[318, 0.587, 1312, 5, 24]
[320, 0.405, 1804, 5, 24]
[319, 0.6, 1312, 5, 24]
[322, 0.527, 1312, 5, 24]
[323, 0.537, 1312, 5, 24]
[325, 0.185, 160, 5, 24]
[326, 0.105, 256, 5, 16]
[324, 0.329, 1804, 5, 24]
[321, 0.963, 1804, 5, 24]
[329, 0.195, 616, 5, 16]
[328, 0.235, 880, 5, 24]
[327, 0.261, 160, 5, 24]
[331, 0.084, 868, 5, 16]
[332, 0.147, 856, 5, 16]
[333, 0.361, 130, 4, 38]
[334, 0.352, 100, 5, 36]
[330, 0.533, 868, 5, 24]
[337, 0.151, 232, 5, 24]
[336, 0.286, 160, 5, 24]
[338, 0.179, 220, 5, 24]
[335, 0.407, 100, 5, 36]
[339, 0.11, 232, 5, 24]
[340, 0.154, 220, 5, 24]
[342, 0.169, 868, 5, 16]
[341, 0.276, 616, 5, 16]
[313, 4.228, 3404, 4, 38]
[343, 0.176, 856, 5, 16]
[344, 0.206, 142, 4, 28]
[346, 0.103, 256, 5, 16]
[347, 0.091, 352, 5, 16]
[345, 0.214, 160, 5, 24]
[349, 0.132, 352, 5, 16]
[348, 0.14, 352, 5, 16]
[351, 0.179, 160, 5, 24]
[353, 0.199, 160, 5, 24]
[352, 0.211, 160, 5, 24]
[355, 0.121, 352, 5, 16]
[356, 0.134, 352, 5, 16]
[354, 0.293, 160, 5, 24]
[358, 0.054, 496, 5, 16]
[359, 0.039, 496, 5, 16]
[350, 0.607, 160, 5, 48]
[357, 0.283, 496, 5, 24]
[362, 0.215, 784, 5, 16]
[361, 0.239, 784, 5, 16]
[360, 0.286, 1120, 5, 24]
[363, 0.143, 784, 5, 16]
[366, 0.192, 784, 5, 16]
[367, 0.183, 1078, 5, 16]
[364, 0.335, 490, 5, 24]
[368, 0.182, 1078, 5, 16]
[369, 0.182, 160, 5, 24]
[370, 0.106, 256, 5, 16]
[371, 0.192, 160, 5, 24]
[372, 0.165, 70, 3, 20]
[375, 0.084, 184, 4, 20]
[365, 0.712, 1120, 5, 24]
[374, 0.186, 142, 4, 28]
[377, 0.082, 184, 4, 20]
[373, 0.358, 130, 4, 38]
[376, 0.199, 136, 4, 20]
[379, 0.128, 136, 4, 20]
[380, 0.127, 136, 4, 20]
[378, 0.209, 208, 4, 28]
[381, 0.089, 184, 4, 20]
[382, 0.212, 46, 3, 26]
[384, 0.211, 112, 4, 28]
[385, 0.227, 154, 4, 28]
[383, 0.359, 130, 4, 38]
[386, 0.219, 160, 4, 38]
[389, 0.207, 160, 5, 24]
[388, 0.292, 250, 5, 36]
[387, 0.431, 256, 5, 36]
[390, 0.265, 160, 5, 24]
[391, 0.15, 70, 4, 24]
[392, 0.186, 160, 5, 24]
[394, 0.099, 232, 5, 24]
[396, 0.109, 220, 5, 24]
[395, 0.177, 220, 5, 24]
[393, 0.257, 160, 5, 24]
[399, 0.109, 232, 5, 24]
[400, 0.104, 220, 5, 24]
[398, 0.262, 160, 5, 24]
[402, 0.111, 220, 5, 24]
[401, 0.176, 232, 5, 24]
[397, 0.42, 100, 5, 36]
[403, 0.184, 160, 5, 24]
[404, 0.261, 160, 5, 24]
[406, 0.342, 1042, 5, 38]
[407, 0.308, 1042, 5, 38]
[409, 0.094, 334, 5, 24]
[408, 0.492, 1414, 5, 36]
[410, 1.899, 1000, 5, 40]
[405, 2.35, 1534, 5, 60]
[413, 0.087, 232, 5, 24]
[414, 0.094, 232, 5, 24]
[416, 0.098, 232, 5, 24]
[415, 0.125, 274, 4, 24]
[417, 0.136, 334, 5, 24]
[418, 0.134, 112, 4, 16]
[420, 0.074, 352, 5, 16]
[419, 0.126, 256, 5, 16]
[412, 2.177, 1534, 5, 60]
[421, 0.169, 256, 5, 16]
[423, 0.078, 352, 5, 16]
[422, 0.185, 256, 5, 16]
[424, 0.052, 352, 5, 16]
[427, 0.076, 352, 5, 16]
[426, 0.11, 352, 5, 16]
[425, 0.175, 256, 5, 16]
[429, 0.115, 544, 5, 20]
[430, 0.094, 736, 5, 20]
[428, 0.259, 352, 5, 16]
[431, 0.107, 352, 5, 16]
[432, 0.112, 496, 5, 16]
[433, 0.067, 352, 5, 16]
[434, 0.118, 256, 5, 16]
[437, 0.113, 352, 5, 16]
[435, 0.214, 160, 5, 24]
[436, 0.185, 256, 5, 16]
[439, 0.099, 256, 5, 16]
[438, 0.128, 352, 5, 16]
[440, 0.114, 256, 5, 16]
[442, 0.054, 352, 5, 16]
[444, 0.045, 484, 5, 16]
[441, 0.193, 1336, 5, 24]
[443, 0.159, 484, 5, 16]
[445, 0.087, 484, 5, 16]
[446, 0.049, 496, 5, 16]
[447, 0.213, 352, 5, 16]
[449, 0.186, 484, 5, 16]
[411, 3.69, 1354, 5, 40]
[448, 0.249, 352, 5, 16]
[450, 0.085, 496, 5, 16]
[452, 0.055, 352, 5, 16]
[451, 0.076, 424, 4, 16]
[454, 0.053, 496, 5, 16]
[455, 0.092, 496, 5, 16]
[458, 0.12, 352, 5, 16]
[453, 0.274, 496, 5, 24]
[456, 0.241, 352, 5, 16]
[457, 0.242, 352, 5, 16]
[459, 0.117, 136, 4, 20]
[460, 0.121, 136, 4, 20]
[461, 0.117, 256, 5, 16]
[462, 0.087, 256, 5, 16]
[465, 0.069, 352, 5, 16]
[463, 0.122, 352, 5, 16]
[466, 0.133, 352, 5, 16]
[464, 0.156, 352, 5, 16]
[468, 0.081, 256, 5, 16]
[469, 0.114, 256, 5, 16]
[470, 0.125, 256, 5, 16]
[471, 0.117, 352, 5, 16]
[467, 0.274, 160, 5, 24]
[474, 0.067, 352, 5, 16]
[472, 0.126, 352, 5, 16]
[473, 0.128, 352, 5, 16]
[475, 0.094, 256, 5, 16]
[477, 0.053, 484, 5, 16]
[478, 0.063, 352, 5, 16]
[480, 0.056, 352, 5, 16]
[476, 0.169, 256, 5, 16]
[479, 0.118, 484, 5, 16]
[481, 0.117, 352, 5, 16]
[483, 0.061, 352, 5, 16]
[484, 0.053, 496, 5, 16]
[485, 0.057, 352, 5, 16]
[486, 0.053, 496, 5, 16]
[487, 0.043, 154, 4, 16]
[490, 0.063, 352, 5, 16]
[489, 0.068, 352, 5, 16]
[482, 0.308, 496, 5, 24]
[491, 0.124, 484, 5, 16]
[493, 0.211, 352, 5, 16]
[492, 0.437, 490, 4, 20]
[494, 0.309, 352, 5, 16]
[488, 0.629, 1372, 5, 30]
[497, 0.288, 580, 4, 20]
[498, 0.214, 352, 5, 16]
[496, 0.468, 484, 4, 20]
[499, 0.287, 220, 5, 24]
[500, 0.267, 688, 5, 24]
[495, 0.893, 2302, 5, 28]
[503, 0.244, 352, 5, 16]
[502, 0.302, 352, 5, 16]
[505, 0.156, 352, 5, 16]
[506, 0.199, 352, 5, 16]
[507, 0.101, 484, 5, 16]
[504, 0.364, 484, 5, 16]
[508, 0.098, 484, 5, 16]
[510, 0.127, 592, 4, 16]
[509, 0.145, 496, 5, 16]
[513, 0.092, 496, 5, 16]
[512, 0.155, 496, 5, 16]
[514, 0.141, 706, 5, 16]
[501, 1.114, 2302, 5, 28]
[517, 0.052, 484, 5, 16]
[518, 0.06, 484, 5, 16]
[515, 0.308, 496, 5, 24]
[516, 0.247, 700, 5, 24]
[520, 0.08, 352, 5, 16]
[521, 0.052, 484, 5, 16]
[522, 0.053, 496, 5, 16]
[519, 0.193, 352, 5, 16]
[523, 0.228, 484, 5, 16]
[524, 0.192, 484, 5, 16]
[527, 0.089, 496, 5, 16]
[526, 0.114, 496, 5, 16]
[525, 0.34, 352, 5, 16]
[529, 0.094, 496, 5, 16]
[530, 0.076, 706, 5, 16]
[532, 0.078, 706, 5, 16]
[531, 0.174, 496, 5, 16]
[534, 0.101, 70, 3, 20]
[533, 0.163, 70, 3, 20]
[528, 0.421, 700, 5, 24]
[537, 0.12, 136, 4, 20]
[535, 0.272, 142, 4, 28]
[538, 0.23, 136, 4, 20]
[536, 0.373, 130, 4, 38]
[539, 0.14, 208, 4, 28]
[540, 0.129, 136, 4, 20]
[541, 0.127, 136, 4, 20]
[542, 0.189, 184, 4, 20]
[543, 0.163, 184, 4, 20]
[545, 0.11, 184, 4, 20]
[546, 0.078, 262, 4, 20]
[547, 0.089, 184, 4, 20]
[548, 0.059, 262, 4, 20]
[544, 0.357, 271, 4, 38]
[550, 0.217, 256, 5, 24]
[552, 0.157, 112, 4, 16]
[551, 0.376, 352, 5, 24]
[554, 0.079, 352, 5, 16]
[553, 0.143, 256, 5, 16]
[549, 0.631, 256, 5, 40]
[555, 0.142, 352, 5, 16]
[556, 0.152, 352, 5, 16]
[557, 0.076, 352, 5, 16]
[558, 0.067, 352, 5, 16]
[559, 0.055, 496, 5, 16]
[560, 0.196, 112, 4, 28]
[561, 0.294, 112, 4, 28]
[562, 0.424, 184, 5, 36]
[563, 0.296, 160, 5, 24]
[564, 0.217, 160, 5, 24]
[565, 0.118, 220, 5, 24]
[566, 0.116, 232, 5, 24]
[567, 0.173, 232, 5, 24]
[569, 0.123, 352, 5, 16]
[568, 0.157, 256, 5, 16]
[570, 0.064, 352, 5, 16]
[571, 0.098, 256, 5, 16]
[573, 0.154, 256, 5, 16]
[572, 0.211, 160, 5, 24]
[574, 0.169, 256, 5, 16]
[575, 0.096, 256, 5, 16]
[577, 0.065, 352, 5, 16]
[576, 0.169, 256, 5, 16]
[580, 0.075, 352, 5, 16]
[581, 0.137, 424, 4, 16]
[582, 0.065, 352, 5, 16]
[583, 0.164, 484, 5, 16]
[584, 0.056, 496, 5, 16]
[511, 4.569, 3400, 5, 44]
[585, 0.113, 352, 5, 16]
[587, 0.063, 352, 5, 16]
[586, 0.324, 496, 5, 24]
[579, 0.934, 1900, 5, 36]
[588, 0.178, 496, 5, 16]
[591, 0.157, 496, 5, 16]
[589, 0.229, 352, 5, 16]
[590, 0.259, 352, 5, 16]
[593, 0.074, 352, 5, 16]
[594, 0.069, 352, 5, 16]
[592, 0.182, 256, 5, 16]
[578, 1.343, 1774, 5, 24]
[596, 0.084, 256, 5, 16]
[597, 0.067, 352, 5, 16]
[598, 0.1, 256, 5, 16]
[600, 0.119, 352, 5, 16]
[595, 0.258, 160, 5, 24]
[599, 0.172, 256, 5, 16]
[601, 0.125, 352, 5, 16]
[603, 0.065, 352, 5, 16]
[604, 0.057, 484, 5, 16]
[605, 0.07, 352, 5, 16]
[606, 0.128, 484, 5, 16]
[607, 0.131, 352, 5, 16]
[608, 0.115, 352, 5, 16]
[602, 0.254, 496, 5, 24]
[611, 0.045, 496, 5, 16]
[610, 0.073, 352, 5, 16]
[612, 0.068, 352, 5, 16]
[609, 0.337, 496, 5, 24]
[616, 0.27, 496, 5, 24]
[617, 0.089, 484, 5, 16]
[618, 0.135, 484, 5, 16]
[613, 0.996, 1936, 5, 36]
[615, 1.162, 1936, 5, 36]
[619, 0.562, 574, 4, 28]
[620, 0.597, 574, 4, 28]
[622, 0.34, 496, 5, 24]
[621, 0.506, 496, 5, 24]
[625, 0.157, 220, 5, 24]
[623, 0.285, 700, 5, 24]
[626, 0.06, 352, 5, 16]
[624, 0.291, 700, 5, 24]
[627, 0.067, 484, 5, 16]
[629, 0.061, 352, 5, 16]
[630, 0.075, 484, 5, 16]
[631, 0.058, 496, 5, 16]
[628, 0.215, 484, 5, 16]
[632, 0.147, 496, 5, 16]
[634, 0.056, 496, 5, 16]
[635, 0.076, 496, 5, 16]
[633, 0.246, 700, 5, 24]
[636, 0.157, 352, 5, 16]
[638, 0.06, 484, 5, 16]
[639, 0.072, 352, 5, 16]
[637, 0.186, 220, 5, 24]
[640, 0.135, 352, 5, 16]
[643, 0.055, 496, 5, 16]
[641, 0.154, 496, 5, 16]
[642, 0.213, 700, 5, 24]
[646, 0.339, 220, 5, 48]
[645, 0.657, 160, 5, 48]
[644, 0.749, 88, 4, 66]
[647, 0.371, 160, 5, 24]
[650, 0.087, 232, 5, 24]
[651, 0.22, 334, 5, 24]
[648, 0.478, 100, 5, 36]
[614, 3.744, 2815, 5, 72]
[649, 0.469, 328, 5, 36]
[654, 0.093, 232, 5, 24]
[655, 0.05, 496, 5, 16]
[652, 0.151, 334, 5, 24]
[657, 0.065, 352, 5, 16]
[658, 0.087, 496, 5, 16]
[653, 0.256, 334, 5, 24]
[656, 0.149, 496, 5, 16]
[661, 0.08, 616, 5, 16]
[659, 0.272, 160, 5, 24]
[660, 0.252, 352, 5, 16]
COMPLETE 662
