{
  "checks": [
    "original-twelve-neighbors",
    "original-all-triple-counts",
    "complete-199-original-clusters",
    "transport-source-0",
    "transport-inverse-0",
    "transport-source-1",
    "transport-inverse-1",
    "transport-source-2",
    "transport-inverse-2",
    "transport-source-3",
    "transport-inverse-3",
    "transport-source-4",
    "transport-inverse-4",
    "transport-source-5",
    "transport-inverse-5",
    "transport-source-6",
    "transport-inverse-6",
    "transport-source-7",
    "transport-inverse-7",
    "transport-source-8",
    "transport-inverse-8",
    "transport-source-9",
    "transport-inverse-9",
    "transport-source-10",
    "transport-inverse-10",
    "transport-source-11",
    "transport-inverse-11",
    "transport-source-12",
    "transport-inverse-12",
    "transport-source-13",
    "transport-inverse-13",
    "transport-source-14",
    "transport-inverse-14",
    "transport-source-15",
    "transport-inverse-15",
    "transport-source-16",
    "transport-inverse-16",
    "transport-source-17",
    "transport-inverse-17",
    "transport-source-18",
    "transport-inverse-18",
    "transport-source-19",
    "transport-inverse-19",
    "transport-source-20",
    "transport-inverse-20",
    "transport-source-21",
    "transport-inverse-21",
    "transport-source-22",
    "transport-inverse-22",
    "transport-source-23",
    "transport-inverse-23",
    "transport-source-24",
    "transport-inverse-24",
    "transport-source-25",
    "transport-inverse-25",
    "transport-source-26",
    "transport-inverse-26",
    "transport-source-27",
    "transport-inverse-27",
    "transport-source-28",
    "transport-inverse-28",
    "transport-source-29",
    "transport-inverse-29",
    "transport-source-30",
    "transport-inverse-30",
    "transport-source-31",
    "transport-inverse-31",
    "transport-source-32",
    "transport-inverse-32",
    "transport-source-33",
    "transport-inverse-33",
    "transport-source-34",
    "transport-inverse-34",
    "transport-source-35",
    "transport-inverse-35",
    "transport-source-36",
    "transport-inverse-36",
    "transport-source-37",
    "transport-inverse-37",
    "transport-source-38",
    "transport-inverse-38",
    "transport-source-39",
    "transport-inverse-39",
    "transport-source-40",
    "transport-inverse-40",
    "transport-source-41",
    "transport-inverse-41",
    "transport-source-42",
    "transport-inverse-42",
    "transport-source-43",
    "transport-inverse-43",
    "transport-source-44",
    "transport-inverse-44",
    "transport-source-45",
    "transport-inverse-45",
    "transport-source-46",
    "transport-inverse-46",
    "transport-source-47",
    "transport-inverse-47",
    "transport-source-48",
    "transport-inverse-48",
    "transport-source-49",
    "transport-inverse-49",
    "transport-source-50",
    "transport-inverse-50",
    "transport-source-51",
    "transport-inverse-51",
    "transport-source-52",
    "transport-inverse-52",
    "transport-source-53",
    "transport-inverse-53",
    "transport-source-54",
    "transport-inverse-54",
    "transport-source-55",
    "transport-inverse-55",
    "transport-source-56",
    "transport-inverse-56",
    "transport-source-57",
    "transport-inverse-57",
    "transport-source-58",
    "transport-inverse-58",
    "transport-source-59",
    "transport-inverse-59",
    "transport-source-60",
    "transport-inverse-60",
    "transport-source-61",
    "transport-inverse-61",
    "transport-source-62",
    "transport-inverse-62",
    "transport-source-63",
    "transport-inverse-63",
    "transport-source-64",
    "transport-inverse-64",
    "transport-source-65",
    "transport-inverse-65",
    "transport-source-66",
    "transport-inverse-66",
    "transport-source-67",
    "transport-inverse-67",
    "transport-source-68",
    "transport-inverse-68",
    "transport-source-69",
    "transport-inverse-69",
    "transport-source-70",
    "transport-inverse-70",
    "transport-source-71",
    "transport-inverse-71",
    "transport-source-72",
    "transport-inverse-72",
    "transport-source-73",
    "transport-inverse-73",
    "transport-source-74",
    "transport-inverse-74",
    "transport-source-75",
    "transport-inverse-75",
    "transport-source-76",
    "transport-inverse-76",
    "transport-source-77",
    "transport-inverse-77",
    "transport-source-78",
    "transport-inverse-78",
    "transport-source-79",
    "transport-inverse-79",
    "transport-source-80",
    "transport-inverse-80",
    "transport-source-81",
    "transport-inverse-81",
    "transport-source-82",
    "transport-inverse-82",
    "transport-source-83",
    "transport-inverse-83",
    "transport-source-84",
    "transport-inverse-84",
    "transport-source-85",
    "transport-inverse-85",
    "transport-source-86",
    "transport-inverse-86",
    "transport-source-87",
    "transport-inverse-87",
    "transport-source-88",
    "transport-inverse-88",
    "transport-source-89",
    "transport-inverse-89",
    "transport-source-90",
    "transport-inverse-90",
    "transport-source-91",
    "transport-inverse-91",
    "transport-source-92",
    "transport-inverse-92",
    "transport-source-93",
    "transport-inverse-93",
    "transport-source-94",
    "transport-inverse-94",
    "transport-source-95",
    "transport-inverse-95",
    "transport-source-96",
    "transport-inverse-96",
    "transport-source-97",
    "transport-inverse-97",
    "transport-source-98",
    "transport-inverse-98",
    "transport-source-99",
    "transport-inverse-99",
    "transport-source-100",
    "transport-inverse-100",
    "transport-source-101",
    "transport-inverse-101",
    "transport-source-102",
    "transport-inverse-102",
    "transport-source-103",
    "transport-inverse-103",
    "transport-source-104",
    "transport-inverse-104",
    "transport-source-105",
    "transport-inverse-105",
    "transport-source-106",
    "transport-inverse-106",
    "transport-source-107",
    "transport-inverse-107",
    "transport-source-108",
    "transport-inverse-108",
    "transport-source-109",
    "transport-inverse-109",
    "transport-source-110",
    "transport-inverse-110",
    "transport-source-111",
    "transport-inverse-111",
    "transport-source-112",
    "transport-inverse-112",
    "transport-source-113",
    "transport-inverse-113",
    "transport-source-114",
    "transport-inverse-114",
    "transport-source-115",
    "transport-inverse-115",
    "transport-source-116",
    "transport-inverse-116",
    "transport-source-117",
    "transport-inverse-117",
    "transport-source-118",
    "transport-inverse-118",
    "transport-source-119",
    "transport-inverse-119",
    "transport-source-120",
    "transport-inverse-120",
    "transport-source-121",
    "transport-inverse-121",
    "transport-source-122",
    "transport-inverse-122",
    "transport-source-123",
    "transport-inverse-123",
    "transport-source-124",
    "transport-inverse-124",
    "transport-source-125",
    "transport-inverse-125",
    "transport-source-126",
    "transport-inverse-126",
    "transport-source-127",
    "transport-inverse-127",
    "transport-source-128",
    "transport-inverse-128",
    "transport-source-129",
    "transport-inverse-129",
    "transport-source-130",
    "transport-inverse-130",
    "transport-source-131",
    "transport-inverse-131",
    "transport-source-132",
    "transport-inverse-132",
    "transport-source-133",
    "transport-inverse-133",
    "transport-source-134",
    "transport-inverse-134",
    "transport-source-135",
    "transport-inverse-135",
    "transport-source-136",
    "transport-inverse-136",
    "transport-source-137",
    "transport-inverse-137",
    "transport-source-138",
    "transport-inverse-138",
    "transport-source-139",
    "transport-inverse-139",
    "transport-source-140",
    "transport-inverse-140",
    "transport-source-141",
    "transport-inverse-141",
    "transport-source-142",
    "transport-inverse-142",
    "transport-source-143",
    "transport-inverse-143",
    "transport-source-144",
    "transport-inverse-144",
    "transport-source-145",
    "transport-inverse-145",
    "transport-source-146",
    "transport-inverse-146",
    "transport-source-147",
    "transport-inverse-147",
    "transport-source-148",
    "transport-inverse-148",
    "transport-source-149",
    "transport-inverse-149",
    "transport-source-150",
    "transport-inverse-150",
    "transport-source-151",
    "transport-inverse-151",
    "transport-source-152",
    "transport-inverse-152",
    "transport-source-153",
    "transport-inverse-153",
    "transport-source-154",
    "transport-inverse-154",
    "transport-source-155",
    "transport-inverse-155",
    "transport-source-156",
    "transport-inverse-156",
    "transport-source-157",
    "transport-inverse-157",
    "transport-source-158",
    "transport-inverse-158",
    "transport-source-159",
    "transport-inverse-159",
    "transport-source-160",
    "transport-inverse-160",
    "transport-source-161",
    "transport-inverse-161",
    "transport-source-162",
    "transport-inverse-162",
    "transport-source-163",
    "transport-inverse-163",
    "transport-source-164",
    "transport-inverse-164",
    "transport-source-165",
    "transport-inverse-165",
    "transport-source-166",
    "transport-inverse-166",
    "transport-source-167",
    "transport-inverse-167",
    "transport-source-168",
    "transport-inverse-168",
    "transport-source-169",
    "transport-inverse-169",
    "transport-source-170",
    "transport-inverse-170",
    "transport-source-171",
    "transport-inverse-171",
    "transport-source-172",
    "transport-inverse-172",
    "transport-source-173",
    "transport-inverse-173",
    "transport-source-174",
    "transport-inverse-174",
    "transport-source-175",
    "transport-inverse-175",
    "transport-source-176",
    "transport-inverse-176",
    "transport-source-177",
    "transport-inverse-177",
    "transport-source-178",
    "transport-inverse-178",
    "transport-source-179",
    "transport-inverse-179",
    "transport-source-180",
    "transport-inverse-180",
    "transport-source-181",
    "transport-inverse-181",
    "transport-source-182",
    "transport-inverse-182",
    "transport-source-183",
    "transport-inverse-183",
    "transport-source-184",
    "transport-inverse-184",
    "transport-source-185",
    "transport-inverse-185",
    "transport-source-186",
    "transport-inverse-186",
    "transport-source-187",
    "transport-inverse-187",
    "transport-source-188",
    "transport-inverse-188",
    "transport-source-189",
    "transport-inverse-189",
    "transport-source-190",
    "transport-inverse-190",
    "transport-source-191",
    "transport-inverse-191",
    "transport-source-192",
    "transport-inverse-192",
    "transport-source-193",
    "transport-inverse-193",
    "transport-source-194",
    "transport-inverse-194",
    "transport-source-195",
    "transport-inverse-195",
    "transport-source-196",
    "transport-inverse-196",
    "transport-source-197",
    "transport-inverse-197",
    "transport-source-198",
    "transport-inverse-198",
    "original-mark-0",
    "unique-mark-0",
    "all-original-moments-0",
    "original-mark-1",
    "unique-mark-1",
    "all-original-moments-1",
    "original-mark-2",
    "unique-mark-2",
    "all-original-moments-2",
    "original-mark-3",
    "unique-mark-3",
    "all-original-moments-3",
    "original-mark-4",
    "unique-mark-4",
    "all-original-moments-4",
    "original-mark-5",
    "unique-mark-5",
    "all-original-moments-5",
    "original-mark-6",
    "unique-mark-6",
    "all-original-moments-6",
    "original-mark-7",
    "unique-mark-7",
    "all-original-moments-7",
    "original-mark-8",
    "unique-mark-8",
    "all-original-moments-8",
    "original-mark-9",
    "unique-mark-9",
    "all-original-moments-9",
    "original-mark-10",
    "unique-mark-10",
    "all-original-moments-10",
    "original-mark-11",
    "unique-mark-11",
    "all-original-moments-11",
    "original-mark-12",
    "unique-mark-12",
    "all-original-moments-12",
    "original-mark-13",
    "unique-mark-13",
    "all-original-moments-13",
    "original-mark-14",
    "unique-mark-14",
    "all-original-moments-14",
    "original-mark-15",
    "unique-mark-15",
    "all-original-moments-15",
    "original-mark-16",
    "unique-mark-16",
    "all-original-moments-16",
    "original-mark-17",
    "unique-mark-17",
    "all-original-moments-17",
    "original-mark-18",
    "unique-mark-18",
    "all-original-moments-18",
    "original-mark-19",
    "unique-mark-19",
    "all-original-moments-19",
    "original-mark-20",
    "unique-mark-20",
    "all-original-moments-20",
    "original-mark-21",
    "unique-mark-21",
    "all-original-moments-21",
    "original-mark-22",
    "unique-mark-22",
    "all-original-moments-22",
    "original-mark-23",
    "unique-mark-23",
    "all-original-moments-23",
    "original-mark-24",
    "unique-mark-24",
    "all-original-moments-24",
    "original-mark-25",
    "unique-mark-25",
    "all-original-moments-25",
    "original-mark-26",
    "unique-mark-26",
    "all-original-moments-26",
    "original-mark-27",
    "unique-mark-27",
    "all-original-moments-27",
    "original-mark-28",
    "unique-mark-28",
    "all-original-moments-28",
    "original-mark-29",
    "unique-mark-29",
    "all-original-moments-29",
    "original-mark-30",
    "unique-mark-30",
    "all-original-moments-30",
    "original-mark-31",
    "unique-mark-31",
    "all-original-moments-31",
    "original-mark-32",
    "unique-mark-32",
    "all-original-moments-32",
    "original-mark-33",
    "unique-mark-33",
    "all-original-moments-33",
    "original-mark-34",
    "unique-mark-34",
    "all-original-moments-34",
    "original-mark-35",
    "unique-mark-35",
    "all-original-moments-35",
    "original-mark-36",
    "unique-mark-36",
    "all-original-moments-36",
    "original-mark-37",
    "unique-mark-37",
    "all-original-moments-37",
    "original-mark-38",
    "unique-mark-38",
    "all-original-moments-38",
    "original-mark-39",
    "unique-mark-39",
    "all-original-moments-39",
    "original-mark-40",
    "unique-mark-40",
    "all-original-moments-40",
    "original-mark-41",
    "unique-mark-41",
    "all-original-moments-41",
    "original-mark-42",
    "unique-mark-42",
    "all-original-moments-42",
    "original-mark-43",
    "unique-mark-43",
    "all-original-moments-43",
    "original-mark-44",
    "unique-mark-44",
    "all-original-moments-44",
    "original-mark-45",
    "unique-mark-45",
    "all-original-moments-45",
    "original-mark-46",
    "unique-mark-46",
    "all-original-moments-46",
    "original-mark-47",
    "unique-mark-47",
    "all-original-moments-47",
    "original-mark-48",
    "unique-mark-48",
    "all-original-moments-48",
    "original-mark-49",
    "unique-mark-49",
    "all-original-moments-49",
    "original-mark-50",
    "unique-mark-50",
    "all-original-moments-50",
    "original-mark-51",
    "unique-mark-51",
    "all-original-moments-51",
    "original-mark-52",
    "unique-mark-52",
    "all-original-moments-52",
    "original-mark-53",
    "unique-mark-53",
    "all-original-moments-53",
    "original-mark-54",
    "unique-mark-54",
    "all-original-moments-54",
    "original-mark-55",
    "unique-mark-55",
    "all-original-moments-55",
    "original-mark-56",
    "unique-mark-56",
    "all-original-moments-56",
    "original-mark-57",
    "unique-mark-57",
    "all-original-moments-57",
    "original-mark-58",
    "unique-mark-58",
    "all-original-moments-58",
    "original-mark-59",
    "unique-mark-59",
    "all-original-moments-59",
    "original-mark-60",
    "unique-mark-60",
    "all-original-moments-60",
    "original-mark-61",
    "unique-mark-61",
    "all-original-moments-61",
    "original-mark-62",
    "unique-mark-62",
    "all-original-moments-62",
    "original-mark-63",
    "unique-mark-63",
    "all-original-moments-63",
    "original-mark-64",
    "unique-mark-64",
    "all-original-moments-64",
    "original-mark-65",
    "unique-mark-65",
    "all-original-moments-65",
    "original-mark-66",
    "unique-mark-66",
    "all-original-moments-66",
    "original-mark-67",
    "unique-mark-67",
    "all-original-moments-67",
    "original-mark-68",
    "unique-mark-68",
    "all-original-moments-68",
    "original-mark-69",
    "unique-mark-69",
    "all-original-moments-69",
    "original-mark-70",
    "unique-mark-70",
    "all-original-moments-70",
    "original-mark-71",
    "unique-mark-71",
    "all-original-moments-71",
    "original-mark-72",
    "unique-mark-72",
    "all-original-moments-72",
    "original-mark-73",
    "unique-mark-73",
    "all-original-moments-73",
    "original-mark-74",
    "unique-mark-74",
    "all-original-moments-74",
    "original-mark-75",
    "unique-mark-75",
    "all-original-moments-75",
    "original-mark-76",
    "unique-mark-76",
    "all-original-moments-76",
    "original-mark-77",
    "unique-mark-77",
    "all-original-moments-77",
    "original-mark-78",
    "unique-mark-78",
    "all-original-moments-78",
    "original-mark-79",
    "unique-mark-79",
    "all-original-moments-79",
    "original-mark-80",
    "unique-mark-80",
    "all-original-moments-80",
    "original-mark-81",
    "unique-mark-81",
    "all-original-moments-81",
    "original-mark-82",
    "unique-mark-82",
    "all-original-moments-82",
    "original-mark-83",
    "unique-mark-83",
    "all-original-moments-83",
    "original-mark-84",
    "unique-mark-84",
    "all-original-moments-84",
    "original-mark-85",
    "unique-mark-85",
    "all-original-moments-85",
    "original-mark-86",
    "unique-mark-86",
    "all-original-moments-86",
    "original-mark-87",
    "unique-mark-87",
    "all-original-moments-87",
    "original-mark-88",
    "unique-mark-88",
    "all-original-moments-88",
    "original-mark-89",
    "unique-mark-89",
    "all-original-moments-89",
    "original-mark-90",
    "unique-mark-90",
    "all-original-moments-90",
    "original-mark-91",
    "unique-mark-91",
    "all-original-moments-91",
    "original-mark-92",
    "unique-mark-92",
    "all-original-moments-92",
    "original-mark-93",
    "unique-mark-93",
    "all-original-moments-93",
    "original-mark-94",
    "unique-mark-94",
    "all-original-moments-94",
    "original-mark-95",
    "unique-mark-95",
    "all-original-moments-95",
    "original-mark-96",
    "unique-mark-96",
    "all-original-moments-96",
    "original-mark-97",
    "unique-mark-97",
    "all-original-moments-97",
    "original-mark-98",
    "unique-mark-98",
    "all-original-moments-98",
    "original-mark-99",
    "unique-mark-99",
    "all-original-moments-99",
    "original-mark-100",
    "unique-mark-100",
    "all-original-moments-100",
    "original-mark-101",
    "unique-mark-101",
    "all-original-moments-101",
    "original-mark-102",
    "unique-mark-102",
    "all-original-moments-102",
    "original-mark-103",
    "unique-mark-103",
    "all-original-moments-103",
    "original-mark-104",
    "unique-mark-104",
    "all-original-moments-104",
    "original-mark-105",
    "unique-mark-105",
    "all-original-moments-105",
    "original-mark-106",
    "unique-mark-106",
    "all-original-moments-106",
    "original-mark-107",
    "unique-mark-107",
    "all-original-moments-107",
    "original-mark-108",
    "unique-mark-108",
    "all-original-moments-108",
    "original-mark-109",
    "unique-mark-109",
    "all-original-moments-109",
    "original-mark-110",
    "unique-mark-110",
    "all-original-moments-110",
    "original-mark-111",
    "unique-mark-111",
    "all-original-moments-111",
    "original-mark-112",
    "unique-mark-112",
    "all-original-moments-112",
    "original-mark-113",
    "unique-mark-113",
    "all-original-moments-113",
    "original-mark-114",
    "unique-mark-114",
    "all-original-moments-114",
    "original-mark-115",
    "unique-mark-115",
    "all-original-moments-115",
    "original-mark-116",
    "unique-mark-116",
    "all-original-moments-116",
    "original-mark-117",
    "unique-mark-117",
    "all-original-moments-117",
    "original-mark-118",
    "unique-mark-118",
    "all-original-moments-118",
    "original-mark-119",
    "unique-mark-119",
    "all-original-moments-119",
    "original-mark-120",
    "unique-mark-120",
    "all-original-moments-120",
    "original-mark-121",
    "unique-mark-121",
    "all-original-moments-121",
    "original-mark-122",
    "unique-mark-122",
    "all-original-moments-122",
    "original-mark-123",
    "unique-mark-123",
    "all-original-moments-123",
    "original-mark-124",
    "unique-mark-124",
    "all-original-moments-124",
    "original-mark-125",
    "unique-mark-125",
    "all-original-moments-125",
    "original-mark-126",
    "unique-mark-126",
    "all-original-moments-126",
    "original-mark-127",
    "unique-mark-127",
    "all-original-moments-127",
    "original-mark-128",
    "unique-mark-128",
    "all-original-moments-128",
    "original-mark-129",
    "unique-mark-129",
    "all-original-moments-129",
    "original-mark-130",
    "unique-mark-130",
    "all-original-moments-130",
    "original-mark-131",
    "unique-mark-131",
    "all-original-moments-131",
    "original-mark-132",
    "unique-mark-132",
    "all-original-moments-132",
    "original-mark-133",
    "unique-mark-133",
    "all-original-moments-133",
    "original-mark-134",
    "unique-mark-134",
    "all-original-moments-134",
    "original-mark-135",
    "unique-mark-135",
    "all-original-moments-135",
    "original-mark-136",
    "unique-mark-136",
    "all-original-moments-136",
    "original-mark-137",
    "unique-mark-137",
    "all-original-moments-137",
    "original-mark-138",
    "unique-mark-138",
    "all-original-moments-138",
    "original-mark-139",
    "unique-mark-139",
    "all-original-moments-139",
    "original-mark-140",
    "unique-mark-140",
    "all-original-moments-140",
    "original-mark-141",
    "unique-mark-141",
    "all-original-moments-141",
    "original-mark-142",
    "unique-mark-142",
    "all-original-moments-142",
    "original-mark-143",
    "unique-mark-143",
    "all-original-moments-143",
    "original-mark-144",
    "unique-mark-144",
    "all-original-moments-144",
    "original-mark-145",
    "unique-mark-145",
    "all-original-moments-145",
    "original-mark-146",
    "unique-mark-146",
    "all-original-moments-146",
    "original-mark-147",
    "unique-mark-147",
    "all-original-moments-147",
    "original-mark-148",
    "unique-mark-148",
    "all-original-moments-148",
    "original-mark-149",
    "unique-mark-149",
    "all-original-moments-149",
    "original-mark-150",
    "unique-mark-150",
    "all-original-moments-150",
    "original-mark-151",
    "unique-mark-151",
    "all-original-moments-151",
    "original-mark-152",
    "unique-mark-152",
    "all-original-moments-152",
    "original-mark-153",
    "unique-mark-153",
    "all-original-moments-153",
    "original-mark-154",
    "unique-mark-154",
    "all-original-moments-154",
    "original-mark-155",
    "unique-mark-155",
    "all-original-moments-155",
    "original-mark-156",
    "unique-mark-156",
    "all-original-moments-156",
    "original-mark-157",
    "unique-mark-157",
    "all-original-moments-157",
    "original-mark-158",
    "unique-mark-158",
    "all-original-moments-158",
    "original-mark-159",
    "unique-mark-159",
    "all-original-moments-159",
    "original-mark-160",
    "unique-mark-160",
    "all-original-moments-160",
    "original-mark-161",
    "unique-mark-161",
    "all-original-moments-161",
    "original-mark-162",
    "unique-mark-162",
    "all-original-moments-162",
    "original-mark-163",
    "unique-mark-163",
    "all-original-moments-163",
    "original-mark-164",
    "unique-mark-164",
    "all-original-moments-164",
    "original-mark-165",
    "unique-mark-165",
    "all-original-moments-165",
    "original-mark-166",
    "unique-mark-166",
    "all-original-moments-166",
    "original-mark-167",
    "unique-mark-167",
    "all-original-moments-167",
    "original-mark-168",
    "unique-mark-168",
    "all-original-moments-168",
    "original-mark-169",
    "unique-mark-169",
    "all-original-moments-169",
    "original-mark-170",
    "unique-mark-170",
    "all-original-moments-170",
    "original-mark-171",
    "unique-mark-171",
    "all-original-moments-171",
    "original-mark-172",
    "unique-mark-172",
    "all-original-moments-172",
    "original-mark-173",
    "unique-mark-173",
    "all-original-moments-173",
    "original-mark-174",
    "unique-mark-174",
    "all-original-moments-174",
    "original-mark-175",
    "unique-mark-175",
    "all-original-moments-175",
    "original-mark-176",
    "unique-mark-176",
    "all-original-moments-176",
    "original-mark-177",
    "unique-mark-177",
    "all-original-moments-177",
    "original-mark-178",
    "unique-mark-178",
    "all-original-moments-178",
    "original-mark-179",
    "unique-mark-179",
    "all-original-moments-179",
    "original-mark-180",
    "unique-mark-180",
    "all-original-moments-180",
    "original-mark-181",
    "unique-mark-181",
    "all-original-moments-181",
    "original-mark-182",
    "unique-mark-182",
    "all-original-moments-182",
    "original-mark-183",
    "unique-mark-183",
    "all-original-moments-183",
    "original-mark-184",
    "unique-mark-184",
    "all-original-moments-184",
    "original-mark-185",
    "unique-mark-185",
    "all-original-moments-185",
    "original-mark-186",
    "unique-mark-186",
    "all-original-moments-186",
    "original-mark-187",
    "unique-mark-187",
    "all-original-moments-187",
    "original-mark-188",
    "unique-mark-188",
    "all-original-moments-188",
    "original-mark-189",
    "unique-mark-189",
    "all-original-moments-189",
    "original-mark-190",
    "unique-mark-190",
    "all-original-moments-190",
    "original-mark-191",
    "unique-mark-191",
    "all-original-moments-191",
    "original-mark-192",
    "unique-mark-192",
    "all-original-moments-192",
    "original-mark-193",
    "unique-mark-193",
    "all-original-moments-193",
    "original-mark-194",
    "unique-mark-194",
    "all-original-moments-194",
    "original-mark-195",
    "unique-mark-195",
    "all-original-moments-195",
    "original-mark-196",
    "unique-mark-196",
    "all-original-moments-196",
    "original-mark-197",
    "unique-mark-197",
    "all-original-moments-197",
    "original-mark-198",
    "unique-mark-198",
    "all-original-moments-198",
    "original-mark-199",
    "unique-mark-199",
    "all-original-moments-199",
    "original-mark-200",
    "unique-mark-200",
    "all-original-moments-200",
    "original-mark-201",
    "unique-mark-201",
    "all-original-moments-201",
    "original-mark-202",
    "unique-mark-202",
    "all-original-moments-202",
    "original-mark-203",
    "unique-mark-203",
    "all-original-moments-203",
    "original-mark-204",
    "unique-mark-204",
    "all-original-moments-204",
    "original-mark-205",
    "unique-mark-205",
    "all-original-moments-205",
    "original-mark-206",
    "unique-mark-206",
    "all-original-moments-206",
    "original-mark-207",
    "unique-mark-207",
    "all-original-moments-207",
    "original-mark-208",
    "unique-mark-208",
    "all-original-moments-208",
    "original-mark-209",
    "unique-mark-209",
    "all-original-moments-209",
    "original-mark-210",
    "unique-mark-210",
    "all-original-moments-210",
    "original-mark-211",
    "unique-mark-211",
    "all-original-moments-211",
    "original-mark-212",
    "unique-mark-212",
    "all-original-moments-212",
    "original-mark-213",
    "unique-mark-213",
    "all-original-moments-213",
    "original-mark-214",
    "unique-mark-214",
    "all-original-moments-214",
    "original-mark-215",
    "unique-mark-215",
    "all-original-moments-215",
    "original-mark-216",
    "unique-mark-216",
    "all-original-moments-216",
    "original-mark-217",
    "unique-mark-217",
    "all-original-moments-217",
    "original-mark-218",
    "unique-mark-218",
    "all-original-moments-218",
    "original-mark-219",
    "unique-mark-219",
    "all-original-moments-219",
    "original-mark-220",
    "unique-mark-220",
    "all-original-moments-220",
    "original-mark-221",
    "unique-mark-221",
    "all-original-moments-221",
    "original-mark-222",
    "unique-mark-222",
    "all-original-moments-222",
    "original-mark-223",
    "unique-mark-223",
    "all-original-moments-223",
    "original-mark-224",
    "unique-mark-224",
    "all-original-moments-224",
    "original-mark-225",
    "unique-mark-225",
    "all-original-moments-225",
    "original-mark-226",
    "unique-mark-226",
    "all-original-moments-226",
    "original-mark-227",
    "unique-mark-227",
    "all-original-moments-227",
    "original-mark-228",
    "unique-mark-228",
    "all-original-moments-228",
    "original-mark-229",
    "unique-mark-229",
    "all-original-moments-229",
    "original-mark-230",
    "unique-mark-230",
    "all-original-moments-230",
    "original-mark-231",
    "unique-mark-231",
    "all-original-moments-231",
    "original-mark-232",
    "unique-mark-232",
    "all-original-moments-232",
    "original-mark-233",
    "unique-mark-233",
    "all-original-moments-233",
    "original-mark-234",
    "unique-mark-234",
    "all-original-moments-234",
    "original-mark-235",
    "unique-mark-235",
    "all-original-moments-235",
    "original-mark-236",
    "unique-mark-236",
    "all-original-moments-236",
    "original-mark-237",
    "unique-mark-237",
    "all-original-moments-237",
    "original-mark-238",
    "unique-mark-238",
    "all-original-moments-238",
    "original-mark-239",
    "unique-mark-239",
    "all-original-moments-239",
    "original-mark-240",
    "unique-mark-240",
    "all-original-moments-240",
    "original-mark-241",
    "unique-mark-241",
    "all-original-moments-241",
    "original-mark-242",
    "unique-mark-242",
    "all-original-moments-242",
    "original-mark-243",
    "unique-mark-243",
    "all-original-moments-243",
    "original-mark-244",
    "unique-mark-244",
    "all-original-moments-244",
    "original-mark-245",
    "unique-mark-245",
    "all-original-moments-245",
    "original-mark-246",
    "unique-mark-246",
    "all-original-moments-246",
    "original-mark-247",
    "unique-mark-247",
    "all-original-moments-247",
    "original-mark-248",
    "unique-mark-248",
    "all-original-moments-248",
    "original-mark-249",
    "unique-mark-249",
    "all-original-moments-249",
    "original-mark-250",
    "unique-mark-250",
    "all-original-moments-250",
    "original-mark-251",
    "unique-mark-251",
    "all-original-moments-251",
    "original-mark-252",
    "unique-mark-252",
    "all-original-moments-252",
    "original-mark-253",
    "unique-mark-253",
    "all-original-moments-253",
    "original-mark-254",
    "unique-mark-254",
    "all-original-moments-254",
    "original-mark-255",
    "unique-mark-255",
    "all-original-moments-255",
    "original-mark-256",
    "unique-mark-256",
    "all-original-moments-256",
    "original-mark-257",
    "unique-mark-257",
    "all-original-moments-257",
    "original-mark-258",
    "unique-mark-258",
    "all-original-moments-258",
    "original-mark-259",
    "unique-mark-259",
    "all-original-moments-259",
    "original-mark-260",
    "unique-mark-260",
    "all-original-moments-260",
    "original-mark-261",
    "unique-mark-261",
    "all-original-moments-261",
    "original-mark-262",
    "unique-mark-262",
    "all-original-moments-262",
    "original-mark-263",
    "unique-mark-263",
    "all-original-moments-263",
    "original-mark-264",
    "unique-mark-264",
    "all-original-moments-264",
    "original-mark-265",
    "unique-mark-265",
    "all-original-moments-265",
    "original-mark-266",
    "unique-mark-266",
    "all-original-moments-266",
    "original-mark-267",
    "unique-mark-267",
    "all-original-moments-267",
    "original-mark-268",
    "unique-mark-268",
    "all-original-moments-268",
    "original-mark-269",
    "unique-mark-269",
    "all-original-moments-269",
    "original-mark-270",
    "unique-mark-270",
    "all-original-moments-270",
    "original-mark-271",
    "unique-mark-271",
    "all-original-moments-271",
    "original-mark-272",
    "unique-mark-272",
    "all-original-moments-272",
    "original-mark-273",
    "unique-mark-273",
    "all-original-moments-273",
    "original-mark-274",
    "unique-mark-274",
    "all-original-moments-274",
    "original-mark-275",
    "unique-mark-275",
    "all-original-moments-275",
    "original-mark-276",
    "unique-mark-276",
    "all-original-moments-276",
    "original-mark-277",
    "unique-mark-277",
    "all-original-moments-277",
    "original-mark-278",
    "unique-mark-278",
    "all-original-moments-278",
    "original-mark-279",
    "unique-mark-279",
    "all-original-moments-279",
    "original-mark-280",
    "unique-mark-280",
    "all-original-moments-280",
    "original-mark-281",
    "unique-mark-281",
    "all-original-moments-281",
    "original-mark-282",
    "unique-mark-282",
    "all-original-moments-282",
    "original-mark-283",
    "unique-mark-283",
    "all-original-moments-283",
    "original-mark-284",
    "unique-mark-284",
    "all-original-moments-284",
    "original-mark-285",
    "unique-mark-285",
    "all-original-moments-285",
    "original-mark-286",
    "unique-mark-286",
    "all-original-moments-286",
    "original-mark-287",
    "unique-mark-287",
    "all-original-moments-287",
    "original-mark-288",
    "unique-mark-288",
    "all-original-moments-288",
    "original-mark-289",
    "unique-mark-289",
    "all-original-moments-289",
    "original-mark-290",
    "unique-mark-290",
    "all-original-moments-290",
    "original-mark-291",
    "unique-mark-291",
    "all-original-moments-291",
    "original-mark-292",
    "unique-mark-292",
    "all-original-moments-292",
    "original-mark-293",
    "unique-mark-293",
    "all-original-moments-293",
    "original-mark-294",
    "unique-mark-294",
    "all-original-moments-294",
    "original-mark-295",
    "unique-mark-295",
    "all-original-moments-295",
    "original-mark-296",
    "unique-mark-296",
    "all-original-moments-296",
    "original-mark-297",
    "unique-mark-297",
    "all-original-moments-297",
    "original-mark-298",
    "unique-mark-298",
    "all-original-moments-298",
    "original-mark-299",
    "unique-mark-299",
    "all-original-moments-299",
    "original-mark-300",
    "unique-mark-300",
    "all-original-moments-300",
    "original-mark-301",
    "unique-mark-301",
    "all-original-moments-301",
    "original-mark-302",
    "unique-mark-302",
    "all-original-moments-302",
    "original-mark-303",
    "unique-mark-303",
    "all-original-moments-303",
    "original-mark-304",
    "unique-mark-304",
    "all-original-moments-304",
    "original-mark-305",
    "unique-mark-305",
    "all-original-moments-305",
    "original-mark-306",
    "unique-mark-306",
    "all-original-moments-306",
    "original-mark-307",
    "unique-mark-307",
    "all-original-moments-307",
    "original-mark-308",
    "unique-mark-308",
    "all-original-moments-308",
    "original-mark-309",
    "unique-mark-309",
    "all-original-moments-309",
    "original-mark-310",
    "unique-mark-310",
    "all-original-moments-310",
    "original-mark-311",
    "unique-mark-311",
    "all-original-moments-311",
    "original-mark-312",
    "unique-mark-312",
    "all-original-moments-312",
    "original-mark-313",
    "unique-mark-313",
    "all-original-moments-313",
    "original-mark-314",
    "unique-mark-314",
    "all-original-moments-314",
    "original-mark-315",
    "unique-mark-315",
    "all-original-moments-315",
    "original-mark-316",
    "unique-mark-316",
    "all-original-moments-316",
    "original-mark-317",
    "unique-mark-317",
    "all-original-moments-317",
    "original-mark-318",
    "unique-mark-318",
    "all-original-moments-318",
    "original-mark-319",
    "unique-mark-319",
    "all-original-moments-319",
    "original-mark-320",
    "unique-mark-320",
    "all-original-moments-320",
    "original-mark-321",
    "unique-mark-321",
    "all-original-moments-321",
    "original-mark-322",
    "unique-mark-322",
    "all-original-moments-322",
    "original-mark-323",
    "unique-mark-323",
    "all-original-moments-323",
    "original-mark-324",
    "unique-mark-324",
    "all-original-moments-324",
    "original-mark-325",
    "unique-mark-325",
    "all-original-moments-325",
    "original-mark-326",
    "unique-mark-326",
    "all-original-moments-326",
    "original-mark-327",
    "unique-mark-327",
    "all-original-moments-327",
    "original-mark-328",
    "unique-mark-328",
    "all-original-moments-328",
    "original-mark-329",
    "unique-mark-329",
    "all-original-moments-329",
    "original-mark-330",
    "unique-mark-330",
    "all-original-moments-330",
    "original-mark-331",
    "unique-mark-331",
    "all-original-moments-331",
    "original-mark-332",
    "unique-mark-332",
    "all-original-moments-332",
    "original-mark-333",
    "unique-mark-333",
    "all-original-moments-333",
    "original-mark-334",
    "unique-mark-334",
    "all-original-moments-334",
    "original-mark-335",
    "unique-mark-335",
    "all-original-moments-335",
    "original-mark-336",
    "unique-mark-336",
    "all-original-moments-336",
    "original-mark-337",
    "unique-mark-337",
    "all-original-moments-337",
    "original-mark-338",
    "unique-mark-338",
    "all-original-moments-338",
    "original-mark-339",
    "unique-mark-339",
    "all-original-moments-339",
    "original-mark-340",
    "unique-mark-340",
    "all-original-moments-340",
    "original-mark-341",
    "unique-mark-341",
    "all-original-moments-341",
    "original-mark-342",
    "unique-mark-342",
    "all-original-moments-342",
    "original-mark-343",
    "unique-mark-343",
    "all-original-moments-343",
    "original-mark-344",
    "unique-mark-344",
    "all-original-moments-344",
    "original-mark-345",
    "unique-mark-345",
    "all-original-moments-345",
    "original-mark-346",
    "unique-mark-346",
    "all-original-moments-346",
    "original-mark-347",
    "unique-mark-347",
    "all-original-moments-347",
    "original-mark-348",
    "unique-mark-348",
    "all-original-moments-348",
    "original-mark-349",
    "unique-mark-349",
    "all-original-moments-349",
    "original-mark-350",
    "unique-mark-350",
    "all-original-moments-350",
    "original-mark-351",
    "unique-mark-351",
    "all-original-moments-351",
    "original-mark-352",
    "unique-mark-352",
    "all-original-moments-352",
    "original-mark-353",
    "unique-mark-353",
    "all-original-moments-353",
    "original-mark-354",
    "unique-mark-354",
    "all-original-moments-354",
    "original-mark-355",
    "unique-mark-355",
    "all-original-moments-355",
    "original-mark-356",
    "unique-mark-356",
    "all-original-moments-356",
    "original-mark-357",
    "unique-mark-357",
    "all-original-moments-357",
    "original-mark-358",
    "unique-mark-358",
    "all-original-moments-358",
    "original-mark-359",
    "unique-mark-359",
    "all-original-moments-359",
    "original-mark-360",
    "unique-mark-360",
    "all-original-moments-360",
    "original-mark-361",
    "unique-mark-361",
    "all-original-moments-361",
    "original-mark-362",
    "unique-mark-362",
    "all-original-moments-362",
    "original-mark-363",
    "unique-mark-363",
    "all-original-moments-363",
    "original-mark-364",
    "unique-mark-364",
    "all-original-moments-364",
    "original-mark-365",
    "unique-mark-365",
    "all-original-moments-365",
    "original-mark-366",
    "unique-mark-366",
    "all-original-moments-366",
    "original-mark-367",
    "unique-mark-367",
    "all-original-moments-367",
    "original-mark-368",
    "unique-mark-368",
    "all-original-moments-368",
    "original-mark-369",
    "unique-mark-369",
    "all-original-moments-369",
    "original-mark-370",
    "unique-mark-370",
    "all-original-moments-370",
    "original-mark-371",
    "unique-mark-371",
    "all-original-moments-371",
    "original-mark-372",
    "unique-mark-372",
    "all-original-moments-372",
    "original-mark-373",
    "unique-mark-373",
    "all-original-moments-373",
    "original-mark-374",
    "unique-mark-374",
    "all-original-moments-374",
    "original-mark-375",
    "unique-mark-375",
    "all-original-moments-375",
    "original-mark-376",
    "unique-mark-376",
    "all-original-moments-376",
    "original-mark-377",
    "unique-mark-377",
    "all-original-moments-377",
    "original-mark-378",
    "unique-mark-378",
    "all-original-moments-378",
    "original-mark-379",
    "unique-mark-379",
    "all-original-moments-379",
    "original-mark-380",
    "unique-mark-380",
    "all-original-moments-380",
    "original-mark-381",
    "unique-mark-381",
    "all-original-moments-381",
    "original-mark-382",
    "unique-mark-382",
    "all-original-moments-382",
    "original-mark-383",
    "unique-mark-383",
    "all-original-moments-383",
    "original-mark-384",
    "unique-mark-384",
    "all-original-moments-384",
    "original-mark-385",
    "unique-mark-385",
    "all-original-moments-385",
    "original-mark-386",
    "unique-mark-386",
    "all-original-moments-386",
    "original-mark-387",
    "unique-mark-387",
    "all-original-moments-387",
    "original-mark-388",
    "unique-mark-388",
    "all-original-moments-388",
    "original-mark-389",
    "unique-mark-389",
    "all-original-moments-389",
    "original-mark-390",
    "unique-mark-390",
    "all-original-moments-390",
    "original-mark-391",
    "unique-mark-391",
    "all-original-moments-391",
    "original-mark-392",
    "unique-mark-392",
    "all-original-moments-392",
    "original-mark-393",
    "unique-mark-393",
    "all-original-moments-393",
    "original-mark-394",
    "unique-mark-394",
    "all-original-moments-394",
    "original-mark-395",
    "unique-mark-395",
    "all-original-moments-395",
    "original-mark-396",
    "unique-mark-396",
    "all-original-moments-396",
    "original-mark-397",
    "unique-mark-397",
    "all-original-moments-397",
    "original-mark-398",
    "unique-mark-398",
    "all-original-moments-398",
    "original-mark-399",
    "unique-mark-399",
    "all-original-moments-399",
    "original-mark-400",
    "unique-mark-400",
    "all-original-moments-400",
    "original-mark-401",
    "unique-mark-401",
    "all-original-moments-401",
    "original-mark-402",
    "unique-mark-402",
    "all-original-moments-402",
    "original-mark-403",
    "unique-mark-403",
    "all-original-moments-403",
    "original-mark-404",
    "unique-mark-404",
    "all-original-moments-404",
    "original-mark-405",
    "unique-mark-405",
    "all-original-moments-405",
    "original-mark-406",
    "unique-mark-406",
    "all-original-moments-406",
    "original-mark-407",
    "unique-mark-407",
    "all-original-moments-407",
    "original-mark-408",
    "unique-mark-408",
    "all-original-moments-408",
    "original-mark-409",
    "unique-mark-409",
    "all-original-moments-409",
    "original-mark-410",
    "unique-mark-410",
    "all-original-moments-410",
    "original-mark-411",
    "unique-mark-411",
    "all-original-moments-411",
    "original-mark-412",
    "unique-mark-412",
    "all-original-moments-412",
    "original-mark-413",
    "unique-mark-413",
    "all-original-moments-413",
    "original-mark-414",
    "unique-mark-414",
    "all-original-moments-414",
    "original-mark-415",
    "unique-mark-415",
    "all-original-moments-415",
    "original-mark-416",
    "unique-mark-416",
    "all-original-moments-416",
    "original-mark-417",
    "unique-mark-417",
    "all-original-moments-417",
    "original-mark-418",
    "unique-mark-418",
    "all-original-moments-418",
    "original-mark-419",
    "unique-mark-419",
    "all-original-moments-419",
    "original-mark-420",
    "unique-mark-420",
    "all-original-moments-420",
    "original-mark-421",
    "unique-mark-421",
    "all-original-moments-421",
    "original-mark-422",
    "unique-mark-422",
    "all-original-moments-422",
    "original-mark-423",
    "unique-mark-423",
    "all-original-moments-423",
    "original-mark-424",
    "unique-mark-424",
    "all-original-moments-424",
    "original-mark-425",
    "unique-mark-425",
    "all-original-moments-425",
    "original-mark-426",
    "unique-mark-426",
    "all-original-moments-426",
    "original-mark-427",
    "unique-mark-427",
    "all-original-moments-427",
    "original-mark-428",
    "unique-mark-428",
    "all-original-moments-428",
    "original-mark-429",
    "unique-mark-429",
    "all-original-moments-429",
    "original-mark-430",
    "unique-mark-430",
    "all-original-moments-430",
    "original-mark-431",
    "unique-mark-431",
    "all-original-moments-431",
    "original-mark-432",
    "unique-mark-432",
    "all-original-moments-432",
    "original-mark-433",
    "unique-mark-433",
    "all-original-moments-433",
    "original-mark-434",
    "unique-mark-434",
    "all-original-moments-434",
    "original-mark-435",
    "unique-mark-435",
    "all-original-moments-435",
    "original-mark-436",
    "unique-mark-436",
    "all-original-moments-436",
    "original-mark-437",
    "unique-mark-437",
    "all-original-moments-437",
    "original-mark-438",
    "unique-mark-438",
    "all-original-moments-438",
    "original-mark-439",
    "unique-mark-439",
    "all-original-moments-439",
    "original-mark-440",
    "unique-mark-440",
    "all-original-moments-440",
    "original-mark-441",
    "unique-mark-441",
    "all-original-moments-441",
    "original-mark-442",
    "unique-mark-442",
    "all-original-moments-442",
    "original-mark-443",
    "unique-mark-443",
    "all-original-moments-443",
    "original-mark-444",
    "unique-mark-444",
    "all-original-moments-444",
    "original-mark-445",
    "unique-mark-445",
    "all-original-moments-445",
    "original-mark-446",
    "unique-mark-446",
    "all-original-moments-446",
    "original-mark-447",
    "unique-mark-447",
    "all-original-moments-447",
    "original-mark-448",
    "unique-mark-448",
    "all-original-moments-448",
    "original-mark-449",
    "unique-mark-449",
    "all-original-moments-449",
    "original-mark-450",
    "unique-mark-450",
    "all-original-moments-450",
    "original-mark-451",
    "unique-mark-451",
    "all-original-moments-451",
    "original-mark-452",
    "unique-mark-452",
    "all-original-moments-452",
    "original-mark-453",
    "unique-mark-453",
    "all-original-moments-453",
    "original-mark-454",
    "unique-mark-454",
    "all-original-moments-454",
    "original-mark-455",
    "unique-mark-455",
    "all-original-moments-455",
    "original-mark-456",
    "unique-mark-456",
    "all-original-moments-456",
    "original-mark-457",
    "unique-mark-457",
    "all-original-moments-457",
    "original-mark-458",
    "unique-mark-458",
    "all-original-moments-458",
    "original-mark-459",
    "unique-mark-459",
    "all-original-moments-459",
    "original-mark-460",
    "unique-mark-460",
    "all-original-moments-460",
    "original-mark-461",
    "unique-mark-461",
    "all-original-moments-461",
    "original-mark-462",
    "unique-mark-462",
    "all-original-moments-462",
    "original-mark-463",
    "unique-mark-463",
    "all-original-moments-463",
    "original-mark-464",
    "unique-mark-464",
    "all-original-moments-464",
    "original-mark-465",
    "unique-mark-465",
    "all-original-moments-465",
    "original-mark-466",
    "unique-mark-466",
    "all-original-moments-466",
    "original-mark-467",
    "unique-mark-467",
    "all-original-moments-467",
    "original-mark-468",
    "unique-mark-468",
    "all-original-moments-468",
    "original-mark-469",
    "unique-mark-469",
    "all-original-moments-469",
    "original-mark-470",
    "unique-mark-470",
    "all-original-moments-470",
    "original-mark-471",
    "unique-mark-471",
    "all-original-moments-471",
    "original-mark-472",
    "unique-mark-472",
    "all-original-moments-472",
    "original-mark-473",
    "unique-mark-473",
    "all-original-moments-473",
    "original-mark-474",
    "unique-mark-474",
    "all-original-moments-474",
    "original-mark-475",
    "unique-mark-475",
    "all-original-moments-475",
    "original-mark-476",
    "unique-mark-476",
    "all-original-moments-476",
    "original-mark-477",
    "unique-mark-477",
    "all-original-moments-477",
    "original-mark-478",
    "unique-mark-478",
    "all-original-moments-478",
    "original-mark-479",
    "unique-mark-479",
    "all-original-moments-479",
    "original-mark-480",
    "unique-mark-480",
    "all-original-moments-480",
    "original-mark-481",
    "unique-mark-481",
    "all-original-moments-481",
    "original-mark-482",
    "unique-mark-482",
    "all-original-moments-482",
    "original-mark-483",
    "unique-mark-483",
    "all-original-moments-483",
    "original-mark-484",
    "unique-mark-484",
    "all-original-moments-484",
    "original-mark-485",
    "unique-mark-485",
    "all-original-moments-485",
    "original-mark-486",
    "unique-mark-486",
    "all-original-moments-486",
    "original-mark-487",
    "unique-mark-487",
    "all-original-moments-487",
    "original-mark-488",
    "unique-mark-488",
    "all-original-moments-488",
    "original-mark-489",
    "unique-mark-489",
    "all-original-moments-489",
    "original-mark-490",
    "unique-mark-490",
    "all-original-moments-490",
    "original-mark-491",
    "unique-mark-491",
    "all-original-moments-491",
    "original-mark-492",
    "unique-mark-492",
    "all-original-moments-492",
    "original-mark-493",
    "unique-mark-493",
    "all-original-moments-493",
    "original-mark-494",
    "unique-mark-494",
    "all-original-moments-494",
    "original-mark-495",
    "unique-mark-495",
    "all-original-moments-495",
    "original-mark-496",
    "unique-mark-496",
    "all-original-moments-496",
    "original-mark-497",
    "unique-mark-497",
    "all-original-moments-497",
    "original-mark-498",
    "unique-mark-498",
    "all-original-moments-498",
    "original-mark-499",
    "unique-mark-499",
    "all-original-moments-499",
    "original-mark-500",
    "unique-mark-500",
    "all-original-moments-500",
    "original-mark-501",
    "unique-mark-501",
    "all-original-moments-501",
    "original-mark-502",
    "unique-mark-502",
    "all-original-moments-502",
    "original-mark-503",
    "unique-mark-503",
    "all-original-moments-503",
    "original-mark-504",
    "unique-mark-504",
    "all-original-moments-504",
    "original-mark-505",
    "unique-mark-505",
    "all-original-moments-505",
    "original-mark-506",
    "unique-mark-506",
    "all-original-moments-506",
    "original-mark-507",
    "unique-mark-507",
    "all-original-moments-507",
    "original-mark-508",
    "unique-mark-508",
    "all-original-moments-508",
    "original-mark-509",
    "unique-mark-509",
    "all-original-moments-509",
    "original-mark-510",
    "unique-mark-510",
    "all-original-moments-510",
    "original-mark-511",
    "unique-mark-511",
    "all-original-moments-511",
    "original-mark-512",
    "unique-mark-512",
    "all-original-moments-512",
    "original-mark-513",
    "unique-mark-513",
    "all-original-moments-513",
    "original-mark-514",
    "unique-mark-514",
    "all-original-moments-514",
    "original-mark-515",
    "unique-mark-515",
    "all-original-moments-515",
    "original-mark-516",
    "unique-mark-516",
    "all-original-moments-516",
    "original-mark-517",
    "unique-mark-517",
    "all-original-moments-517",
    "original-mark-518",
    "unique-mark-518",
    "all-original-moments-518",
    "original-mark-519",
    "unique-mark-519",
    "all-original-moments-519",
    "original-mark-520",
    "unique-mark-520",
    "all-original-moments-520",
    "original-mark-521",
    "unique-mark-521",
    "all-original-moments-521",
    "original-mark-522",
    "unique-mark-522",
    "all-original-moments-522",
    "original-mark-523",
    "unique-mark-523",
    "all-original-moments-523",
    "original-mark-524",
    "unique-mark-524",
    "all-original-moments-524",
    "original-mark-525",
    "unique-mark-525",
    "all-original-moments-525",
    "original-mark-526",
    "unique-mark-526",
    "all-original-moments-526",
    "original-mark-527",
    "unique-mark-527",
    "all-original-moments-527",
    "original-mark-528",
    "unique-mark-528",
    "all-original-moments-528",
    "original-mark-529",
    "unique-mark-529",
    "all-original-moments-529",
    "original-mark-530",
    "unique-mark-530",
    "all-original-moments-530",
    "original-mark-531",
    "unique-mark-531",
    "all-original-moments-531",
    "original-mark-532",
    "unique-mark-532",
    "all-original-moments-532",
    "original-mark-533",
    "unique-mark-533",
    "all-original-moments-533",
    "original-mark-534",
    "unique-mark-534",
    "all-original-moments-534",
    "original-mark-535",
    "unique-mark-535",
    "all-original-moments-535",
    "original-mark-536",
    "unique-mark-536",
    "all-original-moments-536",
    "original-mark-537",
    "unique-mark-537",
    "all-original-moments-537",
    "original-mark-538",
    "unique-mark-538",
    "all-original-moments-538",
    "original-mark-539",
    "unique-mark-539",
    "all-original-moments-539",
    "original-mark-540",
    "unique-mark-540",
    "all-original-moments-540",
    "original-mark-541",
    "unique-mark-541",
    "all-original-moments-541",
    "original-mark-542",
    "unique-mark-542",
    "all-original-moments-542",
    "original-mark-543",
    "unique-mark-543",
    "all-original-moments-543",
    "original-mark-544",
    "unique-mark-544",
    "all-original-moments-544",
    "original-mark-545",
    "unique-mark-545",
    "all-original-moments-545",
    "original-mark-546",
    "unique-mark-546",
    "all-original-moments-546",
    "original-mark-547",
    "unique-mark-547",
    "all-original-moments-547",
    "original-mark-548",
    "unique-mark-548",
    "all-original-moments-548",
    "original-mark-549",
    "unique-mark-549",
    "all-original-moments-549",
    "original-mark-550",
    "unique-mark-550",
    "all-original-moments-550",
    "original-mark-551",
    "unique-mark-551",
    "all-original-moments-551",
    "original-mark-552",
    "unique-mark-552",
    "all-original-moments-552",
    "original-mark-553",
    "unique-mark-553",
    "all-original-moments-553",
    "original-mark-554",
    "unique-mark-554",
    "all-original-moments-554",
    "original-mark-555",
    "unique-mark-555",
    "all-original-moments-555",
    "original-mark-556",
    "unique-mark-556",
    "all-original-moments-556",
    "original-mark-557",
    "unique-mark-557",
    "all-original-moments-557",
    "original-mark-558",
    "unique-mark-558",
    "all-original-moments-558",
    "no-missing-marked-contribution",
    "absolute-original-bound-('0', 0)",
    "bulk-signed-bound-('0', 0)",
    "absolute-original-bound-('0', 2)",
    "bulk-signed-bound-('0', 2)",
    "absolute-original-bound-('0', 4)",
    "bulk-signed-bound-('0', 4)",
    "absolute-original-bound-('1', 0)",
    "bulk-signed-bound-('1', 0)",
    "absolute-original-bound-('1', 2)",
    "bulk-signed-bound-('1', 2)",
    "absolute-original-bound-('1', 4)",
    "bulk-signed-bound-('1', 4)",
    "absolute-original-bound-('2', 0)",
    "bulk-signed-bound-('2', 0)",
    "absolute-original-bound-('2', 2)",
    "bulk-signed-bound-('2', 2)",
    "absolute-original-bound-('2', 4)",
    "bulk-signed-bound-('2', 4)",
    "absolute-original-bound-('kinetic', 0)",
    "bulk-signed-bound-('kinetic', 0)",
    "absolute-original-bound-('kinetic', 2)",
    "bulk-signed-bound-('kinetic', 2)",
    "absolute-original-bound-('kinetic', 4)",
    "bulk-signed-bound-('kinetic', 4)",
    "absolute-original-bound-('leakage', 0)",
    "bulk-signed-bound-('leakage', 0)",
    "absolute-original-bound-('leakage', 2)",
    "bulk-signed-bound-('leakage', 2)",
    "absolute-original-bound-('leakage', 4)",
    "bulk-signed-bound-('leakage', 4)",
    "all-240-boundary-rows-('0', 0)",
    "all-240-boundary-rows-('1', 0)",
    "all-240-boundary-rows-('2', 0)",
    "all-240-boundary-rows-('kinetic', 0)",
    "all-240-boundary-rows-('leakage', 0)",
    "all-240-boundary-rows-('0', 2)",
    "all-240-boundary-rows-('1', 2)",
    "all-240-boundary-rows-('2', 2)",
    "all-240-boundary-rows-('kinetic', 2)",
    "all-240-boundary-rows-('leakage', 2)",
    "all-240-boundary-rows-('0', 4)",
    "all-240-boundary-rows-('1', 4)",
    "all-240-boundary-rows-('2', 4)",
    "all-240-boundary-rows-('kinetic', 4)",
    "all-240-boundary-rows-('leakage', 4)",
    "original-state-projection",
    "original-energy-Gram",
    "entire-complement-leakage",
    "leakage-original-trial",
    "actual-complement-kernel",
    "whole-complement-stationarity",
    "whole-complement-energy",
    "whole-complement-state",
    "state-section-complete-energy",
    "energy-section-orthogonality",
    "stacked-scalar-source-budget",
    "full-original-stationary-scalar",
    "original-dissipative-resolvent-0",
    "original-dissipative-resolvent-1",
    "original-dissipative-resolvent-2",
    "original-dissipative-resolvent-3",
    "four-edge-contraction-square-2",
    "four-edge-contraction-trace-2",
    "original-trace-coefficient-norm-2",
    "four-edge-contraction-square-3",
    "four-edge-contraction-trace-3",
    "original-trace-coefficient-norm-3",
    "complete-uniform-radius-0",
    "rounded-radius-0",
    "complete-uniform-radius-1",
    "rounded-radius-1",
    "complete-uniform-radius-2",
    "rounded-radius-2",
    "complete-uniform-radius-kinetic",
    "rounded-radius-kinetic",
    "complete-uniform-radius-leakage",
    "rounded-radius-leakage",
    "analytic-source-discriminant",
    "total-drift-half",
    "row-sum-constant",
    "xi-physical-return",
    "complete-physical-gap",
    "inverse-power-observation",
    "full-complement-Schur-constant",
    "complete-mixed-energy-constant",
    "restored-state-complement",
    "state-section-energy-constant",
    "complete-Catalan-tail-1",
    "retained-growing-rank-1",
    "complete-Catalan-tail-2",
    "retained-growing-rank-2",
    "complete-Catalan-tail-3",
    "retained-growing-rank-3",
    "complete-Catalan-tail-4",
    "retained-growing-rank-4",
    "complete-Catalan-tail-5",
    "retained-growing-rank-5",
    "complete-Catalan-tail-6",
    "retained-growing-rank-6",
    "complete-Catalan-tail-7",
    "retained-growing-rank-7",
    "complete-Catalan-tail-8",
    "retained-growing-rank-8",
    "complete-Catalan-tail-9",
    "retained-growing-rank-9",
    "complete-Catalan-tail-10",
    "retained-growing-rank-10",
    "complete-Catalan-tail-11",
    "retained-growing-rank-11",
    "complete-Catalan-tail-12",
    "retained-growing-rank-12",
    "complete-Catalan-tail-13",
    "retained-growing-rank-13",
    "complete-Catalan-tail-14",
    "retained-growing-rank-14",
    "complete-Catalan-tail-15",
    "retained-growing-rank-15",
    "complete-Catalan-tail-16",
    "retained-growing-rank-16",
    "complete-Catalan-tail-17",
    "retained-growing-rank-17",
    "complete-Catalan-tail-18",
    "retained-growing-rank-18",
    "complete-Catalan-tail-19",
    "retained-growing-rank-19",
    "complete-Catalan-tail-20",
    "retained-growing-rank-20",
    "complete-Catalan-tail-21",
    "retained-growing-rank-21",
    "complete-Catalan-tail-22",
    "retained-growing-rank-22",
    "complete-Catalan-tail-23",
    "retained-growing-rank-23",
    "complete-Catalan-tail-24",
    "retained-growing-rank-24",
    "complete-Catalan-tail-25",
    "retained-growing-rank-25",
    "complete-Catalan-tail-26",
    "retained-growing-rank-26",
    "complete-Catalan-tail-27",
    "retained-growing-rank-27",
    "complete-Catalan-tail-28",
    "retained-growing-rank-28",
    "complete-Catalan-tail-29",
    "retained-growing-rank-29",
    "complete-Catalan-tail-30",
    "retained-growing-rank-30",
    "complete-Catalan-tail-31",
    "retained-growing-rank-31",
    "complete-Catalan-tail-32",
    "retained-growing-rank-32",
    "complete-Catalan-tail-33",
    "retained-growing-rank-33",
    "complete-Catalan-tail-34",
    "retained-growing-rank-34",
    "complete-Catalan-tail-35",
    "retained-growing-rank-35",
    "complete-Catalan-tail-36",
    "retained-growing-rank-36",
    "complete-Catalan-tail-37",
    "retained-growing-rank-37",
    "complete-Catalan-tail-38",
    "retained-growing-rank-38",
    "complete-Catalan-tail-39",
    "retained-growing-rank-39",
    "complete-Catalan-tail-40",
    "retained-growing-rank-40",
    "complete-Catalan-tail-41",
    "retained-growing-rank-41",
    "complete-Catalan-tail-42",
    "retained-growing-rank-42",
    "complete-Catalan-tail-43",
    "retained-growing-rank-43",
    "complete-Catalan-tail-44",
    "retained-growing-rank-44",
    "complete-Catalan-tail-45",
    "retained-growing-rank-45",
    "complete-Catalan-tail-46",
    "retained-growing-rank-46",
    "complete-Catalan-tail-47",
    "retained-growing-rank-47",
    "complete-Catalan-tail-48",
    "retained-growing-rank-48",
    "complete-Catalan-tail-49",
    "retained-growing-rank-49",
    "complete-Catalan-tail-50",
    "retained-growing-rank-50",
    "complete-Catalan-tail-51",
    "retained-growing-rank-51",
    "complete-Catalan-tail-52",
    "retained-growing-rank-52",
    "complete-Catalan-tail-53",
    "retained-growing-rank-53",
    "complete-Catalan-tail-54",
    "retained-growing-rank-54",
    "complete-Catalan-tail-55",
    "retained-growing-rank-55",
    "complete-Catalan-tail-56",
    "retained-growing-rank-56",
    "complete-Catalan-tail-57",
    "retained-growing-rank-57",
    "complete-Catalan-tail-58",
    "retained-growing-rank-58",
    "complete-Catalan-tail-59",
    "retained-growing-rank-59",
    "complete-Catalan-tail-60",
    "retained-growing-rank-60",
    "complete-Catalan-tail-61",
    "retained-growing-rank-61",
    "complete-Catalan-tail-62",
    "retained-growing-rank-62",
    "complete-Catalan-tail-63",
    "retained-growing-rank-63",
    "complete-Catalan-tail-64",
    "retained-growing-rank-64",
    "complete-Catalan-tail-65",
    "retained-growing-rank-65",
    "complete-Catalan-tail-66",
    "retained-growing-rank-66",
    "complete-Catalan-tail-67",
    "retained-growing-rank-67",
    "complete-Catalan-tail-68",
    "retained-growing-rank-68",
    "complete-Catalan-tail-69",
    "retained-growing-rank-69",
    "complete-Catalan-tail-70",
    "retained-growing-rank-70",
    "complete-Catalan-tail-71",
    "retained-growing-rank-71",
    "complete-Catalan-tail-72",
    "retained-growing-rank-72",
    "complete-Catalan-tail-73",
    "retained-growing-rank-73",
    "complete-Catalan-tail-74",
    "retained-growing-rank-74",
    "complete-Catalan-tail-75",
    "retained-growing-rank-75",
    "complete-Catalan-tail-76",
    "retained-growing-rank-76",
    "complete-Catalan-tail-77",
    "retained-growing-rank-77",
    "complete-Catalan-tail-78",
    "retained-growing-rank-78",
    "complete-Catalan-tail-79",
    "retained-growing-rank-79",
    "complete-Catalan-tail-80",
    "retained-growing-rank-80",
    "complete-Catalan-tail-81",
    "retained-growing-rank-81",
    "complete-Catalan-tail-82",
    "retained-growing-rank-82",
    "complete-Catalan-tail-83",
    "retained-growing-rank-83",
    "complete-Catalan-tail-84",
    "retained-growing-rank-84",
    "complete-Catalan-tail-85",
    "retained-growing-rank-85",
    "complete-Catalan-tail-86",
    "retained-growing-rank-86",
    "complete-Catalan-tail-87",
    "retained-growing-rank-87",
    "complete-Catalan-tail-88",
    "retained-growing-rank-88",
    "complete-Catalan-tail-89",
    "retained-growing-rank-89",
    "complete-Catalan-tail-90",
    "retained-growing-rank-90",
    "complete-Catalan-tail-91",
    "retained-growing-rank-91",
    "complete-Catalan-tail-92",
    "retained-growing-rank-92",
    "complete-Catalan-tail-93",
    "retained-growing-rank-93",
    "complete-Catalan-tail-94",
    "retained-growing-rank-94",
    "complete-Catalan-tail-95",
    "retained-growing-rank-95",
    "complete-Catalan-tail-96",
    "retained-growing-rank-96",
    "complete-Catalan-tail-97",
    "retained-growing-rank-97",
    "complete-Catalan-tail-98",
    "retained-growing-rank-98",
    "complete-Catalan-tail-99",
    "retained-growing-rank-99",
    "complete-Catalan-tail-100",
    "retained-growing-rank-100",
    "positive-exponential-enclosure-3/2",
    "positive-exponential-enclosure-3",
    "positive-exponential-enclosure-9/2",
    "positive-exponential-enclosure-6",
    "positive-exponential-enclosure-13/2",
    "positive-exponential-enclosure-8",
    "positive-exponential-enclosure-10",
    "positive-exponential-enclosure-117/4",
    "independent-actual-heat-interval",
    "independent-whole-time-error",
    "independent-rank-weighted-heat-horizon",
    "original-two-face-spin-1",
    "original-two-face-spin-2",
    "original-two-face-spin-3",
    "original-two-face-spin-4",
    "original-two-face-spin-5",
    "original-two-face-spin-6",
    "original-two-face-spin-7",
    "original-two-face-spin-8",
    "original-two-face-spin-9",
    "original-two-face-spin-10",
    "complete-two-face-small-spin-count",
    "active-bridge-invariant-0",
    "active-bridge-invariant-1",
    "active-bridge-invariant-2",
    "active-bridge-invariant-3",
    "active-bridge-invariant-4",
    "active-bridge-invariant-5",
    "active-bridge-invariant-6",
    "active-bridge-invariant-7",
    "active-bridge-energy",
    "sharp-original-radius",
    "sharp-original-Haar-prefactor",
    "sharp-original-time-decay",
    "sharp-physical-parameters-10",
    "sharp-complete-width-(10, '0')",
    "sharp-complete-width-(10, '1')",
    "sharp-complete-width-(10, '2')",
    "sharp-complete-width-(10, 'kinetic')",
    "sharp-complete-width-(10, 'leakage')",
    "sharp-all-original-return-values-10",
    "sharp-all-original-return-inequalities-10",
    "sharp-physical-parameters-12",
    "sharp-complete-width-(12, '0')",
    "sharp-complete-width-(12, '1')",
    "sharp-complete-width-(12, '2')",
    "sharp-complete-width-(12, 'kinetic')",
    "sharp-complete-width-(12, 'leakage')",
    "sharp-all-original-return-values-12",
    "sharp-all-original-return-inequalities-12",
    "sharp-physical-parameters-16",
    "sharp-complete-width-(16, '0')",
    "sharp-complete-width-(16, '1')",
    "sharp-complete-width-(16, '2')",
    "sharp-complete-width-(16, 'kinetic')",
    "sharp-complete-width-(16, 'leakage')",
    "sharp-all-original-return-values-16",
    "sharp-all-original-return-inequalities-16",
    "sharp-full-physical-mixed-comparison"
  ],
  "count": 2425,
  "false_controls": [
    "bulk-signed-row-is-boundary-safe-by-equality",
    "drop-full-complement",
    "replace-raw-Gram-by-identity",
    "state-and-energy-sections-equal",
    "erase-scalar-return",
    "plaquette-Fourier-norm-is-one",
    "omit-kinetic-tail-local-row",
    "omit-full-moment-tail",
    "rank-free-determinant-return",
    "relative-Schur-error-is-zero",
    "source-radius-is-the-coupling",
    "heat-time-drops-kappa",
    "erase-evolution-remainder",
    "triangle-free-bound-on-triangle",
    "drop-nonconstant-Haar-return",
    "replace-sharp-radius-by-old-without-calculation"
  ],
  "negative_count": 16,
  "passed": true,
  "schema": "ym-volume-heat-audit-v1",
  "scope": {
    "analytic_proof_formalized": false,
    "box_independent_bounds_derived_in_written_proof": true,
    "continuum_mass_gap_established": false,
    "exact_anchored_contributions": 559,
    "original_matrix_fixtures_are_not_vacuum_samples": true
  },
  "sha256": {
    "GROWING_OBSERVATIONS_AND_COMPLEMENT.md": "868a0c67309ed6b9236e66d32e31c142371e295409e59daab9b207a252bc74db",
    "README.md": "d870cb64aa311e9d094d011d7f0a48d350129c68a8be08b62af95bf04e69f762",
    "ROUTE_ASSESSMENT.md": "5a260d3851d67a10376bc695cc3e5227052b2bb00ea1259932ae7e3fbf8ccfb6",
    "SOURCE_INTAKE.json": "e0dff7db7bf39639fbb7d1fb4e56f3bbc22d4204d4019b5f15a260801ed01c31",
    "VOLUME_UNIFORM_HEAT.md": "87fdfd89858ce3cecf7b9a97be43e631794c04a410e63470b86e9cd0d61cc7b8",
    "audit_bounds.py": "dd5ff82871eadd3228e5f8b5cbf013e28567d9f670d7fd4915b765cd003e73ad",
    "generated/anchored_coefficients.json": "c81fc22eb84d15762cef85f08b514019d5eaea59d6eefcede487c1dd6d21b368",
    "generated/route_verification.json": "18f41aa31bab5fcdf4eaca2d4de9d1d274d3a089b9179d17eb2124872fabbd6d",
    "generated/sharp_constants.json": "7be0e0c704131c6c052493d995ba6c930b781c479a18a9657454fad71388e297",
    "generated/uniform_constants.json": "115b37b7808798d9f11cbfb7e05cc0b3b2e78974e04eff8c71cfded2f7ad57fd",
    "predecessor/heat_coefficients.json": "bf3813bfc52bd97eeb95e58f6485dce4d7b7f3504aac305946fc3ddba2b0c172",
    "predecessor/heat_matrix_L2.json": "9f6c000b750c1884121e036d3a15c9f7487d4fc2ed13c8c16693fd8e4f916bfa",
    "predecessor/opposite_combined.json": "f67932aad24763a0d283c63389664f2ba1f07c6cc2c55a0e89836ced604f6de6",
    "produce_bounds.py": "bda52c6cf899a38254536c50c7067269763ee851a1935eca5bbad89bb7f28716",
    "replay.py": "cfe4b3676684e73322fc63a81b5fd659a43d4a02cac17b8f002db38d2bf3ce7a",
    "route_check.py": "da7f7050d1ffb903df378c264dd47e0f0282cd18162e820ec2053fd638ea8e2b",
    "sharpen_bounds.py": "0e86d809619911c5d3c3b12cff9033803ea7d423c75a064221b1390d46bbf1e6",
    "state.json": "aae44344b7f2aa907edbcaf812f177afbd4647f69524fd3ee8074d4db2e675c6"
  }
}
