producer-ordinary 0 True
sharpened-ordinary 0 True
route-ordinary 0 True
auditor-ordinary 0 True
producer-optimized 0 True
sharpened-optimized 0 True
route-optimized 0 True
auditor-optimized 0 True
fresh-producer-ordinary 0 True
fresh-sharpened-ordinary 0 True
fresh-route-ordinary 0 True
fresh-auditor-ordinary 0 True
fresh-producer-optimized 0 True
fresh-sharpened-optimized 0 True
fresh-route-optimized 0 True
fresh-auditor-optimized 0 True
proof-identity-ordinary 1 True
proof-identity-optimized 1 True
missing-coefficients-ordinary 1 True
missing-coefficients-optimized 1 True
duplicate-receipt-key-ordinary 1 True
duplicate-receipt-key-optimized 1 True
wrong-complete-receipt-ordinary 1 True
wrong-complete-receipt-optimized 1 True
rebound-original-moment-ordinary 1 True
rebound-original-moment-optimized 1 True
rebound-missing-support-ordinary 1 True
rebound-missing-support-optimized 1 True
rebound-complement-loss-ordinary 1 True
rebound-complement-loss-optimized 1 True
missing-parent-matrix-ordinary 1 True
missing-parent-matrix-optimized 1 True
restored-ordinary 0 True
restored-optimized 0 True
COMPLETE 34 /mnt/data/ym_volume_final_replay_v2
