[0, 0.005, 10, 1, 3]
[2, 0.031, 22, 2, 9]
[1, 0.05, 22, 2, 9]
[3, 0.055, 31, 2, 15]
[5, 0.052, 64, 3, 12]
[6, 0.083, 64, 3, 12]
[7, 0.148, 70, 3, 20]
[4, 0.211, 70, 3, 26]
[8, 0.157, 70, 3, 20]
[9, 0.121, 85, 3, 20]
[10, 0.071, 88, 3, 12]
[11, 0.068, 31, 2, 15]
[13, 0.056, 64, 3, 12]
[14, 0.054, 64, 3, 12]
[15, 0.05, 64, 3, 12]
[17, 0.049, 88, 3, 12]
[18, 0.061, 64, 3, 12]
[16, 0.117, 85, 3, 20]
[12, 0.197, 46, 3, 26]
[19, 0.063, 64, 3, 12]
[21, 0.126, 82, 3, 23]
[23, 0.136, 112, 3, 23]
[22, 0.19, 82, 3, 23]
[20, 0.31, 82, 3, 37]
[25, 0.298, 136, 4, 28]
[26, 0.449, 148, 4, 38]
[28, 0.212, 184, 4, 28]
[24, 0.549, 142, 4, 42]
[29, 0.079, 49, 3, 16]
[31, 0.105, 112, 4, 16]
[30, 0.265, 70, 4, 24]
[32, 0.353, 136, 4, 20]
[27, 0.843, 364, 4, 46]
[34, 0.213, 112, 4, 16]
[36, 0.108, 184, 4, 20]
[35, 0.153, 112, 4, 16]
[37, 0.106, 154, 4, 16]
[38, 0.078, 154, 4, 16]
[39, 0.123, 49, 3, 16]
[41, 0.09, 112, 4, 16]
[40, 0.123, 112, 4, 16]
[42, 0.109, 112, 4, 16]
[43, 0.163, 136, 4, 20]
[45, 0.206, 184, 4, 20]
[46, 0.141, 154, 4, 16]
[47, 0.122, 154, 4, 16]
[48, 0.17, 82, 3, 23]
[44, 0.522, 136, 4, 20]
[33, 1.281, 580, 4, 40]
[50, 0.203, 136, 4, 20]
[51, 0.162, 136, 4, 20]
[52, 0.141, 136, 4, 20]
[49, 0.417, 130, 4, 38]
[53, 0.149, 208, 4, 28]
[54, 0.159, 184, 4, 20]
[55, 0.111, 184, 4, 20]
[58, 0.143, 208, 4, 28]
[57, 0.165, 136, 4, 20]
[56, 0.191, 136, 4, 20]
[59, 0.219, 184, 4, 20]
[60, 0.166, 196, 3, 23]
[63, 0.123, 184, 4, 20]
[64, 0.126, 184, 4, 20]
[61, 0.333, 670, 4, 34]
[65, 0.106, 262, 4, 20]
[67, 0.081, 199, 3, 16]
[69, 0.072, 172, 4, 16]
[66, 0.269, 262, 4, 20]
[70, 0.063, 172, 4, 16]
[71, 0.04, 253, 4, 16]
[72, 0.044, 253, 4, 16]
[62, 0.953, 949, 4, 52]
[74, 0.417, 877, 4, 28]
[76, 0.078, 112, 4, 16]
[75, 0.146, 112, 4, 28]
[73, 0.684, 652, 4, 28]
[78, 0.201, 58, 3, 37]
[77, 0.249, 70, 4, 24]
[79, 0.139, 82, 3, 23]
[80, 0.14, 112, 3, 23]
[81, 0.205, 58, 3, 37]
[83, 0.166, 112, 4, 28]
[84, 0.252, 112, 4, 28]
[82, 0.387, 124, 4, 42]
[85, 0.237, 112, 4, 28]
[88, 0.103, 154, 4, 28]
[86, 0.194, 112, 4, 28]
[87, 0.213, 160, 4, 38]
[68, 1.704, 952, 4, 48]
[92, 0.064, 112, 4, 16]
[90, 0.105, 112, 4, 16]
[89, 0.162, 154, 4, 28]
[94, 0.045, 154, 4, 16]
[91, 0.134, 112, 4, 16]
[96, 0.046, 154, 4, 16]
[95, 0.076, 184, 4, 20]
[93, 0.157, 196, 4, 20]
[99, 0.051, 49, 3, 16]
[98, 0.071, 112, 4, 16]
[102, 0.074, 112, 4, 16]
[101, 0.081, 112, 4, 16]
[97, 0.198, 154, 4, 16]
[100, 0.14, 70, 4, 24]
[105, 0.049, 154, 4, 16]
[103, 0.09, 112, 4, 16]
[104, 0.111, 184, 4, 20]
[107, 0.071, 112, 4, 16]
[106, 0.113, 154, 4, 16]
[110, 0.081, 184, 4, 20]
[108, 0.129, 112, 4, 16]
[109, 0.115, 112, 4, 16]
[111, 0.057, 154, 4, 16]
[112, 0.072, 154, 4, 16]
[114, 0.088, 184, 4, 20]
[117, 0.149, 262, 4, 20]
[113, 0.294, 670, 4, 30]
[115, 0.324, 184, 4, 20]
[119, 0.071, 199, 3, 16]
[120, 0.059, 172, 4, 16]
[116, 0.35, 184, 4, 20]
[122, 0.056, 172, 4, 16]
[124, 0.046, 253, 4, 16]
[123, 0.078, 172, 4, 16]
[118, 0.282, 262, 4, 20]
[125, 0.094, 253, 4, 16]
[121, 0.232, 244, 4, 24]
[126, 0.12, 172, 4, 16]
[128, 0.117, 253, 4, 16]
[129, 0.143, 82, 3, 23]
[127, 0.284, 172, 4, 16]
[130, 0.243, 82, 3, 23]
[131, 0.164, 49, 3, 16]
[133, 0.11, 112, 4, 16]
[134, 0.07, 112, 4, 16]
[135, 0.076, 154, 4, 16]
[136, 0.054, 154, 4, 16]
[138, 0.049, 154, 4, 16]
[137, 0.074, 154, 4, 16]
[132, 0.299, 112, 4, 24]
[139, 0.065, 49, 3, 16]
[141, 0.066, 112, 4, 16]
[144, 0.074, 112, 4, 16]
[142, 0.117, 112, 4, 16]
[140, 0.156, 70, 4, 24]
[143, 0.117, 112, 4, 16]
[145, 0.058, 154, 4, 16]
[146, 0.079, 154, 4, 16]
[149, 0.043, 172, 4, 16]
[148, 0.107, 112, 4, 16]
[147, 0.117, 112, 4, 16]
[150, 0.061, 172, 4, 16]
[152, 0.061, 172, 4, 16]
[153, 0.057, 253, 4, 16]
[154, 0.046, 172, 4, 16]
[155, 0.036, 253, 4, 16]
[151, 0.174, 244, 4, 24]
[159, 0.336, 352, 5, 36]
[157, 0.421, 256, 5, 36]
[160, 0.385, 256, 5, 36]
[156, 0.872, 256, 5, 60]
[161, 0.566, 256, 5, 42]
[162, 0.202, 256, 5, 24]
[163, 0.231, 256, 5, 24]
[165, 0.196, 352, 5, 24]
[164, 0.244, 256, 5, 24]
[166, 0.216, 352, 5, 24]
[167, 0.134, 352, 5, 24]
[168, 0.152, 352, 5, 24]
[169, 0.208, 112, 4, 28]
[170, 0.194, 136, 4, 20]
[171, 0.197, 136, 4, 20]
[158, 1.643, 580, 5, 78]
[173, 0.218, 160, 5, 24]
[174, 0.237, 160, 5, 24]
[175, 0.175, 160, 5, 24]
[172, 0.509, 184, 5, 36]
[178, 0.27, 160, 5, 24]
[179, 0.129, 220, 5, 24]
[177, 0.374, 160, 5, 24]
[180, 0.228, 220, 5, 24]
[182, 0.144, 232, 5, 24]
[181, 0.235, 232, 5, 24]
[183, 0.146, 256, 5, 16]
[184, 0.179, 256, 5, 16]
[185, 0.135, 256, 5, 16]
[187, 0.125, 256, 5, 16]
[188, 0.214, 448, 5, 20]
[189, 0.134, 352, 5, 16]
[190, 0.083, 352, 5, 16]
[191, 0.093, 352, 5, 16]
[192, 0.142, 352, 5, 16]
[194, 0.133, 256, 5, 16]
[193, 0.282, 352, 5, 16]
[196, 0.106, 256, 5, 16]
[195, 0.304, 1024, 5, 16]
[186, 0.989, 928, 5, 32]
[197, 0.225, 256, 5, 16]
[198, 0.128, 256, 5, 16]
[200, 0.111, 352, 5, 16]
[199, 0.159, 256, 5, 16]
[201, 0.133, 352, 5, 16]
[202, 0.154, 352, 5, 16]
[203, 0.176, 352, 5, 16]
[176, 2.149, 952, 5, 48]
[206, 0.123, 256, 5, 16]
[207, 0.113, 256, 5, 16]
[205, 0.227, 160, 5, 24]
[208, 0.168, 256, 5, 16]
[211, 0.065, 352, 5, 16]
[209, 0.175, 256, 5, 16]
[210, 0.223, 256, 5, 16]
[213, 0.073, 352, 5, 16]
[204, 0.576, 1288, 5, 32]
[212, 0.128, 352, 5, 16]
[214, 0.069, 352, 5, 16]
[217, 0.056, 484, 5, 16]
[219, 0.055, 352, 5, 16]
[218, 0.153, 484, 5, 16]
[215, 0.219, 1336, 5, 28]
[221, 0.053, 496, 5, 16]
[222, 0.082, 496, 5, 16]
[220, 0.167, 1408, 5, 16]
[225, 0.097, 484, 5, 16]
[224, 0.147, 352, 5, 16]
[226, 0.059, 496, 5, 16]
[227, 0.059, 496, 5, 16]
[229, 0.119, 352, 5, 16]
[230, 0.342, 496, 5, 24]
[231, 0.056, 352, 5, 16]
[232, 0.086, 496, 5, 16]
[228, 0.709, 4810, 5, 32]
[216, 1.245, 5314, 5, 48]
[235, 0.107, 496, 5, 16]
[233, 0.266, 352, 5, 16]
[234, 0.243, 352, 5, 16]
[238, 0.081, 256, 5, 16]
[237, 0.146, 256, 5, 16]
[236, 0.222, 136, 4, 20]
[239, 0.096, 256, 5, 16]
[241, 0.067, 352, 5, 16]
[240, 0.133, 352, 5, 16]
[242, 0.168, 352, 5, 16]
[243, 0.182, 352, 5, 16]
[245, 0.124, 256, 5, 16]
[246, 0.096, 256, 5, 16]
[244, 0.278, 160, 5, 24]
[248, 0.12, 352, 5, 16]
[249, 0.133, 352, 5, 16]
[247, 0.217, 256, 5, 16]
[250, 0.101, 256, 5, 16]
[251, 0.119, 256, 5, 16]
[252, 0.119, 256, 5, 16]
[253, 0.191, 256, 5, 16]
[254, 0.16, 352, 5, 16]
[255, 0.171, 352, 5, 16]
[256, 0.083, 352, 5, 16]
[257, 0.069, 352, 5, 16]
[258, 0.069, 352, 5, 16]
[259, 0.14, 352, 5, 16]
[262, 0.053, 484, 5, 16]
[260, 0.222, 1336, 5, 28]
[263, 0.047, 484, 5, 16]
[264, 0.065, 352, 5, 16]
[265, 0.066, 352, 5, 16]
[266, 0.046, 496, 5, 16]
[268, 0.067, 352, 5, 16]
[269, 0.237, 1336, 5, 24]
[270, 0.059, 484, 5, 16]
[261, 0.717, 1888, 5, 36]
[271, 0.127, 496, 5, 16]
[273, 0.295, 1744, 5, 24]
[272, 0.468, 1288, 5, 24]
[275, 0.058, 352, 5, 16]
[274, 0.241, 1774, 5, 24]
[276, 0.08, 352, 5, 16]
[278, 0.076, 352, 5, 16]
[279, 0.049, 352, 5, 16]
[280, 0.049, 496, 5, 16]
[281, 0.04, 496, 5, 16]
[282, 0.062, 352, 5, 16]
[283, 0.046, 496, 5, 16]
[277, 0.341, 496, 5, 24]
[284, 0.098, 556, 4, 20]
[267, 1.727, 1900, 5, 40]
[286, 0.214, 1864, 5, 28]
[288, 0.966, 1960, 5, 36]
[223, 5.896, 5116, 5, 54]
[289, 0.824, 1960, 5, 36]
[290, 0.803, 1936, 5, 36]
[292, 0.42, 2662, 5, 36]
[293, 0.458, 2746, 5, 36]
[294, 0.106, 220, 5, 24]
[295, 0.058, 352, 5, 16]
[296, 0.068, 352, 5, 16]
[297, 0.054, 484, 5, 16]
[298, 0.123, 484, 5, 16]
[299, 0.11, 484, 5, 16]
[291, 2.182, 6724, 5, 48]
[287, 4.015, 4949, 4, 52]
[300, 0.14, 352, 5, 16]
[302, 0.054, 484, 5, 16]
[301, 0.097, 352, 5, 16]
[303, 0.082, 484, 5, 16]
[304, 0.054, 484, 5, 16]
[305, 0.058, 496, 5, 16]
[307, 0.048, 496, 5, 16]
[309, 0.048, 706, 5, 16]
[308, 0.054, 496, 5, 16]
[306, 0.213, 700, 5, 24]
[312, 0.072, 706, 5, 16]
[311, 0.18, 496, 5, 16]
[310, 0.2, 496, 5, 16]
[314, 0.572, 1312, 5, 24]
[285, 5.501, 5660, 5, 88]
[317, 0.485, 1804, 5, 24]
[315, 1.249, 820, 5, 36]
[316, 1.02, 2548, 5, 36]
[318, 0.57, 1312, 5, 24]
[319, 0.6, 1312, 5, 24]
[320, 0.362, 1804, 5, 24]
[322, 0.481, 1312, 5, 24]
[323, 0.627, 1312, 5, 24]
[324, 0.419, 1804, 5, 24]
[325, 0.197, 160, 5, 24]
[326, 0.102, 256, 5, 16]
[321, 1.118, 1804, 5, 24]
[329, 0.112, 616, 5, 16]
[327, 0.305, 160, 5, 24]
[328, 0.246, 880, 5, 24]
[332, 0.086, 856, 5, 16]
[331, 0.185, 868, 5, 16]
[333, 0.412, 130, 4, 38]
[334, 0.464, 100, 5, 36]
[330, 0.714, 868, 5, 24]
[337, 0.101, 232, 5, 24]
[336, 0.23, 160, 5, 24]
[338, 0.143, 220, 5, 24]
[335, 0.443, 100, 5, 36]
[339, 0.177, 232, 5, 24]
[340, 0.224, 220, 5, 24]
[313, 4.348, 3404, 4, 38]
[342, 0.196, 868, 5, 16]
[341, 0.305, 616, 5, 16]
[343, 0.181, 856, 5, 16]
[346, 0.096, 256, 5, 16]
[344, 0.192, 142, 4, 28]
[347, 0.097, 352, 5, 16]
[348, 0.082, 352, 5, 16]
[349, 0.097, 352, 5, 16]
[345, 0.264, 160, 5, 24]
[351, 0.261, 160, 5, 24]
[353, 0.288, 160, 5, 24]
[352, 0.361, 160, 5, 24]
[356, 0.088, 352, 5, 16]
[354, 0.24, 160, 5, 24]
[355, 0.176, 352, 5, 16]
[359, 0.084, 496, 5, 16]
[358, 0.115, 496, 5, 16]
[350, 0.67, 160, 5, 48]
[362, 0.216, 784, 5, 16]
[357, 0.387, 496, 5, 24]
[360, 0.29, 1120, 5, 24]
[361, 0.286, 784, 5, 16]
[363, 0.246, 784, 5, 16]
[366, 0.245, 784, 5, 16]
[367, 0.114, 1078, 5, 16]
[364, 0.519, 490, 5, 24]
[368, 0.245, 1078, 5, 16]
[369, 0.189, 160, 5, 24]
[370, 0.105, 256, 5, 16]
[372, 0.154, 70, 3, 20]
[371, 0.223, 160, 5, 24]
[365, 0.781, 1120, 5, 24]
[375, 0.132, 184, 4, 20]
[374, 0.242, 142, 4, 28]
[376, 0.171, 136, 4, 20]
[377, 0.09, 184, 4, 20]
[373, 0.434, 130, 4, 38]
[379, 0.136, 136, 4, 20]
[378, 0.189, 208, 4, 28]
[381, 0.089, 184, 4, 20]
[380, 0.173, 136, 4, 20]
[382, 0.205, 46, 3, 26]
[385, 0.202, 154, 4, 28]
[384, 0.216, 112, 4, 28]
[383, 0.386, 130, 4, 38]
[386, 0.273, 160, 4, 38]
[388, 0.303, 250, 5, 36]
[389, 0.194, 160, 5, 24]
[391, 0.165, 70, 4, 24]
[390, 0.253, 160, 5, 24]
[387, 0.499, 256, 5, 36]
[392, 0.222, 160, 5, 24]
[394, 0.115, 232, 5, 24]
[395, 0.116, 220, 5, 24]
[393, 0.254, 160, 5, 24]
[396, 0.173, 220, 5, 24]
[398, 0.206, 160, 5, 24]
[399, 0.101, 232, 5, 24]
[400, 0.115, 220, 5, 24]
[401, 0.182, 232, 5, 24]
[402, 0.175, 220, 5, 24]
[397, 0.437, 100, 5, 36]
[403, 0.252, 160, 5, 24]
[404, 0.203, 160, 5, 24]
[406, 0.315, 1042, 5, 38]
[409, 0.079, 334, 5, 24]
[407, 0.317, 1042, 5, 38]
[408, 0.489, 1414, 5, 36]
[405, 2.292, 1534, 5, 60]
[413, 0.092, 232, 5, 24]
[410, 2.021, 1000, 5, 40]
[414, 0.101, 232, 5, 24]
[415, 0.123, 274, 4, 24]
[416, 0.153, 232, 5, 24]
[417, 0.13, 334, 5, 24]
[412, 2.035, 1534, 5, 60]
[418, 0.102, 112, 4, 16]
[420, 0.067, 352, 5, 16]
[419, 0.093, 256, 5, 16]
[422, 0.087, 256, 5, 16]
[423, 0.129, 352, 5, 16]
[421, 0.173, 256, 5, 16]
[426, 0.059, 352, 5, 16]
[424, 0.115, 352, 5, 16]
[425, 0.13, 256, 5, 16]
[427, 0.15, 352, 5, 16]
[429, 0.181, 544, 5, 20]
[428, 0.257, 352, 5, 16]
[430, 0.11, 736, 5, 20]
[432, 0.042, 496, 5, 16]
[431, 0.051, 352, 5, 16]
[433, 0.17, 352, 5, 16]
[434, 0.154, 256, 5, 16]
[437, 0.056, 352, 5, 16]
[436, 0.124, 256, 5, 16]
[435, 0.259, 160, 5, 24]
[438, 0.12, 352, 5, 16]
[439, 0.19, 256, 5, 16]
[440, 0.205, 256, 5, 16]
[442, 0.054, 352, 5, 16]
[441, 0.181, 1336, 5, 24]
[444, 0.044, 484, 5, 16]
[445, 0.078, 484, 5, 16]
[446, 0.046, 496, 5, 16]
[443, 0.168, 484, 5, 16]
[449, 0.09, 484, 5, 16]
[447, 0.191, 352, 5, 16]
[450, 0.103, 496, 5, 16]
[448, 0.278, 352, 5, 16]
[451, 0.093, 424, 4, 16]
[411, 3.851, 1354, 5, 40]
[452, 0.122, 352, 5, 16]
[454, 0.127, 496, 5, 16]
[455, 0.085, 496, 5, 16]
[458, 0.06, 352, 5, 16]
[453, 0.23, 496, 5, 24]
[456, 0.246, 352, 5, 16]
[460, 0.127, 136, 4, 20]
[459, 0.168, 136, 4, 20]
[457, 0.267, 352, 5, 16]
[461, 0.11, 256, 5, 16]
[464, 0.056, 352, 5, 16]
[463, 0.066, 352, 5, 16]
[462, 0.135, 256, 5, 16]
[465, 0.066, 352, 5, 16]
[468, 0.086, 256, 5, 16]
[466, 0.131, 352, 5, 16]
[471, 0.056, 352, 5, 16]
[467, 0.2, 160, 5, 24]
[469, 0.166, 256, 5, 16]
[470, 0.167, 256, 5, 16]
[472, 0.119, 352, 5, 16]
[474, 0.096, 352, 5, 16]
[473, 0.153, 352, 5, 16]
[477, 0.046, 484, 5, 16]
[475, 0.099, 256, 5, 16]
[478, 0.062, 352, 5, 16]
[481, 0.051, 352, 5, 16]
[479, 0.126, 484, 5, 16]
[476, 0.182, 256, 5, 16]
[480, 0.11, 352, 5, 16]
[484, 0.05, 496, 5, 16]
[483, 0.066, 352, 5, 16]
[485, 0.065, 352, 5, 16]
[486, 0.036, 496, 5, 16]
[487, 0.047, 154, 4, 16]
[489, 0.064, 352, 5, 16]
[490, 0.063, 352, 5, 16]
[491, 0.043, 484, 5, 16]
[482, 0.254, 496, 5, 24]
[494, 0.187, 352, 5, 16]
[493, 0.214, 352, 5, 16]
[492, 0.459, 490, 4, 20]
[488, 0.661, 1372, 5, 30]
[497, 0.335, 580, 4, 20]
[496, 0.564, 484, 4, 20]
[498, 0.265, 352, 5, 16]
[500, 0.278, 688, 5, 24]
[495, 0.855, 2302, 5, 28]
[499, 0.427, 220, 5, 24]
[502, 0.246, 352, 5, 16]
[503, 0.303, 352, 5, 16]
[505, 0.202, 352, 5, 16]
[506, 0.191, 352, 5, 16]
[507, 0.1, 484, 5, 16]
[508, 0.102, 484, 5, 16]
[504, 0.442, 484, 5, 16]
[509, 0.152, 496, 5, 16]
[510, 0.143, 592, 4, 16]
[501, 1.054, 2302, 5, 28]
[512, 0.087, 496, 5, 16]
[513, 0.087, 496, 5, 16]
[514, 0.069, 706, 5, 16]
[517, 0.108, 484, 5, 16]
[518, 0.057, 484, 5, 16]
[516, 0.209, 700, 5, 24]
[515, 0.288, 496, 5, 24]
[519, 0.059, 352, 5, 16]
[520, 0.067, 352, 5, 16]
[521, 0.054, 484, 5, 16]
[522, 0.058, 496, 5, 16]
[523, 0.184, 484, 5, 16]
[524, 0.187, 484, 5, 16]
[526, 0.091, 496, 5, 16]
[527, 0.077, 496, 5, 16]
[525, 0.267, 352, 5, 16]
[530, 0.1, 706, 5, 16]
[529, 0.156, 496, 5, 16]
[532, 0.079, 706, 5, 16]
[531, 0.173, 496, 5, 16]
[534, 0.114, 70, 3, 20]
[533, 0.174, 70, 3, 20]
[528, 0.468, 700, 5, 24]
[537, 0.104, 136, 4, 20]
[535, 0.344, 142, 4, 28]
[538, 0.188, 136, 4, 20]
[536, 0.454, 130, 4, 38]
[540, 0.117, 136, 4, 20]
[539, 0.162, 208, 4, 28]
[541, 0.127, 136, 4, 20]
[542, 0.152, 184, 4, 20]
[543, 0.138, 184, 4, 20]
[545, 0.092, 184, 4, 20]
[546, 0.081, 262, 4, 20]
[548, 0.063, 262, 4, 20]
[547, 0.086, 184, 4, 20]
[544, 0.385, 271, 4, 38]
[550, 0.22, 256, 5, 24]
[552, 0.153, 112, 4, 16]
[551, 0.314, 352, 5, 24]
[553, 0.119, 256, 5, 16]
[549, 0.546, 256, 5, 40]
[554, 0.075, 352, 5, 16]
[556, 0.079, 352, 5, 16]
[555, 0.131, 352, 5, 16]
[557, 0.115, 352, 5, 16]
[558, 0.07, 352, 5, 16]
[559, 0.075, 496, 5, 16]
[561, 0.246, 112, 4, 28]
[560, 0.311, 112, 4, 28]
[562, 0.54, 184, 5, 36]
[563, 0.319, 160, 5, 24]
[564, 0.268, 160, 5, 24]
[566, 0.125, 232, 5, 24]
[565, 0.14, 220, 5, 24]
[567, 0.193, 232, 5, 24]
[569, 0.143, 352, 5, 16]
[568, 0.156, 256, 5, 16]
[570, 0.07, 352, 5, 16]
[571, 0.103, 256, 5, 16]
[573, 0.137, 256, 5, 16]
[572, 0.187, 160, 5, 24]
[575, 0.113, 256, 5, 16]
[574, 0.168, 256, 5, 16]
[576, 0.184, 256, 5, 16]
[577, 0.135, 352, 5, 16]
[580, 0.063, 352, 5, 16]
[581, 0.125, 424, 4, 16]
[582, 0.061, 352, 5, 16]
[511, 4.387, 3400, 5, 44]
[583, 0.145, 484, 5, 16]
[584, 0.054, 496, 5, 16]
[585, 0.059, 352, 5, 16]
[587, 0.061, 352, 5, 16]
[588, 0.084, 496, 5, 16]
[586, 0.266, 496, 5, 24]
[589, 0.227, 352, 5, 16]
[579, 0.876, 1900, 5, 36]
[591, 0.103, 496, 5, 16]
[592, 0.115, 256, 5, 16]
[590, 0.27, 352, 5, 16]
[593, 0.066, 352, 5, 16]
[594, 0.129, 352, 5, 16]
[578, 1.246, 1774, 5, 24]
[596, 0.141, 256, 5, 16]
[597, 0.074, 352, 5, 16]
[595, 0.201, 160, 5, 24]
[598, 0.086, 256, 5, 16]
[600, 0.109, 352, 5, 16]
[601, 0.087, 352, 5, 16]
[599, 0.144, 256, 5, 16]
[604, 0.055, 484, 5, 16]
[603, 0.123, 352, 5, 16]
[602, 0.223, 496, 5, 24]
[605, 0.125, 352, 5, 16]
[606, 0.112, 484, 5, 16]
[608, 0.044, 352, 5, 16]
[607, 0.066, 352, 5, 16]
[611, 0.048, 496, 5, 16]
[610, 0.064, 352, 5, 16]
[612, 0.06, 352, 5, 16]
[609, 0.263, 496, 5, 24]
[616, 0.249, 496, 5, 24]
[617, 0.057, 484, 5, 16]
[618, 0.116, 484, 5, 16]
[615, 0.97, 1936, 5, 36]
[613, 1.023, 1936, 5, 36]
[619, 0.449, 574, 4, 28]
[622, 0.2, 496, 5, 24]
[621, 0.282, 496, 5, 24]
[620, 0.403, 574, 4, 28]
[624, 0.13, 700, 5, 24]
[623, 0.208, 700, 5, 24]
[626, 0.06, 352, 5, 16]
[625, 0.111, 220, 5, 24]
[627, 0.05, 484, 5, 16]
[630, 0.053, 484, 5, 16]
[631, 0.043, 496, 5, 16]
[629, 0.153, 352, 5, 16]
[632, 0.044, 496, 5, 16]
[628, 0.199, 484, 5, 16]
[635, 0.053, 496, 5, 16]
[634, 0.099, 496, 5, 16]
[633, 0.124, 700, 5, 24]
[636, 0.116, 352, 5, 16]
[637, 0.099, 220, 5, 24]
[638, 0.112, 484, 5, 16]
[639, 0.067, 352, 5, 16]
[641, 0.051, 496, 5, 16]
[640, 0.111, 352, 5, 16]
[643, 0.047, 496, 5, 16]
[642, 0.171, 700, 5, 24]
[646, 0.349, 220, 5, 48]
[644, 0.57, 88, 4, 66]
[645, 0.623, 160, 5, 48]
[647, 0.229, 160, 5, 24]
[650, 0.092, 232, 5, 24]
[648, 0.352, 100, 5, 36]
[649, 0.382, 328, 5, 36]
[651, 0.224, 334, 5, 24]
[614, 3.098, 2815, 5, 72]
[654, 0.094, 232, 5, 24]
[652, 0.22, 334, 5, 24]
[655, 0.058, 496, 5, 16]
[657, 0.05, 352, 5, 16]
[656, 0.116, 496, 5, 16]
[653, 0.229, 334, 5, 24]
[658, 0.137, 496, 5, 16]
[661, 0.072, 616, 5, 16]
[659, 0.284, 160, 5, 24]
[660, 0.282, 352, 5, 16]
COMPLETE 662
